Archive member included because of file (symbol)

c:/freescale/kds_v3/toolchain/bin/../lib/gcc/arm-none-eabi/4.8.4/armv6-m\libgcc.a(_udivsi3.o)
                              ./SDK/platform/utilities/src/print_scan.o (__aeabi_uidiv)
c:/freescale/kds_v3/toolchain/bin/../lib/gcc/arm-none-eabi/4.8.4/armv6-m\libgcc.a(_divsi3.o)
                              ./SDK/platform/utilities/src/print_scan.o (__aeabi_idiv)
c:/freescale/kds_v3/toolchain/bin/../lib/gcc/arm-none-eabi/4.8.4/armv6-m\libgcc.a(_dvmd_tls.o)
                              c:/freescale/kds_v3/toolchain/bin/../lib/gcc/arm-none-eabi/4.8.4/armv6-m\libgcc.a(_udivsi3.o) (__aeabi_idiv0)
c:/freescale/kds_v3/toolchain/bin/../lib/gcc/arm-none-eabi/4.8.4/../../../../arm-none-eabi/lib/armv6-m\libg_s.a(lib_a-assert.o)
                              ./Sources/peripherals/RGB_LED/ledrgb_hal.o (__assert_func)
c:/freescale/kds_v3/toolchain/bin/../lib/gcc/arm-none-eabi/4.8.4/../../../../arm-none-eabi/lib/armv6-m\libg_s.a(lib_a-errno.o)
                              ./SDK/platform/utilities/src/fsl_misc_utilities.o (__errno)
c:/freescale/kds_v3/toolchain/bin/../lib/gcc/arm-none-eabi/4.8.4/../../../../arm-none-eabi/lib/armv6-m\libg_s.a(lib_a-exit.o)
                              c:/freescale/kds_v3/toolchain/bin/../lib/gcc/arm-none-eabi/4.8.4/../../../../arm-none-eabi/lib/armv6-m/crt0.o (exit)
c:/freescale/kds_v3/toolchain/bin/../lib/gcc/arm-none-eabi/4.8.4/../../../../arm-none-eabi/lib/armv6-m\libg_s.a(lib_a-fprintf.o)
                              c:/freescale/kds_v3/toolchain/bin/../lib/gcc/arm-none-eabi/4.8.4/../../../../arm-none-eabi/lib/armv6-m\libg_s.a(lib_a-assert.o) (fiprintf)
c:/freescale/kds_v3/toolchain/bin/../lib/gcc/arm-none-eabi/4.8.4/../../../../arm-none-eabi/lib/armv6-m\libg_s.a(lib_a-impure.o)
                              c:/freescale/kds_v3/toolchain/bin/../lib/gcc/arm-none-eabi/4.8.4/../../../../arm-none-eabi/lib/armv6-m\libg_s.a(lib_a-exit.o) (_global_impure_ptr)
c:/freescale/kds_v3/toolchain/bin/../lib/gcc/arm-none-eabi/4.8.4/../../../../arm-none-eabi/lib/armv6-m\libg_s.a(lib_a-init.o)
                              c:/freescale/kds_v3/toolchain/bin/../lib/gcc/arm-none-eabi/4.8.4/../../../../arm-none-eabi/lib/armv6-m/crt0.o (__libc_init_array)
c:/freescale/kds_v3/toolchain/bin/../lib/gcc/arm-none-eabi/4.8.4/../../../../arm-none-eabi/lib/armv6-m\libg_s.a(lib_a-malloc.o)
                              ./SDK/rtos/FreeRTOS/src/heap_3.o (malloc)
c:/freescale/kds_v3/toolchain/bin/../lib/gcc/arm-none-eabi/4.8.4/../../../../arm-none-eabi/lib/armv6-m\libg_s.a(lib_a-memcpy-stub.o)
                              ./SDK/rtos/FreeRTOS/src/queue.o (memcpy)
c:/freescale/kds_v3/toolchain/bin/../lib/gcc/arm-none-eabi/4.8.4/../../../../arm-none-eabi/lib/armv6-m\libg_s.a(lib_a-memset.o)
                              c:/freescale/kds_v3/toolchain/bin/../lib/gcc/arm-none-eabi/4.8.4/../../../../arm-none-eabi/lib/armv6-m/crt0.o (memset)
c:/freescale/kds_v3/toolchain/bin/../lib/gcc/arm-none-eabi/4.8.4/../../../../arm-none-eabi/lib/armv6-m\libg_s.a(lib_a-nano-freer.o)
                              c:/freescale/kds_v3/toolchain/bin/../lib/gcc/arm-none-eabi/4.8.4/../../../../arm-none-eabi/lib/armv6-m\libg_s.a(lib_a-malloc.o) (_free_r)
c:/freescale/kds_v3/toolchain/bin/../lib/gcc/arm-none-eabi/4.8.4/../../../../arm-none-eabi/lib/armv6-m\libg_s.a(lib_a-nano-mallocr.o)
                              c:/freescale/kds_v3/toolchain/bin/../lib/gcc/arm-none-eabi/4.8.4/../../../../arm-none-eabi/lib/armv6-m\libg_s.a(lib_a-malloc.o) (_malloc_r)
c:/freescale/kds_v3/toolchain/bin/../lib/gcc/arm-none-eabi/4.8.4/../../../../arm-none-eabi/lib/armv6-m\libg_s.a(lib_a-sbrkr.o)
                              c:/freescale/kds_v3/toolchain/bin/../lib/gcc/arm-none-eabi/4.8.4/../../../../arm-none-eabi/lib/armv6-m\libg_s.a(lib_a-nano-mallocr.o) (_sbrk_r)
c:/freescale/kds_v3/toolchain/bin/../lib/gcc/arm-none-eabi/4.8.4/../../../../arm-none-eabi/lib/armv6-m\libg_s.a(lib_a-setjmp.o)
                              ./SDK/rtos/FreeRTOS/port/gcc/port.o (setjmp)
c:/freescale/kds_v3/toolchain/bin/../lib/gcc/arm-none-eabi/4.8.4/../../../../arm-none-eabi/lib/armv6-m\libg_s.a(lib_a-strlen.o)
                              ./SDK/platform/utilities/src/print_scan.o (strlen)
c:/freescale/kds_v3/toolchain/bin/../lib/gcc/arm-none-eabi/4.8.4/../../../../arm-none-eabi/lib/armv6-m\libg_s.a(lib_a-vfprintf.o)
                              c:/freescale/kds_v3/toolchain/bin/../lib/gcc/arm-none-eabi/4.8.4/../../../../arm-none-eabi/lib/armv6-m\libg_s.a(lib_a-fprintf.o) (_vfprintf_r)
c:/freescale/kds_v3/toolchain/bin/../lib/gcc/arm-none-eabi/4.8.4/../../../../arm-none-eabi/lib/armv6-m\libg_s.a(lib_a-vfprintf_i.o)
                              c:/freescale/kds_v3/toolchain/bin/../lib/gcc/arm-none-eabi/4.8.4/../../../../arm-none-eabi/lib/armv6-m\libg_s.a(lib_a-vfprintf.o) (_printf_i)
c:/freescale/kds_v3/toolchain/bin/../lib/gcc/arm-none-eabi/4.8.4/../../../../arm-none-eabi/lib/armv6-m\libg_s.a(lib_a-wbuf.o)
[...]
Memory Configuration

Name             Origin             Length             Attributes
m_interrupts     0x00000000         0x00000200         xr
m_flash_config   0x00000400         0x00000010         xr
m_interrupts_ram 0x1ffff000         0x00000200         rw
m_text           0x00000410         0x0001fbf0         xr
m_data           0x1ffff200         0x00003e00         rw
*default*        0x00000000         0xffffffff

Linker script and memory map

LOAD c:/freescale/kds_v3/toolchain/bin/../lib/gcc/arm-none-eabi/4.8.4/armv6-m/crti.o
LOAD c:/freescale/kds_v3/toolchain/bin/../lib/gcc/arm-none-eabi/4.8.4/armv6-m/crtbegin.o
LOAD c:/freescale/kds_v3/toolchain/bin/../lib/gcc/arm-none-eabi/4.8.4/../../../../arm-none-eabi/lib/armv6-m/crt0.o
LOAD ./Static_Code/System/PE_low_level_init.o
LOAD ./Sources/scheduler/src/scheduler.o
LOAD ./Sources/peripherals/RGB_LED/ledrgb_hal.o
LOAD ./Sources/osa_ex/src/fsl_os_abstraction_ex_bm.o
LOAD ./Sources/osa_ex/src/fsl_os_abstraction_ex_free_rtos.o
LOAD ./Sources/osa_ex/src/fsl_os_abstraction_ex_mqx.o
LOAD ./Sources/osa_ex/src/fsl_os_abstraction_ex_ucosii.o
LOAD ./Sources/osa_ex/src/fsl_os_abstraction_ex_ucosiii.o
LOAD ./Sources/Events.o
LOAD ./Sources/main.o
LOAD ./Sources/os_tasks.o
LOAD ./Sources/rtos_main_task.o
LOAD ./SDK/rtos/FreeRTOS/src/croutine.o
LOAD ./SDK/rtos/FreeRTOS/src/event_groups.o
LOAD ./SDK/rtos/FreeRTOS/src/heap_1.o
LOAD ./SDK/rtos/FreeRTOS/src/heap_2.o
LOAD ./SDK/rtos/FreeRTOS/src/heap_3.o
LOAD ./SDK/rtos/FreeRTOS/src/heap_4.o
LOAD ./SDK/rtos/FreeRTOS/src/heap_5.o
LOAD ./SDK/rtos/FreeRTOS/src/list.o
LOAD ./SDK/rtos/FreeRTOS/src/queue.o
LOAD ./SDK/rtos/FreeRTOS/src/tasks.o
LOAD ./SDK/rtos/FreeRTOS/src/timers.o
LOAD ./SDK/rtos/FreeRTOS/port/gcc/port.o
LOAD ./SDK/rtos/FreeRTOS/port/gcc/portasm.o
LOAD ./SDK/platform/utilities/src/fsl_debug_console.o
LOAD ./SDK/platform/utilities/src/fsl_misc_utilities.o
LOAD ./SDK/platform/utilities/src/print_scan.o
LOAD ./SDK/platform/system/src/interrupt/fsl_interrupt_manager.o
LOAD ./SDK/platform/system/src/clock/MKL25Z4/fsl_clock_MKL25Z4.o
LOAD ./SDK/platform/system/src/clock/fsl_clock_manager.o
LOAD ./SDK/platform/system/src/clock/fsl_clock_manager_common.o
LOAD ./SDK/platform/osa/src/fsl_os_abstraction_free_rtos.o
LOAD ./SDK/platform/hal/src/uart/fsl_uart_hal.o
LOAD ./SDK/platform/hal/src/tpm/fsl_tpm_hal.o
LOAD ./SDK/platform/hal/src/sim/MKL25Z4/fsl_sim_hal_MKL25Z4.o
LOAD ./SDK/platform/hal/src/rtc/fsl_rtc_hal.o
LOAD ./SDK/platform/hal/src/port/fsl_port_hal.o
LOAD ./SDK/platform/hal/src/osc/fsl_osc_hal.o
LOAD ./SDK/platform/hal/src/mcg/fsl_mcg_hal.o
LOAD ./SDK/platform/hal/src/mcg/fsl_mcg_hal_modes.o
LOAD ./SDK/platform/hal/src/lpsci/fsl_lpsci_hal.o
LOAD ./SDK/platform/hal/src/gpio/fsl_gpio_hal.o
LOAD ./SDK/platform/drivers/src/tpm/fsl_tpm_common.o
LOAD ./SDK/platform/drivers/src/tpm/fsl_tpm_driver.o
LOAD ./SDK/platform/drivers/src/rtc/fsl_rtc_common.o
LOAD ./SDK/platform/drivers/src/gpio/fsl_gpio_common.o
LOAD ./SDK/platform/drivers/src/gpio/fsl_gpio_driver.o
LOAD ./SDK/platform/devices/MKL25Z4/startup/gcc/startup_MKL25Z4.o
LOAD ./SDK/platform/devices/MKL25Z4/startup/system_MKL25Z4.o
LOAD ./SDK/platform/devices/startup.o
LOAD ./Generated_Code/Cpu.o
LOAD ./Generated_Code/DbgCs1.o
LOAD ./Generated_Code/MainTask.o
LOAD ./Generated_Code/Task10Hz.o
LOAD ./Generated_Code/Task1Hz.o
LOAD ./Generated_Code/Task25Hz.o
LOAD ./Generated_Code/Task2Hz.o
LOAD ./Generated_Code/Task50Hz.o
LOAD ./Generated_Code/clockMan1.o
LOAD ./Generated_Code/free_rtos.o
LOAD ./Generated_Code/gpio1.o
LOAD ./Generated_Code/hardware_init.o
LOAD ./Generated_Code/osa1.o
LOAD ./Generated_Code/pin_init.o
LOAD ./Generated_Code/tpmTmr1.o
LOAD c:/freescale/kds_v3/toolchain/bin/../lib/gcc/arm-none-eabi/4.8.4/../../../../arm-none-eabi/lib/armv6-m\libstdc++_s.a
LOAD c:/freescale/kds_v3/toolchain/bin/../lib/gcc/arm-none-eabi/4.8.4/../../../../arm-none-eabi/lib/armv6-m\libm.a
START GROUP
LOAD c:/freescale/kds_v3/toolchain/bin/../lib/gcc/arm-none-eabi/4.8.4/armv6-m\libgcc.a
LOAD c:/freescale/kds_v3/toolchain/bin/../lib/gcc/arm-none-eabi/4.8.4/../../../../arm-none-eabi/lib/armv6-m\libg_s.a
LOAD c:/freescale/kds_v3/toolchain/bin/../lib/gcc/arm-none-eabi/4.8.4/../../../../arm-none-eabi/lib/armv6-m\libc_s.a
END GROUP
START GROUP
LOAD c:/freescale/kds_v3/toolchain/bin/../lib/gcc/arm-none-eabi/4.8.4/armv6-m\libgcc.a
LOAD c:/freescale/kds_v3/toolchain/bin/../lib/gcc/arm-none-eabi/4.8.4/../../../../arm-none-eabi/lib/armv6-m\libc_s.a
LOAD c:/freescale/kds_v3/toolchain/bin/../lib/gcc/arm-none-eabi/4.8.4/../../../../arm-none-eabi/lib/armv6-m\libnosys.a
END GROUP
START GROUP
LOAD c:/freescale/kds_v3/toolchain/bin/../lib/gcc/arm-none-eabi/4.8.4/armv6-m\libgcc.a
LOAD c:/freescale/kds_v3/toolchain/bin/../lib/gcc/arm-none-eabi/4.8.4/../../../../arm-none-eabi/lib/armv6-m\libc_s.a
LOAD c:/freescale/kds_v3/toolchain/bin/../lib/gcc/arm-none-eabi/4.8.4/../../../../arm-none-eabi/lib/armv6-m\libnosys.a
END GROUP
LOAD c:/freescale/kds_v3/toolchain/bin/../lib/gcc/arm-none-eabi/4.8.4/armv6-m/crtend.o
LOAD c:/freescale/kds_v3/toolchain/bin/../lib/gcc/arm-none-eabi/4.8.4/armv6-m/crtn.o
                0x00002000                HEAP_SIZE = DEFINED (__heap_size__)?__heap_size__:0x2000
                0x00000400                STACK_SIZE = DEFINED (__stack_size__)?__stack_size__:0x400

.interrupts     0x00000000       0xc0
                0x00000000                __VECTOR_TABLE = .
                0x00000000                . = ALIGN (0x4)
 *(.isr_vector)
 .isr_vector    0x00000000       0xc0 ./SDK/platform/devices/MKL25Z4/startup/gcc/startup_MKL25Z4.o
                0x00000000                __isr_vector
                0x000000c0                . = ALIGN (0x4)
                0x1ffff000                __VECTOR_RAM = ORIGIN (m_interrupts_ram)

.flash_config   0x00000400       0x10
                0x00000400                . = ALIGN (0x4)
 *(.FlashConfig)
 .FlashConfig   0x00000400       0x10 ./SDK/platform/devices/MKL25Z4/startup/gcc/startup_MKL25Z4.o
                0x00000410                . = ALIGN (0x4)

.text           0x00000410     0x6678
                0x00000410                . = ALIGN (0x4)
 *(.text)
 .text          0x00000410       0x60 c:/freescale/kds_v3/toolchain/bin/../lib/gcc/arm-none-eabi/4.8.4/armv6-m/crtbegin.o
 .text          0x00000470       0x78 c:/freescale/kds_v3/toolchain/bin/../lib/gcc/arm-none-eabi/4.8.4/../../../../arm-none-eabi/lib/armv6-m/crt0.o
                0x00000470                _start
                0x00000470                _mainCRTStartup
 .text          0x000004e8       0x18 ./SDK/platform/devices/MKL25Z4/startup/gcc/startup_MKL25Z4.o
                0x000004e8                Reset_Handler
                0x000004f8                HardFault_Handler
                0x000004f8                NMI_Handler
                0x000004f8                I2C1_IRQHandler
                0x000004f8                UART1_IRQHandler
                0x000004f8                DMA2_IRQHandler
                0x000004f8                LLWU_IRQHandler
                0x000004f8                TSI0_IRQHandler
                0x000004f8                UART0_IRQHandler
                0x000004f8                ADC0_IRQHandler
                0x000004f8                Reserved39_IRQHandler
                0x000004f8                SPI1_IRQHandler
                0x000004f8                DefaultISR
                0x000004f8                PORTD_IRQHandler
                0x000004f8                TPM2_IRQHandler
                0x000004f8                RTC_IRQHandler
                0x000004f8                I2C0_IRQHandler
                0x000004f8                RTC_Seconds_IRQHandler
                0x000004f8                MCG_IRQHandler
                0x000004f8                UART2_IRQHandler
                0x000004f8                Reserved20_IRQHandler
                0x000004f8                USB0_IRQHandler
                0x000004f8                PIT_IRQHandler
                0x000004f8                DMA3_IRQHandler
                0x000004f8                DMA0_IRQHandler
                0x000004f8                DAC0_IRQHandler
                0x000004f8                Reserved45_IRQHandler
                0x000004f8                TPM1_IRQHandler
                0x000004f8                LVD_LVW_IRQHandler
                0x000004f8                SPI0_IRQHandler
                0x000004f8                PORTA_IRQHandler
                0x000004f8                FTFA_IRQHandler
                0x000004f8                LPTMR0_IRQHandler
                0x000004f8                CMP0_IRQHandler
                0x000004f8                DMA1_IRQHandler
 .text          0x00000500       0x9c c:/freescale/kds_v3/toolchain/bin/../lib/gcc/arm-none-eabi/4.8.4/armv6-m\libgcc.a(_udivsi3.o)
                0x00000500                __aeabi_uidiv
                0x00000500                __udivsi3
                0x00000588                __aeabi_uidivmod
 .text          0x0000059c        0x4 c:/freescale/kds_v3/toolchain/bin/../lib/gcc/arm-none-eabi/4.8.4/armv6-m\libgcc.a(_dvmd_tls.o)
                0x0000059c                __aeabi_idiv0
                0x0000059c                __aeabi_ldiv0
 .text          0x000005a0       0x34 c:/freescale/kds_v3/toolchain/bin/../lib/gcc/arm-none-eabi/4.8.4/../../../../arm-none-eabi/lib/armv6-m\libg_s.a(lib_a-setjmp.o)
                0x000005a0                setjmp
                0x000005b8                longjmp
 *(.text*)
 .text.PEX_components_init
                0x000005d4        0xc ./Static_Code/System/PE_low_level_init.o
                0x000005d4                PEX_components_init
 .text.PE_low_level_init
                0x000005e0       0x10 ./Static_Code/System/PE_low_level_init.o
                0x000005e0                PE_low_level_init
 .text.scheduler_setup
                0x000005f0       0x70 ./Sources/scheduler/src/scheduler.o
                0x000005f0                scheduler_setup
 .text.scheduler_task_pSemaphore
                0x00000660       0x20 ./Sources/scheduler/src/scheduler.o
                0x00000660                scheduler_task_pSemaphore
 .text.scheduler_task_pTimer_division
                0x00000680       0x20 ./Sources/scheduler/src/scheduler.o
                0x00000680                scheduler_task_pTimer_division
 .text.PORT_HAL_SetMuxMode
                0x000006a0       0x4c ./Sources/peripherals/RGB_LED/ledrgb_hal.o
 .text.GPIO_HAL_SetPinOutput
                0x000006ec       0x3c ./Sources/peripherals/RGB_LED/ledrgb_hal.o
 .text.GPIO_HAL_ClearPinOutput
                0x00000728       0x3c ./Sources/peripherals/RGB_LED/ledrgb_hal.o
 .text.ledrgb_init
                0x00000764       0x78 ./Sources/peripherals/RGB_LED/ledrgb_hal.o
                0x00000764                ledrgb_init
 .text.ledrgb_clearRedLed
                0x000007dc       0x18 ./Sources/peripherals/RGB_LED/ledrgb_hal.o
                0x000007dc                ledrgb_clearRedLed
 .text.ledrgb_setRedLed
                0x000007f4       0x18 ./Sources/peripherals/RGB_LED/ledrgb_hal.o
                0x000007f4                ledrgb_setRedLed
 .text.ledrgb_clearGreenLed
                0x0000080c       0x18 ./Sources/peripherals/RGB_LED/ledrgb_hal.o
                0x0000080c                ledrgb_clearGreenLed
 .text.ledrgb_clearBlueLed
                0x00000824       0x18 ./Sources/peripherals/RGB_LED/ledrgb_hal.o
                0x00000824                ledrgb_clearBlueLed
 .text.OSA_BinarySemaCreate
                0x0000083c       0x50 ./Sources/osa_ex/src/fsl_os_abstraction_ex_free_rtos.o
                0x0000083c                OSA_BinarySemaCreate
 .text.TPM0_IRQHandler
                0x0000088c       0x28 ./Sources/Events.o
                0x0000088c                TPM0_IRQHandler
 .text.main     0x000008b4       0x30 ./Sources/main.o
                0x000008b4                main
 .text.Task1Hz_task
                0x000008e4       0x3c ./Sources/os_tasks.o
                0x000008e4                Task1Hz_task
 .text.Task2Hz_task
                0x00000920       0x34 ./Sources/os_tasks.o
                0x00000920                Task2Hz_task
 .text.Task10Hz_task
                0x00000954       0x30 ./Sources/os_tasks.o
                0x00000954                Task10Hz_task
 .text.Task25Hz_task
                0x00000984       0x30 ./Sources/os_tasks.o
                0x00000984                Task25Hz_task
 .text.Task50Hz_task
                0x000009b4       0x30 ./Sources/os_tasks.o
                0x000009b4                Task50Hz_task
 .text.Sched_Error_Catch
                0x000009e4       0x14 ./Sources/os_tasks.o
                0x000009e4                Sched_Error_Catch
 .text.main_task
                0x000009f8       0xb4 ./Sources/rtos_main_task.o
                0x000009f8                main_task
 .text.pvPortMalloc
                0x00000aac       0x28 ./SDK/rtos/FreeRTOS/src/heap_3.o
                0x00000aac                pvPortMalloc
 .text.vPortFree
                0x00000ad4       0x24 ./SDK/rtos/FreeRTOS/src/heap_3.o
                0x00000ad4                vPortFree
 .text.vListInitialise
                0x00000af8       0x3c ./SDK/rtos/FreeRTOS/src/list.o
                0x00000af8                vListInitialise
 .text.vListInitialiseItem
                0x00000b34       0x14 ./SDK/rtos/FreeRTOS/src/list.o
                0x00000b34                vListInitialiseItem
 .text.vListInsertEnd
                0x00000b48       0x44 ./SDK/rtos/FreeRTOS/src/list.o
                0x00000b48                vListInsertEnd
 .text.vListInsert
                0x00000b8c       0x6c ./SDK/rtos/FreeRTOS/src/list.o
                0x00000b8c                vListInsert
 .text.uxListRemove
                0x00000bf8       0x50 ./SDK/rtos/FreeRTOS/src/list.o
                0x00000bf8                uxListRemove
 .text.xQueueGenericReset
                0x00000c48       0xac ./SDK/rtos/FreeRTOS/src/queue.o
                0x00000c48                xQueueGenericReset
 .text.xQueueGenericCreate
                0x00000cf4       0x94 ./SDK/rtos/FreeRTOS/src/queue.o
                0x00000cf4                xQueueGenericCreate
 .text.xQueueGenericSend
                0x00000d88      0x198 ./SDK/rtos/FreeRTOS/src/queue.o
                0x00000d88                xQueueGenericSend
 .text.xQueueGenericSendFromISR
                0x00000f20       0xd8 ./SDK/rtos/FreeRTOS/src/queue.o
                0x00000f20                xQueueGenericSendFromISR
 .text.xQueueGiveFromISR
                0x00000ff8       0x9c ./SDK/rtos/FreeRTOS/src/queue.o
                0x00000ff8                xQueueGiveFromISR
 .text.xQueueGenericReceive
                0x00001094      0x1c4 ./SDK/rtos/FreeRTOS/src/queue.o
                0x00001094                xQueueGenericReceive
 .text.prvCopyDataToQueue
                0x00001258       0xe0 ./SDK/rtos/FreeRTOS/src/queue.o
 .text.prvCopyDataFromQueue
                0x00001338       0x50 ./SDK/rtos/FreeRTOS/src/queue.o
 .text.prvUnlockQueue
                0x00001388       0x98 ./SDK/rtos/FreeRTOS/src/queue.o
 .text.prvIsQueueEmpty
                0x00001420       0x2c ./SDK/rtos/FreeRTOS/src/queue.o
 .text.prvIsQueueFull
                0x0000144c       0x30 ./SDK/rtos/FreeRTOS/src/queue.o
 .text.vQueueWaitForMessageRestricted
                0x0000147c       0x58 ./SDK/rtos/FreeRTOS/src/queue.o
                0x0000147c                vQueueWaitForMessageRestricted
 .text.xTaskGenericCreate
                0x000014d4      0x170 ./SDK/rtos/FreeRTOS/src/tasks.o
                0x000014d4                xTaskGenericCreate
 .text.vTaskDelay
                0x00001644       0x68 ./SDK/rtos/FreeRTOS/src/tasks.o
                0x00001644                vTaskDelay
 .text.vTaskStartScheduler
                0x000016ac       0x78 ./SDK/rtos/FreeRTOS/src/tasks.o
                0x000016ac                vTaskStartScheduler
 .text.vTaskSuspendAll
                0x00001724       0x18 ./SDK/rtos/FreeRTOS/src/tasks.o
                0x00001724                vTaskSuspendAll
 .text.xTaskResumeAll
                0x0000173c      0x10c ./SDK/rtos/FreeRTOS/src/tasks.o
                0x0000173c                xTaskResumeAll
 .text.xTaskGetTickCount
                0x00001848       0x24 ./SDK/rtos/FreeRTOS/src/tasks.o
                0x00001848                xTaskGetTickCount
 .text.xTaskIncrementTick
                0x0000186c      0x16c ./SDK/rtos/FreeRTOS/src/tasks.o
                0x0000186c                xTaskIncrementTick
 .text.vTaskSwitchContext
                0x000019d8       0xa0 ./SDK/rtos/FreeRTOS/src/tasks.o
                0x000019d8                vTaskSwitchContext
 .text.vTaskPlaceOnEventList
                0x00001a78       0x70 ./SDK/rtos/FreeRTOS/src/tasks.o
                0x00001a78                vTaskPlaceOnEventList
 .text.vTaskPlaceOnEventListRestricted
                0x00001ae8       0x54 ./SDK/rtos/FreeRTOS/src/tasks.o
                0x00001ae8                vTaskPlaceOnEventListRestricted
 .text.xTaskRemoveFromEventList
                0x00001b3c       0xb8 ./SDK/rtos/FreeRTOS/src/tasks.o
                0x00001b3c                xTaskRemoveFromEventList
 .text.vTaskSetTimeOutState
                0x00001bf4       0x34 ./SDK/rtos/FreeRTOS/src/tasks.o
                0x00001bf4                vTaskSetTimeOutState
 .text.xTaskCheckForTimeOut
                0x00001c28       0xa0 ./SDK/rtos/FreeRTOS/src/tasks.o
                0x00001c28                xTaskCheckForTimeOut
 .text.vTaskMissedYield
                0x00001cc8       0x14 ./SDK/rtos/FreeRTOS/src/tasks.o
                0x00001cc8                vTaskMissedYield
 .text.prvIdleTask
                0x00001cdc       0x20 ./SDK/rtos/FreeRTOS/src/tasks.o
 .text.prvInitialiseTCBVariables
                0x00001cfc       0xa4 ./SDK/rtos/FreeRTOS/src/tasks.o
 .text.prvInitialiseTaskLists
                0x00001da0       0x88 ./SDK/rtos/FreeRTOS/src/tasks.o
 .text.prvCheckTasksWaitingTermination
                0x00001e28       0x74 ./SDK/rtos/FreeRTOS/src/tasks.o
 .text.prvAddCurrentTaskToDelayedList
                0x00001e9c       0x6c ./SDK/rtos/FreeRTOS/src/tasks.o
 .text.prvAllocateTCBAndStack
                0x00001f08       0x78 ./SDK/rtos/FreeRTOS/src/tasks.o
 .text.prvDeleteTCB
                0x00001f80       0x20 ./SDK/rtos/FreeRTOS/src/tasks.o
 .text.prvResetNextTaskUnblockTime
                0x00001fa0       0x44 ./SDK/rtos/FreeRTOS/src/tasks.o
 .text.xTaskGetSchedulerState
                0x00001fe4       0x38 ./SDK/rtos/FreeRTOS/src/tasks.o
                0x00001fe4                xTaskGetSchedulerState
 .text.vTaskPriorityInherit
                0x0000201c       0xbc ./SDK/rtos/FreeRTOS/src/tasks.o
                0x0000201c                vTaskPriorityInherit
 .text.xTaskPriorityDisinherit
                0x000020d8       0xa8 ./SDK/rtos/FreeRTOS/src/tasks.o
                0x000020d8                xTaskPriorityDisinherit
 .text.pvTaskIncrementMutexHeldCount
                0x00002180       0x24 ./SDK/rtos/FreeRTOS/src/tasks.o
                0x00002180                pvTaskIncrementMutexHeldCount
 .text.xTimerCreateTimerTask
                0x000021a4       0x5c ./SDK/rtos/FreeRTOS/src/timers.o
                0x000021a4                xTimerCreateTimerTask
 .text.xTimerGenericCommand
                0x00002200       0xa0 ./SDK/rtos/FreeRTOS/src/timers.o
                0x00002200                xTimerGenericCommand
 .text.prvProcessExpiredTimer
                0x000022a0       0x78 ./SDK/rtos/FreeRTOS/src/timers.o
 .text.prvTimerTask
                0x00002318       0x28 ./SDK/rtos/FreeRTOS/src/timers.o
 .text.prvProcessTimerOrBlockTask
                0x00002340       0x74 ./SDK/rtos/FreeRTOS/src/timers.o
 .text.prvGetNextExpireTime
                0x000023b4       0x40 ./SDK/rtos/FreeRTOS/src/timers.o
 .text.prvSampleTimeNow
                0x000023f4       0x40 ./SDK/rtos/FreeRTOS/src/timers.o
 .text.prvInsertTimerInActiveList
                0x00002434       0x84 ./SDK/rtos/FreeRTOS/src/timers.o
 .text.prvProcessReceivedCommands
                0x000024b8      0x144 ./SDK/rtos/FreeRTOS/src/timers.o
 .text.prvSwitchTimerLists
                0x000025fc       0xb8 ./SDK/rtos/FreeRTOS/src/timers.o
 .text.prvCheckForValidListAndQueue
                0x000026b4       0x68 ./SDK/rtos/FreeRTOS/src/timers.o
 .text.prvTaskExitError
                0x0000271c       0x1c ./SDK/rtos/FreeRTOS/port/gcc/port.o
                0x0000271c                prvTaskExitError
 .text.pxPortInitialiseStack
                0x00002738       0x54 ./SDK/rtos/FreeRTOS/port/gcc/port.o
                0x00002738                pxPortInitialiseStack
 .text.vPortInitTickTimer
                0x0000278c       0x3c ./SDK/rtos/FreeRTOS/port/gcc/port.o
                0x0000278c                vPortInitTickTimer
 .text.vPortStartTickTimer
                0x000027c8       0x14 ./SDK/rtos/FreeRTOS/port/gcc/port.o
                0x000027c8                vPortStartTickTimer
 .text.xPortStartScheduler
                0x000027dc       0x4c ./SDK/rtos/FreeRTOS/port/gcc/port.o
                0x000027dc                xPortStartScheduler
 .text.vPortEnterCritical
                0x00002828       0x24 ./SDK/rtos/FreeRTOS/port/gcc/port.o
                0x00002828                vPortEnterCritical
 .text.vPortExitCritical
                0x0000284c       0x24 ./SDK/rtos/FreeRTOS/port/gcc/port.o
                0x0000284c                vPortExitCritical
 .text.vPortYieldFromISR
                0x00002870       0x1c ./SDK/rtos/FreeRTOS/port/gcc/port.o
                0x00002870                vPortYieldFromISR
 .text.SysTick_Handler
                0x0000288c       0x20 ./SDK/rtos/FreeRTOS/port/gcc/port.o
                0x0000288c                SysTick_Handler
 .text.vPortStartFirstTask
                0x000028ac       0x1c ./SDK/rtos/FreeRTOS/port/gcc/port.o
                0x000028ac                vPortStartFirstTask
 .text.SVC_Handler
                0x000028c8       0x28 ./SDK/rtos/FreeRTOS/port/gcc/port.o
                0x000028c8                SVC_Handler
 .text.PendSV_Handler
                0x000028f0       0x44 ./SDK/rtos/FreeRTOS/port/gcc/port.o
                0x000028f0                PendSV_Handler
 .text.ulPortSetInterruptMask
                0x00002934        0xc ./SDK/rtos/FreeRTOS/port/gcc/port.o
                0x00002934                ulPortSetInterruptMask
 .text.vPortClearInterruptMask
                0x00002940        0x8 ./SDK/rtos/FreeRTOS/port/gcc/port.o
                0x00002940                vPortClearInterruptMask
 .text.UART_HAL_EnableTransmitter
                0x00002948       0x1c ./SDK/platform/utilities/src/fsl_debug_console.o
 .text.UART_HAL_EnableReceiver
                0x00002964       0x1c ./SDK/platform/utilities/src/fsl_debug_console.o
 .text.UART_HAL_SetBitCountPerChar
                0x00002980       0x28 ./SDK/platform/utilities/src/fsl_debug_console.o
 .text.UART_HAL_SetStopBitCount
                0x000029a8       0x28 ./SDK/platform/utilities/src/fsl_debug_console.o
 .text.LPSCI_HAL_EnableTransmitter
                0x000029d0       0x1c ./SDK/platform/utilities/src/fsl_debug_console.o
 .text.LPSCI_HAL_EnableReceiver
                0x000029ec       0x1c ./SDK/platform/utilities/src/fsl_debug_console.o
 .text.LPSCI_HAL_SetBitCountPerChar
                0x00002a08       0x28 ./SDK/platform/utilities/src/fsl_debug_console.o
 .text.LPSCI_HAL_SetStopBitCount
                0x00002a30       0x28 ./SDK/platform/utilities/src/fsl_debug_console.o
 .text.DbgConsole_Init
                0x00002a58      0x160 ./SDK/platform/utilities/src/fsl_debug_console.o
                0x00002a58                DbgConsole_Init
 .text._write   0x00002bb8       0x5c ./SDK/platform/utilities/src/fsl_debug_console.o
                0x00002bb8                _write
 .text._read    0x00002c14       0x48 ./SDK/platform/utilities/src/fsl_debug_console.o
                0x00002c14                _read
 .text._sbrk    0x00002c5c       0x5c ./SDK/platform/utilities/src/fsl_misc_utilities.o
                0x00002c5c                _sbrk
 .text.SIM_HAL_EnableClock
                0x00002cb8       0x58 ./SDK/platform/system/src/clock/MKL25Z4/fsl_clock_MKL25Z4.o
 .text.CLOCK_HAL_GetLpsciSrc
                0x00002d10       0x28 ./SDK/platform/system/src/clock/MKL25Z4/fsl_clock_MKL25Z4.o
 .text.CLOCK_HAL_GetPllfllSel
                0x00002d38       0x24 ./SDK/platform/system/src/clock/MKL25Z4/fsl_clock_MKL25Z4.o
 .text.CLOCK_HAL_GetOutDiv1
                0x00002d5c       0x28 ./SDK/platform/system/src/clock/MKL25Z4/fsl_clock_MKL25Z4.o
 .text.CLOCK_HAL_GetOutDiv4
                0x00002d84       0x28 ./SDK/platform/system/src/clock/MKL25Z4/fsl_clock_MKL25Z4.o
 .text.OSC_HAL_GetExternalRefClkCmd
                0x00002dac       0x24 ./SDK/platform/system/src/clock/MKL25Z4/fsl_clock_MKL25Z4.o
 .text.CLOCK_SYS_GetSystemClockFreq
                0x00002dd0       0x34 ./SDK/platform/system/src/clock/MKL25Z4/fsl_clock_MKL25Z4.o
                0x00002dd0                CLOCK_SYS_GetSystemClockFreq
 .text.CLOCK_SYS_GetBusClockFreq
                0x00002e04       0x2c ./SDK/platform/system/src/clock/MKL25Z4/fsl_clock_MKL25Z4.o
                0x00002e04                CLOCK_SYS_GetBusClockFreq
 .text.CLOCK_SYS_GetPllFllClockFreq
                0x00002e30       0x5c ./SDK/platform/system/src/clock/MKL25Z4/fsl_clock_MKL25Z4.o
                0x00002e30                CLOCK_SYS_GetPllFllClockFreq
 .text.CLOCK_SYS_GetOsc0ExternalRefClockFreq
                0x00002e8c       0x2c ./SDK/platform/system/src/clock/MKL25Z4/fsl_clock_MKL25Z4.o
                0x00002e8c                CLOCK_SYS_GetOsc0ExternalRefClockFreq
 .text.CLOCK_SYS_GetLpsciFreq
                0x00002eb8       0x68 ./SDK/platform/system/src/clock/MKL25Z4/fsl_clock_MKL25Z4.o
                0x00002eb8                CLOCK_SYS_GetLpsciFreq
 .text.CLOCK_SYS_GetUartFreq
                0x00002f20       0x2c ./SDK/platform/system/src/clock/MKL25Z4/fsl_clock_MKL25Z4.o
                0x00002f20                CLOCK_SYS_GetUartFreq
 .text.CLOCK_SYS_EnablePortClock
                0x00002f4c       0x4c ./SDK/platform/system/src/clock/MKL25Z4/fsl_clock_MKL25Z4.o
                0x00002f4c                CLOCK_SYS_EnablePortClock
 .text.CLOCK_SYS_EnableLpsciClock
                0x00002f98       0x40 ./SDK/platform/system/src/clock/MKL25Z4/fsl_clock_MKL25Z4.o
                0x00002f98                CLOCK_SYS_EnableLpsciClock
 .text.CLOCK_SYS_EnableUartClock
                0x00002fd8       0x4c ./SDK/platform/system/src/clock/MKL25Z4/fsl_clock_MKL25Z4.o
                0x00002fd8                CLOCK_SYS_EnableUartClock
 .text.CLOCK_SYS_EnableTpmClock
                0x00003024       0x4c ./SDK/platform/system/src/clock/MKL25Z4/fsl_clock_MKL25Z4.o
                0x00003024                CLOCK_SYS_EnableTpmClock
 .text.OSA_SemaWait
                0x00003070       0x74 ./SDK/platform/osa/src/fsl_os_abstraction_free_rtos.o
                0x00003070                OSA_SemaWait
 .text.OSA_SemaphorePostFromTask
                0x000030e4       0x2c ./SDK/platform/osa/src/fsl_os_abstraction_free_rtos.o
 .text.OSA_SemaphorePostFromISR
                0x00003110       0x3c ./SDK/platform/osa/src/fsl_os_abstraction_free_rtos.o
 .text.OSA_SemaPost
                0x0000314c       0x54 ./SDK/platform/osa/src/fsl_os_abstraction_free_rtos.o
                0x0000314c                OSA_SemaPost
 .text.OSA_TaskCreate
                0x000031a0       0x50 ./SDK/platform/osa/src/fsl_os_abstraction_free_rtos.o
                0x000031a0                OSA_TaskCreate
 .text.OSA_TimeDelay
                0x000031f0       0x28 ./SDK/platform/osa/src/fsl_os_abstraction_free_rtos.o
                0x000031f0                OSA_TimeDelay
 .text.OSA_Init
                0x00003218        0xc ./SDK/platform/osa/src/fsl_os_abstraction_free_rtos.o
                0x00003218                OSA_Init
 .text.OSA_Start
                0x00003224       0x10 ./SDK/platform/osa/src/fsl_os_abstraction_free_rtos.o
                0x00003224                OSA_Start
 .text.UART_HAL_SetBaudRate
                0x00003234       0x6c ./SDK/platform/hal/src/uart/fsl_uart_hal.o
                0x00003234                UART_HAL_SetBaudRate
 .text.UART_HAL_SetParityMode
                0x000032a0       0x40 ./SDK/platform/hal/src/uart/fsl_uart_hal.o
                0x000032a0                UART_HAL_SetParityMode
 .text.UART_HAL_Putchar
                0x000032e0       0x34 ./SDK/platform/hal/src/uart/fsl_uart_hal.o
                0x000032e0                UART_HAL_Putchar
 .text.UART_HAL_Getchar
                0x00003314       0x34 ./SDK/platform/hal/src/uart/fsl_uart_hal.o
                0x00003314                UART_HAL_Getchar
 .text.UART_HAL_SendDataPolling
                0x00003348       0x44 ./SDK/platform/hal/src/uart/fsl_uart_hal.o
                0x00003348                UART_HAL_SendDataPolling
 .text.UART_HAL_ReceiveDataPolling
                0x0000338c       0xa4 ./SDK/platform/hal/src/uart/fsl_uart_hal.o
                0x0000338c                UART_HAL_ReceiveDataPolling
 .text.TPM_HAL_SetChnMsnbaElsnbaVal
                0x00003430       0x6c ./SDK/platform/hal/src/tpm/fsl_tpm_hal.o
 .text.TPM_HAL_DisableChn
                0x0000349c       0x24 ./SDK/platform/hal/src/tpm/fsl_tpm_hal.o
                0x0000349c                TPM_HAL_DisableChn
 .text.TPM_HAL_SetClockMode
                0x000034c0       0x3c ./SDK/platform/hal/src/tpm/fsl_tpm_hal.o
                0x000034c0                TPM_HAL_SetClockMode
 .text.TPM_HAL_Reset
                0x000034fc       0x60 ./SDK/platform/hal/src/tpm/fsl_tpm_hal.o
                0x000034fc                TPM_HAL_Reset
 .text.CLOCK_HAL_GetClkOutStat
                0x0000355c       0x20 ./SDK/platform/hal/src/mcg/fsl_mcg_hal.o
 .text.CLOCK_HAL_IsPllSelected
                0x0000357c       0x24 ./SDK/platform/hal/src/mcg/fsl_mcg_hal.o
 .text.CLOCK_HAL_GetMcgExternalClkFreq
                0x000035a0       0x18 ./SDK/platform/hal/src/mcg/fsl_mcg_hal.o
 .text.CLOCK_HAL_TestFllExternalRefFreq
                0x000035b8       0x7c ./SDK/platform/hal/src/mcg/fsl_mcg_hal.o
                0x000035b8                CLOCK_HAL_TestFllExternalRefFreq
 .text.CLOCK_HAL_GetFllRefClk
                0x00003634       0x8c ./SDK/platform/hal/src/mcg/fsl_mcg_hal.o
                0x00003634                CLOCK_HAL_GetFllRefClk
 .text.CLOCK_HAL_TestFllFreq
                0x000036c0       0x6c ./SDK/platform/hal/src/mcg/fsl_mcg_hal.o
                0x000036c0                CLOCK_HAL_TestFllFreq
 .text.CLOCK_HAL_GetFllClk
                0x0000372c       0x7c ./SDK/platform/hal/src/mcg/fsl_mcg_hal.o
                0x0000372c                CLOCK_HAL_GetFllClk
 .text.CLOCK_HAL_GetPll0RefFreq
                0x000037a8       0x1c ./SDK/platform/hal/src/mcg/fsl_mcg_hal.o
                0x000037a8                CLOCK_HAL_GetPll0RefFreq
 .text.CLOCK_HAL_GetPll0Clk
                0x000037c4       0x90 ./SDK/platform/hal/src/mcg/fsl_mcg_hal.o
                0x000037c4                CLOCK_HAL_GetPll0Clk
 .text.CLOCK_HAL_GetInternalRefClk
                0x00003854       0x64 ./SDK/platform/hal/src/mcg/fsl_mcg_hal.o
                0x00003854                CLOCK_HAL_GetInternalRefClk
 .text.CLOCK_HAL_GetOutClk
                0x000038b8       0x7c ./SDK/platform/hal/src/mcg/fsl_mcg_hal.o
                0x000038b8                CLOCK_HAL_GetOutClk
 .text.LPSCI_HAL_Putchar
                0x00003934       0x1c ./SDK/platform/hal/src/lpsci/fsl_lpsci_hal.o
 .text.LPSCI_HAL_Getchar
                0x00003950       0x1c ./SDK/platform/hal/src/lpsci/fsl_lpsci_hal.o
 .text.LPSCI_HAL_SetBaudRate
                0x0000396c      0x14c ./SDK/platform/hal/src/lpsci/fsl_lpsci_hal.o
                0x0000396c                LPSCI_HAL_SetBaudRate
 .text.LPSCI_HAL_SetParityMode
                0x00003ab8       0x40 ./SDK/platform/hal/src/lpsci/fsl_lpsci_hal.o
                0x00003ab8                LPSCI_HAL_SetParityMode
 .text.LPSCI_HAL_SendDataPolling
                0x00003af8       0x44 ./SDK/platform/hal/src/lpsci/fsl_lpsci_hal.o
                0x00003af8                LPSCI_HAL_SendDataPolling
 .text.LPSCI_HAL_ReceiveDataPolling
                0x00003b3c       0x88 ./SDK/platform/hal/src/lpsci/fsl_lpsci_hal.o
                0x00003b3c                LPSCI_HAL_ReceiveDataPolling
 .text.GPIO_HAL_SetPinDir
                0x00003bc4       0x6c ./SDK/platform/hal/src/gpio/fsl_gpio_hal.o
                0x00003bc4                GPIO_HAL_SetPinDir
 .text.GPIO_HAL_WritePinOutput
                0x00003c30       0x50 ./SDK/platform/hal/src/gpio/fsl_gpio_hal.o
                0x00003c30                GPIO_HAL_WritePinOutput
 .text.NVIC_EnableIRQ
                0x00003c80       0x2c ./SDK/platform/drivers/src/tpm/fsl_tpm_driver.o
 .text.NVIC_ClearPendingIRQ
                0x00003cac       0x2c ./SDK/platform/drivers/src/tpm/fsl_tpm_driver.o
 .text.TPM_HAL_SetClockDiv
                0x00003cd8       0x24 ./SDK/platform/drivers/src/tpm/fsl_tpm_driver.o
 .text.TPM_HAL_EnableTimerOverflowInt
                0x00003cfc       0x1c ./SDK/platform/drivers/src/tpm/fsl_tpm_driver.o
 .text.TPM_HAL_DisableTimerOverflowInt
                0x00003d18       0x1c ./SDK/platform/drivers/src/tpm/fsl_tpm_driver.o
 .text.TPM_HAL_IsOverflowIntEnabled
                0x00003d34       0x20 ./SDK/platform/drivers/src/tpm/fsl_tpm_driver.o
 .text.TPM_HAL_ClearTimerOverflowFlag
                0x00003d54       0x1c ./SDK/platform/drivers/src/tpm/fsl_tpm_driver.o
 .text.TPM_HAL_SetCpwms
                0x00003d70       0x48 ./SDK/platform/drivers/src/tpm/fsl_tpm_driver.o
 .text.TPM_HAL_SetMod
                0x00003db8       0x34 ./SDK/platform/drivers/src/tpm/fsl_tpm_driver.o
 .text.TPM_HAL_IsChnIntEnabled
                0x00003dec       0x58 ./SDK/platform/drivers/src/tpm/fsl_tpm_driver.o
 .text.TPM_HAL_ClearStatusReg
                0x00003e44       0x1c ./SDK/platform/drivers/src/tpm/fsl_tpm_driver.o
 .text.TPM_HAL_SetTriggerSrc
                0x00003e60       0x28 ./SDK/platform/drivers/src/tpm/fsl_tpm_driver.o
 .text.TPM_HAL_SetTriggerMode
                0x00003e88       0x28 ./SDK/platform/drivers/src/tpm/fsl_tpm_driver.o
 .text.TPM_HAL_SetReloadOnTriggerMode
                0x00003eb0       0x28 ./SDK/platform/drivers/src/tpm/fsl_tpm_driver.o
 .text.TPM_HAL_SetStopOnOverflowMode
                0x00003ed8       0x28 ./SDK/platform/drivers/src/tpm/fsl_tpm_driver.o
 .text.TPM_HAL_EnableGlobalTimeBase
                0x00003f00       0x28 ./SDK/platform/drivers/src/tpm/fsl_tpm_driver.o
 .text.TPM_HAL_SetDbgMode
                0x00003f28       0x30 ./SDK/platform/drivers/src/tpm/fsl_tpm_driver.o
 .text.INT_SYS_EnableIRQ
                0x00003f58       0x5c ./SDK/platform/drivers/src/tpm/fsl_tpm_driver.o
 .text.TPM_DRV_Init
                0x00003fb4       0xd0 ./SDK/platform/drivers/src/tpm/fsl_tpm_driver.o
                0x00003fb4                TPM_DRV_Init
 .text.TPM_DRV_SetClock
                0x00004084       0x60 ./SDK/platform/drivers/src/tpm/fsl_tpm_driver.o
                0x00004084                TPM_DRV_SetClock
 .text.TPM_DRV_SetTimeOverflowIntCmd
                0x000040e4       0x40 ./SDK/platform/drivers/src/tpm/fsl_tpm_driver.o
                0x000040e4                TPM_DRV_SetTimeOverflowIntCmd
 .text.TPM_DRV_CounterStart
                0x00004124       0xec ./SDK/platform/drivers/src/tpm/fsl_tpm_driver.o
                0x00004124                TPM_DRV_CounterStart
 .text.TPM_DRV_IRQHandler
                0x00004210       0xb0 ./SDK/platform/drivers/src/tpm/fsl_tpm_driver.o
                0x00004210                TPM_DRV_IRQHandler
 .text.NVIC_EnableIRQ
                0x000042c0       0x2c ./SDK/platform/drivers/src/gpio/fsl_gpio_driver.o
 .text.PORT_HAL_SetPullCmd
                0x000042ec       0x4c ./SDK/platform/drivers/src/gpio/fsl_gpio_driver.o
 .text.PORT_HAL_SetSlewRateMode
                0x00004338       0x4c ./SDK/platform/drivers/src/gpio/fsl_gpio_driver.o
 .text.PORT_HAL_SetPassiveFilterCmd
                0x00004384       0x4c ./SDK/platform/drivers/src/gpio/fsl_gpio_driver.o
 .text.PORT_HAL_SetDriveStrengthMode
                0x000043d0       0x4c ./SDK/platform/drivers/src/gpio/fsl_gpio_driver.o
 .text.PORT_HAL_SetMuxMode
                0x0000441c       0x4c ./SDK/platform/drivers/src/gpio/fsl_gpio_driver.o
 .text.PORT_HAL_SetPinIntMode
                0x00004468       0x4c ./SDK/platform/drivers/src/gpio/fsl_gpio_driver.o
 .text.GPIO_HAL_TogglePinOutput
                0x000044b4       0x3c ./SDK/platform/drivers/src/gpio/fsl_gpio_driver.o
 .text.INT_SYS_EnableIRQ
                0x000044f0       0x5c ./SDK/platform/drivers/src/gpio/fsl_gpio_driver.o
 .text.GPIO_DRV_Init
                0x0000454c       0x4c ./SDK/platform/drivers/src/gpio/fsl_gpio_driver.o
                0x0000454c                GPIO_DRV_Init
 .text.GPIO_DRV_InputPinInit
                0x00004598       0xc4 ./SDK/platform/drivers/src/gpio/fsl_gpio_driver.o
                0x00004598                GPIO_DRV_InputPinInit
 .text.GPIO_DRV_OutputPinInit
                0x0000465c       0x9c ./SDK/platform/drivers/src/gpio/fsl_gpio_driver.o
                0x0000465c                GPIO_DRV_OutputPinInit
 .text.GPIO_DRV_TogglePinOutput
                0x000046f8       0x38 ./SDK/platform/drivers/src/gpio/fsl_gpio_driver.o
                0x000046f8                GPIO_DRV_TogglePinOutput
 .text.SystemInit
                0x00004730      0x178 ./SDK/platform/devices/MKL25Z4/startup/system_MKL25Z4.o
                0x00004730                SystemInit
 .text.init_data_bss
                0x000048a8       0xc8 ./SDK/platform/devices/startup.o
                0x000048a8                init_data_bss
 .text.NVIC_SetPriority
                0x00004970       0xe0 ./Generated_Code/Cpu.o
 .text.CLOCK_HAL_SetLpsciSrc
                0x00004a50       0x30 ./Generated_Code/Cpu.o
 .text.CLOCK_SYS_SetLpsciSrc
                0x00004a80       0x2c ./Generated_Code/Cpu.o
 .text.Components_Init
                0x00004aac       0x74 ./Generated_Code/Cpu.o
                0x00004aac                Components_Init
 .text.MainTask_Init
                0x00004b20       0x4c ./Generated_Code/MainTask.o
                0x00004b20                MainTask_Init
 .text.Task10Hz_Init
                0x00004b6c       0x4c ./Generated_Code/Task10Hz.o
                0x00004b6c                Task10Hz_Init
 .text.Task1Hz_Init
                0x00004bb8       0x4c ./Generated_Code/Task1Hz.o
                0x00004bb8                Task1Hz_Init
 .text.Task25Hz_Init
                0x00004c04       0x4c ./Generated_Code/Task25Hz.o
                0x00004c04                Task25Hz_Init
 .text.Task2Hz_Init
                0x00004c50       0x4c ./Generated_Code/Task2Hz.o
                0x00004c50                Task2Hz_Init
 .text.Task50Hz_Init
                0x00004c9c       0x4c ./Generated_Code/Task50Hz.o
                0x00004c9c                Task50Hz_Init
 .text.SIM_HAL_EnableClock
                0x00004ce8       0x58 ./Generated_Code/hardware_init.o
 .text.hardware_init
                0x00004d40       0x54 ./Generated_Code/hardware_init.o
                0x00004d40                hardware_init
 .text.PORT_HAL_SetMuxMode
                0x00004d94       0x4c ./Generated_Code/pin_init.o
 .text.SIM_HAL_SetLpsciRxSrcMode
                0x00004de0       0x2c ./Generated_Code/pin_init.o
 .text.init_gpio_pins
                0x00004e0c       0x40 ./Generated_Code/pin_init.o
                0x00004e0c                init_gpio_pins
 .text.init_osc_pins
                0x00004e4c       0x2c ./Generated_Code/pin_init.o
                0x00004e4c                init_osc_pins
 .text.init_rcm_pins
                0x00004e78       0x20 ./Generated_Code/pin_init.o
                0x00004e78                init_rcm_pins
 .text.init_swd_pins
                0x00004e98       0x2c ./Generated_Code/pin_init.o
                0x00004e98                init_swd_pins
 .text.init_uart0_pins
                0x00004ec4       0x3c ./Generated_Code/pin_init.o
                0x00004ec4                init_uart0_pins
 .text.__assert_func
                0x00004f00       0x3c c:/freescale/kds_v3/toolchain/bin/../lib/gcc/arm-none-eabi/4.8.4/../../../../arm-none-eabi/lib/armv6-m\libg_s.a(lib_a-assert.o)
                0x00004f00                __assert_func
 .text.__errno  0x00004f3c        0xc c:/freescale/kds_v3/toolchain/bin/../lib/gcc/arm-none-eabi/4.8.4/../../../../arm-none-eabi/lib/armv6-m\libg_s.a(lib_a-errno.o)
                0x00004f3c                __errno
 .text.exit     0x00004f48       0x2c c:/freescale/kds_v3/toolchain/bin/../lib/gcc/arm-none-eabi/4.8.4/../../../../arm-none-eabi/lib/armv6-m\libg_s.a(lib_a-exit.o)
                0x00004f48                exit
 .text.fprintf  0x00004f74       0x24 c:/freescale/kds_v3/toolchain/bin/../lib/gcc/arm-none-eabi/4.8.4/../../../../arm-none-eabi/lib/armv6-m\libg_s.a(lib_a-fprintf.o)
                0x00004f74                fiprintf
                0x00004f74                fprintf
 .text.__libc_init_array
                0x00004f98       0x4c c:/freescale/kds_v3/toolchain/bin/../lib/gcc/arm-none-eabi/4.8.4/../../../../arm-none-eabi/lib/armv6-m\libg_s.a(lib_a-init.o)
                0x00004f98                __libc_init_array
 .text.malloc   0x00004fe4       0x14 c:/freescale/kds_v3/toolchain/bin/../lib/gcc/arm-none-eabi/4.8.4/../../../../arm-none-eabi/lib/armv6-m\libg_s.a(lib_a-malloc.o)
                0x00004fe4                malloc
 .text.free     0x00004ff8       0x14 c:/freescale/kds_v3/toolchain/bin/../lib/gcc/arm-none-eabi/4.8.4/../../../../arm-none-eabi/lib/armv6-m\libg_s.a(lib_a-malloc.o)
                0x00004ff8                free
 .text.memcpy   0x0000500c       0x12 c:/freescale/kds_v3/toolchain/bin/../lib/gcc/arm-none-eabi/4.8.4/../../../../arm-none-eabi/lib/armv6-m\libg_s.a(lib_a-memcpy-stub.o)
                0x0000500c                memcpy
 .text.memset   0x0000501e       0x10 c:/freescale/kds_v3/toolchain/bin/../lib/gcc/arm-none-eabi/4.8.4/../../../../arm-none-eabi/lib/armv6-m\libg_s.a(lib_a-memset.o)
                0x0000501e                memset
 *fill*         0x0000502e        0x2 
 .text._free_r  0x00005030       0x90 c:/freescale/kds_v3/toolchain/bin/../lib/gcc/arm-none-eabi/4.8.4/../../../../arm-none-eabi/lib/armv6-m\libg_s.a(lib_a-nano-freer.o)
                0x00005030                _free_r
 .text._malloc_r
                0x000050c0       0xa8 c:/freescale/kds_v3/toolchain/bin/../lib/gcc/arm-none-eabi/4.8.4/../../../../arm-none-eabi/lib/armv6-m\libg_s.a(lib_a-nano-mallocr.o)
                0x000050c0                _malloc_r
 .text._sbrk_r  0x00005168       0x24 c:/freescale/kds_v3/toolchain/bin/../lib/gcc/arm-none-eabi/4.8.4/../../../../arm-none-eabi/lib/armv6-m\libg_s.a(lib_a-sbrkr.o)
                0x00005168                _sbrk_r
 .text.strlen   0x0000518c        0xe c:/freescale/kds_v3/toolchain/bin/../lib/gcc/arm-none-eabi/4.8.4/../../../../arm-none-eabi/lib/armv6-m\libg_s.a(lib_a-strlen.o)
                0x0000518c                strlen
 .text.__sfputc_r
                0x0000519a       0x2a c:/freescale/kds_v3/toolchain/bin/../lib/gcc/arm-none-eabi/4.8.4/../../../../arm-none-eabi/lib/armv6-m\libg_s.a(lib_a-vfprintf.o)
 .text.__sfputs_r
                0x000051c4       0x24 c:/freescale/kds_v3/toolchain/bin/../lib/gcc/arm-none-eabi/4.8.4/../../../../arm-none-eabi/lib/armv6-m\libg_s.a(lib_a-vfprintf.o)
                0x000051c4                __sfputs_r
 .text._vfprintf_r
                0x000051e8      0x210 c:/freescale/kds_v3/toolchain/bin/../lib/gcc/arm-none-eabi/4.8.4/../../../../arm-none-eabi/lib/armv6-m\libg_s.a(lib_a-vfprintf.o)
                0x000051e8                _vfprintf_r
                0x000051e8                _vfiprintf_r
 .text._printf_common
                0x000053f8       0xe8 c:/freescale/kds_v3/toolchain/bin/../lib/gcc/arm-none-eabi/4.8.4/../../../../arm-none-eabi/lib/armv6-m\libg_s.a(lib_a-vfprintf_i.o)
                0x000053f8                _printf_common
 .text._printf_i
                0x000054e0      0x22c c:/freescale/kds_v3/toolchain/bin/../lib/gcc/arm-none-eabi/4.8.4/../../../../arm-none-eabi/lib/armv6-m\libg_s.a(lib_a-vfprintf_i.o)
                0x000054e0                _printf_i
 .text.__swbuf_r
                0x0000570c       0xb0 c:/freescale/kds_v3/toolchain/bin/../lib/gcc/arm-none-eabi/4.8.4/../../../../arm-none-eabi/lib/armv6-m\libg_s.a(lib_a-wbuf.o)
                0x0000570c                __swbuf_r
 .text.__swsetup_r
                0x000057bc       0xe4 c:/freescale/kds_v3/toolchain/bin/../lib/gcc/arm-none-eabi/4.8.4/../../../../arm-none-eabi/lib/armv6-m\libg_s.a(lib_a-wsetup.o)
                0x000057bc                __swsetup_r
 .text.abort    0x000058a0        0xe c:/freescale/kds_v3/toolchain/bin/../lib/gcc/arm-none-eabi/4.8.4/../../../../arm-none-eabi/lib/armv6-m\libg_s.a(lib_a-abort.o)
                0x000058a0                abort
 .text.__sflush_r
                0x000058ae      0x112 c:/freescale/kds_v3/toolchain/bin/../lib/gcc/arm-none-eabi/4.8.4/../../../../arm-none-eabi/lib/armv6-m\libg_s.a(lib_a-fflush.o)
                0x000058ae                __sflush_r
 .text._fflush_r
                0x000059c0       0x58 c:/freescale/kds_v3/toolchain/bin/../lib/gcc/arm-none-eabi/4.8.4/../../../../arm-none-eabi/lib/armv6-m\libg_s.a(lib_a-fflush.o)
                0x000059c0                _fflush_r
 .text._cleanup_r
                0x00005a18       0x34 c:/freescale/kds_v3/toolchain/bin/../lib/gcc/arm-none-eabi/4.8.4/../../../../arm-none-eabi/lib/armv6-m\libg_s.a(lib_a-findfp.o)
                0x00005a18                _cleanup_r
 .text.std.isra.0
                0x00005a4c       0x48 c:/freescale/kds_v3/toolchain/bin/../lib/gcc/arm-none-eabi/4.8.4/../../../../arm-none-eabi/lib/armv6-m\libg_s.a(lib_a-findfp.o)
 .text.__sfmoreglue
                0x00005a94       0x2c c:/freescale/kds_v3/toolchain/bin/../lib/gcc/arm-none-eabi/4.8.4/../../../../arm-none-eabi/lib/armv6-m\libg_s.a(lib_a-findfp.o)
                0x00005a94                __sfmoreglue
 .text.__sinit  0x00005ac0       0x64 c:/freescale/kds_v3/toolchain/bin/../lib/gcc/arm-none-eabi/4.8.4/../../../../arm-none-eabi/lib/armv6-m\libg_s.a(lib_a-findfp.o)
                0x00005ac0                __sinit
 .text.__sfp    0x00005b24       0x7c c:/freescale/kds_v3/toolchain/bin/../lib/gcc/arm-none-eabi/4.8.4/../../../../arm-none-eabi/lib/armv6-m\libg_s.a(lib_a-findfp.o)
                0x00005b24                __sfp
 .text.__smakebuf_r
                0x00005ba0       0xa0 c:/freescale/kds_v3/toolchain/bin/../lib/gcc/arm-none-eabi/4.8.4/../../../../arm-none-eabi/lib/armv6-m\libg_s.a(lib_a-makebuf.o)
                0x00005ba0                __smakebuf_r
 .text.memchr   0x00005c40       0x16 c:/freescale/kds_v3/toolchain/bin/../lib/gcc/arm-none-eabi/4.8.4/../../../../arm-none-eabi/lib/armv6-m\libg_s.a(lib_a-memchr-stub.o)
                0x00005c40                memchr
 .text._raise_r
                0x00005c56       0x56 c:/freescale/kds_v3/toolchain/bin/../lib/gcc/arm-none-eabi/4.8.4/../../../../arm-none-eabi/lib/armv6-m\libg_s.a(lib_a-signal.o)
                0x00005c56                _raise_r
 .text.raise    0x00005cac       0x14 c:/freescale/kds_v3/toolchain/bin/../lib/gcc/arm-none-eabi/4.8.4/../../../../arm-none-eabi/lib/armv6-m\libg_s.a(lib_a-signal.o)
                0x00005cac                raise
 .text._kill_r  0x00005cc0       0x24 c:/freescale/kds_v3/toolchain/bin/../lib/gcc/arm-none-eabi/4.8.4/../../../../arm-none-eabi/lib/armv6-m\libg_s.a(lib_a-signalr.o)
                0x00005cc0                _kill_r
 .text._getpid_r
                0x00005ce4        0x8 c:/freescale/kds_v3/toolchain/bin/../lib/gcc/arm-none-eabi/4.8.4/../../../../arm-none-eabi/lib/armv6-m\libg_s.a(lib_a-signalr.o)
                0x00005ce4                _getpid_r
 .text.__sread  0x00005cec       0x28 c:/freescale/kds_v3/toolchain/bin/../lib/gcc/arm-none-eabi/4.8.4/../../../../arm-none-eabi/lib/armv6-m\libg_s.a(lib_a-stdio.o)
                0x00005cec                __sread
 .text.__swrite
                0x00005d14       0x38 c:/freescale/kds_v3/toolchain/bin/../lib/gcc/arm-none-eabi/4.8.4/../../../../arm-none-eabi/lib/armv6-m\libg_s.a(lib_a-stdio.o)
                0x00005d14                __swrite
 .text.__sseek  0x00005d4c       0x2c c:/freescale/kds_v3/toolchain/bin/../lib/gcc/arm-none-eabi/4.8.4/../../../../arm-none-eabi/lib/armv6-m\libg_s.a(lib_a-stdio.o)
                0x00005d4c                __sseek
 .text.__sclose
                0x00005d78        0xc c:/freescale/kds_v3/toolchain/bin/../lib/gcc/arm-none-eabi/4.8.4/../../../../arm-none-eabi/lib/armv6-m\libg_s.a(lib_a-stdio.o)
                0x00005d78                __sclose
 .text._write_r
                0x00005d84       0x28 c:/freescale/kds_v3/toolchain/bin/../lib/gcc/arm-none-eabi/4.8.4/../../../../arm-none-eabi/lib/armv6-m\libg_s.a(lib_a-writer.o)
                0x00005d84                _write_r
 .text._close_r
                0x00005dac       0x24 c:/freescale/kds_v3/toolchain/bin/../lib/gcc/arm-none-eabi/4.8.4/../../../../arm-none-eabi/lib/armv6-m\libg_s.a(lib_a-closer.o)
                0x00005dac                _close_r
 .text._fstat_r
                0x00005dd0       0x24 c:/freescale/kds_v3/toolchain/bin/../lib/gcc/arm-none-eabi/4.8.4/../../../../arm-none-eabi/lib/armv6-m\libg_s.a(lib_a-fstatr.o)
                0x00005dd0                _fstat_r
 .text._isatty_r
                0x00005df4       0x24 c:/freescale/kds_v3/toolchain/bin/../lib/gcc/arm-none-eabi/4.8.4/../../../../arm-none-eabi/lib/armv6-m\libg_s.a(lib_a-isattyr.o)
                0x00005df4                _isatty_r
 .text._lseek_r
                0x00005e18       0x28 c:/freescale/kds_v3/toolchain/bin/../lib/gcc/arm-none-eabi/4.8.4/../../../../arm-none-eabi/lib/armv6-m\libg_s.a(lib_a-lseekr.o)
                0x00005e18                _lseek_r
 .text._read_r  0x00005e40       0x28 c:/freescale/kds_v3/toolchain/bin/../lib/gcc/arm-none-eabi/4.8.4/../../../../arm-none-eabi/lib/armv6-m\libg_s.a(lib_a-readr.o)
                0x00005e40                _read_r
 .text._close   0x00005e68       0x10 c:/freescale/kds_v3/toolchain/bin/../lib/gcc/arm-none-eabi/4.8.4/../../../../arm-none-eabi/lib/armv6-m\libnosys.a(close.o)
                0x00005e68                _close
 .text._fstat   0x00005e78       0x10 c:/freescale/kds_v3/toolchain/bin/../lib/gcc/arm-none-eabi/4.8.4/../../../../arm-none-eabi/lib/armv6-m\libnosys.a(fstat.o)
                0x00005e78                _fstat
 .text._getpid  0x00005e88       0x10 c:/freescale/kds_v3/toolchain/bin/../lib/gcc/arm-none-eabi/4.8.4/../../../../arm-none-eabi/lib/armv6-m\libnosys.a(getpid.o)
                0x00005e88                _getpid
 .text._isatty  0x00005e98       0x10 c:/freescale/kds_v3/toolchain/bin/../lib/gcc/arm-none-eabi/4.8.4/../../../../arm-none-eabi/lib/armv6-m\libnosys.a(isatty.o)
                0x00005e98                _isatty
 .text._kill    0x00005ea8       0x10 c:/freescale/kds_v3/toolchain/bin/../lib/gcc/arm-none-eabi/4.8.4/../../../../arm-none-eabi/lib/armv6-m\libnosys.a(kill.o)
                0x00005ea8                _kill
 .text._lseek   0x00005eb8       0x10 c:/freescale/kds_v3/toolchain/bin/../lib/gcc/arm-none-eabi/4.8.4/../../../../arm-none-eabi/lib/armv6-m\libnosys.a(lseek.o)
                0x00005eb8                _lseek
 .text._exit    0x00005ec8        0x4 c:/freescale/kds_v3/toolchain/bin/../lib/gcc/arm-none-eabi/4.8.4/../../../../arm-none-eabi/lib/armv6-m\libnosys.a(_exit.o)
                0x00005ec8                _exit
 *(.rodata)
 .rodata        0x00005ecc       0x78 ./Sources/peripherals/RGB_LED/ledrgb_hal.o
 .rodata        0x00005f44       0x40 ./Sources/osa_ex/src/fsl_os_abstraction_ex_free_rtos.o
 .rodata        0x00005f84        0x8 ./SDK/rtos/FreeRTOS/src/tasks.o
 .rodata        0x00005f8c        0x8 ./SDK/rtos/FreeRTOS/src/timers.o
 .rodata        0x00005f94        0xc ./SDK/platform/utilities/src/fsl_debug_console.o
 .rodata        0x00005fa0      0x21c ./SDK/platform/system/src/clock/MKL25Z4/fsl_clock_MKL25Z4.o
 .rodata        0x000061bc       0xb8 ./SDK/platform/osa/src/fsl_os_abstraction_free_rtos.o
 .rodata        0x00006274       0x60 ./SDK/platform/hal/src/tpm/fsl_tpm_hal.o
 .rodata        0x000062d4       0x38 ./SDK/platform/hal/src/gpio/fsl_gpio_hal.o
 .rodata        0x0000630c      0x1c8 ./SDK/platform/drivers/src/tpm/fsl_tpm_driver.o
 .rodata        0x000064d4       0xf0 ./SDK/platform/drivers/src/gpio/fsl_gpio_driver.o
 .rodata        0x000065c4        0xc ./Generated_Code/MainTask.o
 .rodata        0x000065d0        0xc ./Generated_Code/Task10Hz.o
 .rodata        0x000065dc        0x8 ./Generated_Code/Task1Hz.o
 .rodata        0x000065e4        0xc ./Generated_Code/Task25Hz.o
 .rodata        0x000065f0        0x8 ./Generated_Code/Task2Hz.o
 .rodata        0x000065f8        0xc ./Generated_Code/Task50Hz.o
 .rodata        0x00006604       0x3c ./Generated_Code/pin_init.o
 *(.rodata*)
 .rodata.__func__.6351
                0x00006640       0x14 ./Sources/peripherals/RGB_LED/ledrgb_hal.o
 .rodata.__func__.6429
                0x00006654       0x18 ./Sources/peripherals/RGB_LED/ledrgb_hal.o
 .rodata.__func__.6434
                0x0000666c       0x18 ./Sources/peripherals/RGB_LED/ledrgb_hal.o
 .rodata.__func__.5715
                0x00006684       0x18 ./Sources/osa_ex/src/fsl_os_abstraction_ex_free_rtos.o
 .rodata.prvProcessReceivedCommands
                0x0000669c       0x28 ./SDK/rtos/FreeRTOS/src/timers.o
 .rodata.portGateTable
                0x000066c4        0x8 ./SDK/platform/system/src/clock/MKL25Z4/fsl_clock_MKL25Z4.o
 .rodata.uartGateTable
                0x000066cc        0x4 ./SDK/platform/system/src/clock/MKL25Z4/fsl_clock_MKL25Z4.o
 .rodata.tpmGateTable
                0x000066d0        0x4 ./SDK/platform/system/src/clock/MKL25Z4/fsl_clock_MKL25Z4.o
 .rodata.__func__.6995
                0x000066d4       0x1c ./SDK/platform/system/src/clock/MKL25Z4/fsl_clock_MKL25Z4.o
 .rodata.__func__.7068
                0x000066f0       0x1c ./SDK/platform/system/src/clock/MKL25Z4/fsl_clock_MKL25Z4.o
 .rodata.__func__.7073
                0x0000670c       0x1c ./SDK/platform/system/src/clock/MKL25Z4/fsl_clock_MKL25Z4.o
 .rodata.__func__.7086
                0x00006728       0x1c ./SDK/platform/system/src/clock/MKL25Z4/fsl_clock_MKL25Z4.o
 .rodata.g_oscBase
                0x00006744        0x4 ./SDK/platform/system/src/clock/fsl_clock_manager_common.o
                0x00006744                g_oscBase
 .rodata.__func__.5720
                0x00006748       0x10 ./SDK/platform/osa/src/fsl_os_abstraction_free_rtos.o
 .rodata.__func__.5731
                0x00006758       0x10 ./SDK/platform/osa/src/fsl_os_abstraction_free_rtos.o
 .rodata.g_tpmChannelCount
                0x00006768        0xc ./SDK/platform/hal/src/tpm/fsl_tpm_hal.o
                0x00006768                g_tpmChannelCount
 .rodata.__func__.5166
                0x00006774       0x20 ./SDK/platform/hal/src/tpm/fsl_tpm_hal.o
 .rodata.fllFactorTable.5325
                0x00006794       0x10 ./SDK/platform/hal/src/mcg/fsl_mcg_hal.o
 .rodata.__func__.5175
                0x000067a4       0x14 ./SDK/platform/hal/src/gpio/fsl_gpio_hal.o
 .rodata.__func__.5181
                0x000067b8       0x18 ./SDK/platform/hal/src/gpio/fsl_gpio_hal.o
 .rodata.g_tpmBase
                0x000067d0        0xc ./SDK/platform/drivers/src/tpm/fsl_tpm_common.o
                0x000067d0                g_tpmBase
 .rodata.g_tpmIrqId
                0x000067dc        0x4 ./SDK/platform/drivers/src/tpm/fsl_tpm_common.o
                0x000067dc                g_tpmIrqId
 .rodata.__func__.6588
                0x000067e0       0x10 ./SDK/platform/drivers/src/tpm/fsl_tpm_driver.o
 .rodata.__func__.5268
                0x000067f0       0x14 ./SDK/platform/drivers/src/tpm/fsl_tpm_driver.o
 .rodata.__func__.6595
                0x00006804       0x14 ./SDK/platform/drivers/src/tpm/fsl_tpm_driver.o
 .rodata.__func__.6647
                0x00006818       0x18 ./SDK/platform/drivers/src/tpm/fsl_tpm_driver.o
 .rodata.__func__.5144
                0x00006830       0x14 ./SDK/platform/drivers/src/tpm/fsl_tpm_driver.o
 .rodata.__func__.5191
                0x00006844       0x18 ./SDK/platform/drivers/src/tpm/fsl_tpm_driver.o
 .rodata.g_gpioBase
                0x0000685c       0x14 ./SDK/platform/drivers/src/gpio/fsl_gpio_common.o
                0x0000685c                g_gpioBase
 .rodata.g_portBase
                0x00006870       0x14 ./SDK/platform/drivers/src/gpio/fsl_gpio_common.o
                0x00006870                g_portBase
 .rodata.g_portIrqId
                0x00006884        0x8 ./SDK/platform/drivers/src/gpio/fsl_gpio_common.o
                0x00006884                g_portIrqId
 .rodata.__func__.5094
                0x0000688c       0x14 ./SDK/platform/drivers/src/gpio/fsl_gpio_driver.o
 .rodata.__func__.5070
                0x000068a0       0x14 ./SDK/platform/drivers/src/gpio/fsl_gpio_driver.o
 .rodata.__func__.5082
                0x000068b4       0x20 ./SDK/platform/drivers/src/gpio/fsl_gpio_driver.o
 .rodata.__func__.5108
                0x000068d4       0x18 ./SDK/platform/drivers/src/gpio/fsl_gpio_driver.o
 .rodata.__func__.6588
                0x000068ec       0x14 ./SDK/platform/drivers/src/gpio/fsl_gpio_driver.o
 .rodata.__func__.5076
                0x00006900       0x1c ./SDK/platform/drivers/src/gpio/fsl_gpio_driver.o
 .rodata.__func__.5088
                0x0000691c       0x20 ./SDK/platform/drivers/src/gpio/fsl_gpio_driver.o
 .rodata.__func__.5182
                0x0000693c       0x1c ./SDK/platform/drivers/src/gpio/fsl_gpio_driver.o
 .rodata.gpio1_OutConfig0
                0x00006958       0x24 ./Generated_Code/gpio1.o
                0x00006958                gpio1_OutConfig0
 .rodata.__func__.5094
                0x0000697c       0x14 ./Generated_Code/pin_init.o
 .rodata.tpmTmr1_InitConfig0
                0x00006990        0x8 ./Generated_Code/tpmTmr1.o
                0x00006990                tpmTmr1_InitConfig0
 .rodata.str1.1
                0x00006998       0x3c c:/freescale/kds_v3/toolchain/bin/../lib/gcc/arm-none-eabi/4.8.4/../../../../arm-none-eabi/lib/armv6-m\libg_s.a(lib_a-assert.o)
                                 0x3d (size before relaxing)
 .rodata.str1.1
                0x000069d4        0x2 c:/freescale/kds_v3/toolchain/bin/../lib/gcc/arm-none-eabi/4.8.4/../../../../arm-none-eabi/lib/armv6-m\libg_s.a(lib_a-impure.o)
 *fill*         0x000069d6        0x2 
 .rodata._global_impure_ptr
                0x000069d8        0x4 c:/freescale/kds_v3/toolchain/bin/../lib/gcc/arm-none-eabi/4.8.4/../../../../arm-none-eabi/lib/armv6-m\libg_s.a(lib_a-impure.o)
                0x000069d8                _global_impure_ptr
 .rodata.str1.1
                0x000069dc       0x11 c:/freescale/kds_v3/toolchain/bin/../lib/gcc/arm-none-eabi/4.8.4/../../../../arm-none-eabi/lib/armv6-m\libg_s.a(lib_a-vfprintf.o)
 .rodata.str1.1
                0x000069ed       0x22 c:/freescale/kds_v3/toolchain/bin/../lib/gcc/arm-none-eabi/4.8.4/../../../../arm-none-eabi/lib/armv6-m\libg_s.a(lib_a-vfprintf_i.o)
 *fill*         0x00006a0f        0x1 
 .rodata.__sf_fake_stdin
                0x00006a10       0x20 c:/freescale/kds_v3/toolchain/bin/../lib/gcc/arm-none-eabi/4.8.4/../../../../arm-none-eabi/lib/armv6-m\libg_s.a(lib_a-findfp.o)
                0x00006a10                __sf_fake_stdin
 .rodata.__sf_fake_stdout
                0x00006a30       0x20 c:/freescale/kds_v3/toolchain/bin/../lib/gcc/arm-none-eabi/4.8.4/../../../../arm-none-eabi/lib/armv6-m\libg_s.a(lib_a-findfp.o)
                0x00006a30                __sf_fake_stdout
 .rodata.__sf_fake_stderr
                0x00006a50       0x20 c:/freescale/kds_v3/toolchain/bin/../lib/gcc/arm-none-eabi/4.8.4/../../../../arm-none-eabi/lib/armv6-m\libg_s.a(lib_a-findfp.o)
                0x00006a50                __sf_fake_stderr
 *(.glue_7)
 .glue_7        0x00000000        0x0 linker stubs
 *(.glue_7t)
 .glue_7t       0x00000000        0x0 linker stubs
 *(.eh_frame)
 .eh_frame      0x00006a70        0x0 c:/freescale/kds_v3/toolchain/bin/../lib/gcc/arm-none-eabi/4.8.4/armv6-m/crtbegin.o
 *(.init)
 .init          0x00006a70        0x4 c:/freescale/kds_v3/toolchain/bin/../lib/gcc/arm-none-eabi/4.8.4/armv6-m/crti.o
                0x00006a70                _init
 .init          0x00006a74        0x8 c:/freescale/kds_v3/toolchain/bin/../lib/gcc/arm-none-eabi/4.8.4/armv6-m/crtn.o
 *(.fini)
 .fini          0x00006a7c        0x4 c:/freescale/kds_v3/toolchain/bin/../lib/gcc/arm-none-eabi/4.8.4/armv6-m/crti.o
                0x00006a7c                _fini
 .fini          0x00006a80        0x8 c:/freescale/kds_v3/toolchain/bin/../lib/gcc/arm-none-eabi/4.8.4/armv6-m/crtn.o
                0x00006a88                . = ALIGN (0x4)

.vfp11_veneer   0x00006a88        0x0
 .vfp11_veneer  0x00000000        0x0 linker stubs

.v4_bx          0x00006a88        0x0
 .v4_bx         0x00000000        0x0 linker stubs

.iplt           0x00006a88        0x0
 .iplt          0x00000000        0x0 c:/freescale/kds_v3/toolchain/bin/../lib/gcc/arm-none-eabi/4.8.4/armv6-m/crtbegin.o

.ARM.extab
 *(.ARM.extab* .gnu.linkonce.armextab.*)

.ARM            0x00006a88        0x8
                0x00006a88                __exidx_start = .
 *(.ARM.exidx*)
 .ARM.exidx     0x00006a88        0x8 c:/freescale/kds_v3/toolchain/bin/../lib/gcc/arm-none-eabi/4.8.4/../../../../arm-none-eabi/lib/armv6-m/crt0.o
                0x00006a90                __exidx_end = .

.rel.dyn        0x00006a90        0x0
 .rel.iplt      0x00000000        0x0 c:/freescale/kds_v3/toolchain/bin/../lib/gcc/arm-none-eabi/4.8.4/armv6-m/crtbegin.o

.ctors          0x00006a90        0x0
                0x00006a90                __CTOR_LIST__ = .
 *crtbegin.o(.ctors)
 *crtbegin?.o(.ctors)
 *(EXCLUDE_FILE(*crtend.o *crtend?.o) .ctors)
 *(SORT(.ctors.*))
 *(.ctors)
                0x00006a90                __CTOR_END__ = .

.dtors          0x00006a90        0x0
                0x00006a90                __DTOR_LIST__ = .
 *crtbegin.o(.dtors)
 *crtbegin?.o(.dtors)
 *(EXCLUDE_FILE(*crtend.o *crtend?.o) .dtors)
 *(SORT(.dtors.*))
 *(.dtors)
                0x00006a90                __DTOR_END__ = .

.preinit_array  0x00006a90        0x0
                0x00006a90                PROVIDE (__preinit_array_start, .)
 *(.preinit_array*)
                0x00006a90                PROVIDE (__preinit_array_end, .)

.init_array     0x00006a90        0x4
                0x00006a90                PROVIDE (__init_array_start, .)
 *(SORT(.init_array.*))
 *(.init_array*)
 .init_array    0x00006a90        0x4 c:/freescale/kds_v3/toolchain/bin/../lib/gcc/arm-none-eabi/4.8.4/armv6-m/crtbegin.o
                0x00006a94                PROVIDE (__init_array_end, .)

.fini_array     0x00006a94        0x4
                0x00006a94                PROVIDE (__fini_array_start, .)
 *(SORT(.fini_array.*))
 *(.fini_array*)
 .fini_array    0x00006a94        0x4 c:/freescale/kds_v3/toolchain/bin/../lib/gcc/arm-none-eabi/4.8.4/armv6-m/crtbegin.o
                0x00006a98                PROVIDE (__fini_array_end, .)
                0x00006a98                __etext = .
                0x00006a98                __DATA_ROM = .

.mtb            0x1ffff200        0x0
                0x1ffff200                . = ALIGN (0x8)
                0x1ffff200                _mtb_start = .
 *(.mtb_buf)
                0x1ffff200                . = ALIGN (0x8)
                0x1ffff200                _mtb_end = .

.data           0x1ffff200       0xa0 load address 0x00006a98
                0x1ffff200                . = ALIGN (0x4)
                0x1ffff200                __DATA_RAM = .
                0x1ffff200                __data_start__ = .
 *(.data)
 *(.data*)
 .data.task_semaphores
                0x1ffff200       0x28 ./Sources/main.o
                0x1ffff200                task_semaphores
 .data.xNextTaskUnblockTime
                0x1ffff228        0x4 ./SDK/rtos/FreeRTOS/src/tasks.o
 .data.uxCriticalNesting
                0x1ffff22c        0x4 ./SDK/rtos/FreeRTOS/port/gcc/port.o
 .data.g_fastInternalRefClkFreq
                0x1ffff230        0x4 ./SDK/platform/hal/src/mcg/fsl_mcg_hal.o
                0x1ffff230                g_fastInternalRefClkFreq
 .data.g_slowInternalRefClkFreq
                0x1ffff234        0x4 ./SDK/platform/hal/src/mcg/fsl_mcg_hal.o
                0x1ffff234                g_slowInternalRefClkFreq
 .data.impure_data
                0x1ffff238       0x60 c:/freescale/kds_v3/toolchain/bin/../lib/gcc/arm-none-eabi/4.8.4/../../../../arm-none-eabi/lib/armv6-m\libg_s.a(lib_a-impure.o)
 .data._impure_ptr
                0x1ffff298        0x4 c:/freescale/kds_v3/toolchain/bin/../lib/gcc/arm-none-eabi/4.8.4/../../../../arm-none-eabi/lib/armv6-m\libg_s.a(lib_a-impure.o)
                0x1ffff298                _impure_ptr
 *(.jcr*)
 .jcr           0x1ffff29c        0x0 c:/freescale/kds_v3/toolchain/bin/../lib/gcc/arm-none-eabi/4.8.4/armv6-m/crtbegin.o
 .jcr           0x1ffff29c        0x4 c:/freescale/kds_v3/toolchain/bin/../lib/gcc/arm-none-eabi/4.8.4/armv6-m/crtend.o
                0x1ffff2a0                . = ALIGN (0x4)
                0x1ffff2a0                __data_end__ = .
                0x00006b38                __DATA_END = (__DATA_ROM + (__data_end__ - __data_start__))

.igot.plt       0x1ffff2a0        0x0 load address 0x00006b38
 .igot.plt      0x00000000        0x0 c:/freescale/kds_v3/toolchain/bin/../lib/gcc/arm-none-eabi/4.8.4/armv6-m/crtbegin.o

.m_interrupts_ram
                0x1ffff000      0x200
                0x1ffff000                . = ALIGN (0x4)
                0x1ffff000                __m_interrupts_ram_RAMStart = .
 *(.m_interrupts_ram)
                0x1ffff200                . = (. + 0x200)
 *fill*         0x1ffff000      0x200 
                0x1ffff200                __m_interrupts_ram_RAMEnd = .
                0x1ffff200                . = ALIGN (0x4)
                0x00000200                __m_interrupts_ram_ROMSize = (__m_interrupts_ram_RAMEnd - __m_interrupts_ram_RAMStart)
                0x00000200                __RAM_VECTOR_TABLE_SIZE_BYTES = (__m_interrupts_ram_RAMEnd - __m_interrupts_ram_RAMStart)
                0x00020000                text_end = (ORIGIN (m_text) + 0x1fbf0)
                0x00006b38                data_init_end = (__DATA_ROM + SIZEOF (.data))
                0x00000001                ASSERT ((data_init_end <= text_end), region m_text overflowed with text and data)

.bss            0x1ffff2a0      0x278 load address 0x00006b38
                0x1ffff2a0                . = ALIGN (0x4)
                0x1ffff2a0                __START_BSS = .
                0x1ffff2a0                __bss_start__ = .
 *(.bss)
 .bss           0x1ffff2a0       0x1c c:/freescale/kds_v3/toolchain/bin/../lib/gcc/arm-none-eabi/4.8.4/armv6-m/crtbegin.o
 *(.bss*)
 .bss.lowPowerTimerSema
                0x1ffff2bc        0x4 ./Sources/scheduler/src/scheduler.o
                0x1ffff2bc                lowPowerTimerSema
 .bss.task_setup_pointer
                0x1ffff2c0        0x4 ./Sources/scheduler/src/scheduler.o
                0x1ffff2c0                task_setup_pointer
 .bss.max_semaphores
                0x1ffff2c4        0x4 ./Sources/scheduler/src/scheduler.o
                0x1ffff2c4                max_semaphores
 .bss.task50HzSema
                0x1ffff2c8        0x4 ./Sources/main.o
                0x1ffff2c8                task50HzSema
 .bss.task25HzSema
                0x1ffff2cc        0x4 ./Sources/main.o
                0x1ffff2cc                task25HzSema
 .bss.task10HzSema
                0x1ffff2d0        0x4 ./Sources/main.o
                0x1ffff2d0                task10HzSema
 .bss.task2HzSema
                0x1ffff2d4        0x4 ./Sources/main.o
                0x1ffff2d4                task2HzSema
 .bss.task1HzSema
                0x1ffff2d8        0x4 ./Sources/main.o
                0x1ffff2d8                task1HzSema
 .bss.scheduler_count_a
                0x1ffff2dc       0x14 ./Sources/rtos_main_task.o
                0x1ffff2dc                scheduler_count_a
 .bss.pxCurrentTCB
                0x1ffff2f0        0x4 ./SDK/rtos/FreeRTOS/src/tasks.o
                0x1ffff2f0                pxCurrentTCB
 .bss.pxReadyTasksLists
                0x1ffff2f4       0xa0 ./SDK/rtos/FreeRTOS/src/tasks.o
 .bss.xDelayedTaskList1
                0x1ffff394       0x14 ./SDK/rtos/FreeRTOS/src/tasks.o
 .bss.xDelayedTaskList2
                0x1ffff3a8       0x14 ./SDK/rtos/FreeRTOS/src/tasks.o
 .bss.pxDelayedTaskList
                0x1ffff3bc        0x4 ./SDK/rtos/FreeRTOS/src/tasks.o
 .bss.pxOverflowDelayedTaskList
                0x1ffff3c0        0x4 ./SDK/rtos/FreeRTOS/src/tasks.o
 .bss.xPendingReadyList
                0x1ffff3c4       0x14 ./SDK/rtos/FreeRTOS/src/tasks.o
 .bss.xTasksWaitingTermination
                0x1ffff3d8       0x14 ./SDK/rtos/FreeRTOS/src/tasks.o
 .bss.uxTasksDeleted
                0x1ffff3ec        0x4 ./SDK/rtos/FreeRTOS/src/tasks.o
 .bss.xSuspendedTaskList
                0x1ffff3f0       0x14 ./SDK/rtos/FreeRTOS/src/tasks.o
 .bss.uxCurrentNumberOfTasks
                0x1ffff404        0x4 ./SDK/rtos/FreeRTOS/src/tasks.o
 .bss.xTickCount
                0x1ffff408        0x4 ./SDK/rtos/FreeRTOS/src/tasks.o
 .bss.uxTopReadyPriority
                0x1ffff40c        0x4 ./SDK/rtos/FreeRTOS/src/tasks.o
 .bss.xSchedulerRunning
                0x1ffff410        0x4 ./SDK/rtos/FreeRTOS/src/tasks.o
 .bss.uxPendedTicks
                0x1ffff414        0x4 ./SDK/rtos/FreeRTOS/src/tasks.o
 .bss.xYieldPending
                0x1ffff418        0x4 ./SDK/rtos/FreeRTOS/src/tasks.o
 .bss.xNumOfOverflows
                0x1ffff41c        0x4 ./SDK/rtos/FreeRTOS/src/tasks.o
 .bss.uxTaskNumber
                0x1ffff420        0x4 ./SDK/rtos/FreeRTOS/src/tasks.o
 .bss.uxSchedulerSuspended
                0x1ffff424        0x4 ./SDK/rtos/FreeRTOS/src/tasks.o
 .bss.xActiveTimerList1
                0x1ffff428       0x14 ./SDK/rtos/FreeRTOS/src/timers.o
 .bss.xActiveTimerList2
                0x1ffff43c       0x14 ./SDK/rtos/FreeRTOS/src/timers.o
 .bss.pxCurrentTimerList
                0x1ffff450        0x4 ./SDK/rtos/FreeRTOS/src/timers.o
 .bss.pxOverflowTimerList
                0x1ffff454        0x4 ./SDK/rtos/FreeRTOS/src/timers.o
 .bss.xTimerQueue
                0x1ffff458        0x4 ./SDK/rtos/FreeRTOS/src/timers.o
 .bss.xLastTime.4863
                0x1ffff45c        0x4 ./SDK/rtos/FreeRTOS/src/timers.o
 .bss.xJumpBuf  0x1ffff460       0x5c ./SDK/rtos/FreeRTOS/port/gcc/port.o
 .bss.s_debugConsole
                0x1ffff4bc       0x10 ./SDK/platform/utilities/src/fsl_debug_console.o
 .bss.heap_end.5561
                0x1ffff4cc        0x4 ./SDK/platform/utilities/src/fsl_misc_utilities.o
 .bss.s_tpmClockSource
                0x1ffff4d0        0x1 ./SDK/platform/drivers/src/tpm/fsl_tpm_driver.o
 *fill*         0x1ffff4d1        0x3 
 .bss.MainTask_stack
                0x1ffff4d4        0x4 ./Generated_Code/MainTask.o
                0x1ffff4d4                MainTask_stack
 .bss.Task10Hz_stack
                0x1ffff4d8        0x4 ./Generated_Code/Task10Hz.o
                0x1ffff4d8                Task10Hz_stack
 .bss.Task1Hz_stack
                0x1ffff4dc        0x4 ./Generated_Code/Task1Hz.o
                0x1ffff4dc                Task1Hz_stack
 .bss.Task25Hz_stack
                0x1ffff4e0        0x4 ./Generated_Code/Task25Hz.o
                0x1ffff4e0                Task25Hz_stack
 .bss.Task2Hz_stack
                0x1ffff4e4        0x4 ./Generated_Code/Task2Hz.o
                0x1ffff4e4                Task2Hz_stack
 .bss.Task50Hz_stack
                0x1ffff4e8        0x4 ./Generated_Code/Task50Hz.o
                0x1ffff4e8                Task50Hz_stack
 .bss.__malloc_sbrk_start
                0x1ffff4ec        0x4 c:/freescale/kds_v3/toolchain/bin/../lib/gcc/arm-none-eabi/4.8.4/../../../../arm-none-eabi/lib/armv6-m\libg_s.a(lib_a-nano-mallocr.o)
                0x1ffff4ec                __malloc_sbrk_start
 .bss.__malloc_free_list
                0x1ffff4f0        0x4 c:/freescale/kds_v3/toolchain/bin/../lib/gcc/arm-none-eabi/4.8.4/../../../../arm-none-eabi/lib/armv6-m\libg_s.a(lib_a-nano-mallocr.o)
                0x1ffff4f0                __malloc_free_list
 *(COMMON)
 COMMON         0x1ffff4f4        0x8 ./SDK/platform/hal/src/mcg/fsl_mcg_hal.o
                0x1ffff4f4                g_xtal0ClkFreq
                0x1ffff4f8                g_xtalRtcClkFreq
 COMMON         0x1ffff4fc        0x4 ./Generated_Code/MainTask.o
                0x1ffff4fc                MainTask_task_handler
 COMMON         0x1ffff500        0x4 ./Generated_Code/Task10Hz.o
                0x1ffff500                Task10Hz_task_handler
 COMMON         0x1ffff504        0x4 ./Generated_Code/Task1Hz.o
                0x1ffff504                Task1Hz_task_handler
 COMMON         0x1ffff508        0x4 ./Generated_Code/Task25Hz.o
                0x1ffff508                Task25Hz_task_handler
 COMMON         0x1ffff50c        0x4 ./Generated_Code/Task2Hz.o
                0x1ffff50c                Task2Hz_task_handler
 COMMON         0x1ffff510        0x4 ./Generated_Code/Task50Hz.o
                0x1ffff510                Task50Hz_task_handler
 COMMON         0x1ffff514        0x4 c:/freescale/kds_v3/toolchain/bin/../lib/gcc/arm-none-eabi/4.8.4/../../../../arm-none-eabi/lib/armv6-m\libg_s.a(lib_a-reent.o)
                0x1ffff514                errno
                0x1ffff518                . = ALIGN (0x4)
                0x1ffff518                __bss_end__ = .
                0x1ffff518                __END_BSS = .

.heap           0x1ffff518     0x2000 load address 0x00006db0
                0x1ffff518                . = ALIGN (0x8)
                0x1ffff518                __end__ = .
                0x1ffff518                PROVIDE (end, .)
                0x1ffff518                __HeapBase = .
                0x20001518                . = (. + HEAP_SIZE)
 *fill*         0x1ffff518     0x2000 
                0x20001518                __HeapLimit = .

.stack          0x20001518      0x400 load address 0x00008db0
                0x20001518                . = ALIGN (0x8)
                0x20001918                . = (. + STACK_SIZE)
 *fill*         0x20001518      0x400 
                0x20003000                __StackTop = (ORIGIN (m_data) + 0x3e00)
                0x20002c00                __StackLimit = (__StackTop - STACK_SIZE)
                0x20003000                PROVIDE (__stack, __StackTop)

.ARM.attributes
                0x00000000       0x28
 *(.ARM.attributes)
 .ARM.attributes
                0x00000000       0x1e c:/freescale/kds_v3/toolchain/bin/../lib/gcc/arm-none-eabi/4.8.4/armv6-m/crti.o
 .ARM.attributes
                0x0000001e       0x2c c:/freescale/kds_v3/toolchain/bin/../lib/gcc/arm-none-eabi/4.8.4/armv6-m/crtbegin.o
 .ARM.attributes
                0x0000004a       0x1b c:/freescale/kds_v3/toolchain/bin/../lib/gcc/arm-none-eabi/4.8.4/../../../../arm-none-eabi/lib/armv6-m/crt0.o
 .ARM.attributes
                0x00000065       0x32 ./Static_Code/System/PE_low_level_init.o
 .ARM.attributes
                0x00000097       0x32 ./Sources/scheduler/src/scheduler.o
 .ARM.attributes
                0x000000c9       0x32 ./Sources/peripherals/RGB_LED/ledrgb_hal.o
 .ARM.attributes
                0x000000fb       0x32 ./Sources/osa_ex/src/fsl_os_abstraction_ex_free_rtos.o
 .ARM.attributes
                0x0000012d       0x32 ./Sources/Events.o
 .ARM.attributes
                0x0000015f       0x32 ./Sources/main.o
 .ARM.attributes
                0x00000191       0x32 ./Sources/os_tasks.o
 .ARM.attributes
                0x000001c3       0x32 ./Sources/rtos_main_task.o
 .ARM.attributes
                0x000001f5       0x32 ./SDK/rtos/FreeRTOS/src/heap_3.o
 .ARM.attributes
                0x00000227       0x32 ./SDK/rtos/FreeRTOS/src/list.o
 .ARM.attributes
                0x00000259       0x32 ./SDK/rtos/FreeRTOS/src/queue.o
 .ARM.attributes
                0x0000028b       0x32 ./SDK/rtos/FreeRTOS/src/tasks.o
 .ARM.attributes
                0x000002bd       0x32 ./SDK/rtos/FreeRTOS/src/timers.o
 .ARM.attributes
                0x000002ef       0x32 ./SDK/rtos/FreeRTOS/port/gcc/port.o
 .ARM.attributes
                0x00000321       0x32 ./SDK/platform/utilities/src/fsl_debug_console.o
 .ARM.attributes
                0x00000353       0x32 ./SDK/platform/utilities/src/fsl_misc_utilities.o
 .ARM.attributes
                0x00000385       0x32 ./SDK/platform/system/src/clock/MKL25Z4/fsl_clock_MKL25Z4.o
 .ARM.attributes
                0x000003b7       0x32 ./SDK/platform/system/src/clock/fsl_clock_manager_common.o
 .ARM.attributes
                0x000003e9       0x32 ./SDK/platform/osa/src/fsl_os_abstraction_free_rtos.o
 .ARM.attributes
                0x0000041b       0x32 ./SDK/platform/hal/src/uart/fsl_uart_hal.o
 .ARM.attributes
                0x0000044d       0x32 ./SDK/platform/hal/src/tpm/fsl_tpm_hal.o
 .ARM.attributes
                0x0000047f       0x32 ./SDK/platform/hal/src/mcg/fsl_mcg_hal.o
 .ARM.attributes
                0x000004b1       0x32 ./SDK/platform/hal/src/lpsci/fsl_lpsci_hal.o
 .ARM.attributes
                0x000004e3       0x32 ./SDK/platform/hal/src/gpio/fsl_gpio_hal.o
 .ARM.attributes
                0x00000515       0x32 ./SDK/platform/drivers/src/tpm/fsl_tpm_common.o
 .ARM.attributes
                0x00000547       0x32 ./SDK/platform/drivers/src/tpm/fsl_tpm_driver.o
 .ARM.attributes
                0x00000579       0x32 ./SDK/platform/drivers/src/gpio/fsl_gpio_common.o
 .ARM.attributes
                0x000005ab       0x32 ./SDK/platform/drivers/src/gpio/fsl_gpio_driver.o
 .ARM.attributes
                0x000005dd       0x1b ./SDK/platform/devices/MKL25Z4/startup/gcc/startup_MKL25Z4.o
 .ARM.attributes
                0x000005f8       0x32 ./SDK/platform/devices/MKL25Z4/startup/system_MKL25Z4.o
 .ARM.attributes
                0x0000062a       0x32 ./SDK/platform/devices/startup.o
 .ARM.attributes
                0x0000065c       0x32 ./Generated_Code/Cpu.o
 .ARM.attributes
                0x0000068e       0x32 ./Generated_Code/MainTask.o
 .ARM.attributes
                0x000006c0       0x32 ./Generated_Code/Task10Hz.o
 .ARM.attributes
                0x000006f2       0x32 ./Generated_Code/Task1Hz.o
 .ARM.attributes
                0x00000724       0x32 ./Generated_Code/Task25Hz.o
 .ARM.attributes
                0x00000756       0x32 ./Generated_Code/Task2Hz.o
 .ARM.attributes
                0x00000788       0x32 ./Generated_Code/Task50Hz.o
 .ARM.attributes
                0x000007ba       0x32 ./Generated_Code/gpio1.o
 .ARM.attributes
                0x000007ec       0x32 ./Generated_Code/hardware_init.o
 .ARM.attributes
                0x0000081e       0x32 ./Generated_Code/pin_init.o
 .ARM.attributes
                0x00000850       0x32 ./Generated_Code/tpmTmr1.o
 .ARM.attributes
                0x00000882       0x1e c:/freescale/kds_v3/toolchain/bin/../lib/gcc/arm-none-eabi/4.8.4/armv6-m\libgcc.a(_udivsi3.o)
 .ARM.attributes
                0x000008a0       0x1e c:/freescale/kds_v3/toolchain/bin/../lib/gcc/arm-none-eabi/4.8.4/armv6-m\libgcc.a(_dvmd_tls.o)
 .ARM.attributes
                0x000008be       0x2c c:/freescale/kds_v3/toolchain/bin/../lib/gcc/arm-none-eabi/4.8.4/../../../../arm-none-eabi/lib/armv6-m\libg_s.a(lib_a-assert.o)
 .ARM.attributes
                0x000008ea       0x2c c:/freescale/kds_v3/toolchain/bin/../lib/gcc/arm-none-eabi/4.8.4/../../../../arm-none-eabi/lib/armv6-m\libg_s.a(lib_a-errno.o)
 .ARM.attributes
                0x00000916       0x2c c:/freescale/kds_v3/toolchain/bin/../lib/gcc/arm-none-eabi/4.8.4/../../../../arm-none-eabi/lib/armv6-m\libg_s.a(lib_a-exit.o)
 .ARM.attributes
                0x00000942       0x2c c:/freescale/kds_v3/toolchain/bin/../lib/gcc/arm-none-eabi/4.8.4/../../../../arm-none-eabi/lib/armv6-m\libg_s.a(lib_a-fprintf.o)
 .ARM.attributes
                0x0000096e       0x2c c:/freescale/kds_v3/toolchain/bin/../lib/gcc/arm-none-eabi/4.8.4/../../../../arm-none-eabi/lib/armv6-m\libg_s.a(lib_a-impure.o)
 .ARM.attributes
                0x0000099a       0x2c c:/freescale/kds_v3/toolchain/bin/../lib/gcc/arm-none-eabi/4.8.4/../../../../arm-none-eabi/lib/armv6-m\libg_s.a(lib_a-init.o)
 .ARM.attributes
                0x000009c6       0x2c c:/freescale/kds_v3/toolchain/bin/../lib/gcc/arm-none-eabi/4.8.4/../../../../arm-none-eabi/lib/armv6-m\libg_s.a(lib_a-malloc.o)
 .ARM.attributes
                0x000009f2       0x2c c:/freescale/kds_v3/toolchain/bin/../lib/gcc/arm-none-eabi/4.8.4/../../../../arm-none-eabi/lib/armv6-m\libg_s.a(lib_a-memcpy-stub.o)
 .ARM.attributes
                0x00000a1e       0x2c c:/freescale/kds_v3/toolchain/bin/../lib/gcc/arm-none-eabi/4.8.4/../../../../arm-none-eabi/lib/armv6-m\libg_s.a(lib_a-memset.o)
 .ARM.attributes
                0x00000a4a       0x2c c:/freescale/kds_v3/toolchain/bin/../lib/gcc/arm-none-eabi/4.8.4/../../../../arm-none-eabi/lib/armv6-m\libg_s.a(lib_a-nano-freer.o)
 .ARM.attributes
                0x00000a76       0x2c c:/freescale/kds_v3/toolchain/bin/../lib/gcc/arm-none-eabi/4.8.4/../../../../arm-none-eabi/lib/armv6-m\libg_s.a(lib_a-nano-mallocr.o)
 .ARM.attributes
                0x00000aa2       0x2c c:/freescale/kds_v3/toolchain/bin/../lib/gcc/arm-none-eabi/4.8.4/../../../../arm-none-eabi/lib/armv6-m\libg_s.a(lib_a-sbrkr.o)
 .ARM.attributes
                0x00000ace       0x1c c:/freescale/kds_v3/toolchain/bin/../lib/gcc/arm-none-eabi/4.8.4/../../../../arm-none-eabi/lib/armv6-m\libg_s.a(lib_a-setjmp.o)
 .ARM.attributes
                0x00000aea       0x2c c:/freescale/kds_v3/toolchain/bin/../lib/gcc/arm-none-eabi/4.8.4/../../../../arm-none-eabi/lib/armv6-m\libg_s.a(lib_a-strlen.o)
 .ARM.attributes
                0x00000b16       0x2c c:/freescale/kds_v3/toolchain/bin/../lib/gcc/arm-none-eabi/4.8.4/../../../../arm-none-eabi/lib/armv6-m\libg_s.a(lib_a-vfprintf.o)
 .ARM.attributes
                0x00000b42       0x2c c:/freescale/kds_v3/toolchain/bin/../lib/gcc/arm-none-eabi/4.8.4/../../../../arm-none-eabi/lib/armv6-m\libg_s.a(lib_a-vfprintf_i.o)
 .ARM.attributes
                0x00000b6e       0x2c c:/freescale/kds_v3/toolchain/bin/../lib/gcc/arm-none-eabi/4.8.4/../../../../arm-none-eabi/lib/armv6-m\libg_s.a(lib_a-wbuf.o)
 .ARM.attributes
                0x00000b9a       0x2c c:/freescale/kds_v3/toolchain/bin/../lib/gcc/arm-none-eabi/4.8.4/../../../../arm-none-eabi/lib/armv6-m\libg_s.a(lib_a-wsetup.o)
 .ARM.attributes
                0x00000bc6       0x2c c:/freescale/kds_v3/toolchain/bin/../lib/gcc/arm-none-eabi/4.8.4/../../../../arm-none-eabi/lib/armv6-m\libg_s.a(lib_a-abort.o)
 .ARM.attributes
                0x00000bf2       0x2c c:/freescale/kds_v3/toolchain/bin/../lib/gcc/arm-none-eabi/4.8.4/../../../../arm-none-eabi/lib/armv6-m\libg_s.a(lib_a-fflush.o)
 .ARM.attributes
                0x00000c1e       0x2c c:/freescale/kds_v3/toolchain/bin/../lib/gcc/arm-none-eabi/4.8.4/../../../../arm-none-eabi/lib/armv6-m\libg_s.a(lib_a-findfp.o)
 .ARM.attributes
                0x00000c4a       0x2c c:/freescale/kds_v3/toolchain/bin/../lib/gcc/arm-none-eabi/4.8.4/../../../../arm-none-eabi/lib/armv6-m\libg_s.a(lib_a-makebuf.o)
 .ARM.attributes
                0x00000c76       0x2c c:/freescale/kds_v3/toolchain/bin/../lib/gcc/arm-none-eabi/4.8.4/../../../../arm-none-eabi/lib/armv6-m\libg_s.a(lib_a-memchr-stub.o)
 .ARM.attributes
                0x00000ca2       0x2c c:/freescale/kds_v3/toolchain/bin/../lib/gcc/arm-none-eabi/4.8.4/../../../../arm-none-eabi/lib/armv6-m\libg_s.a(lib_a-reent.o)
 .ARM.attributes
                0x00000cce       0x2c c:/freescale/kds_v3/toolchain/bin/../lib/gcc/arm-none-eabi/4.8.4/../../../../arm-none-eabi/lib/armv6-m\libg_s.a(lib_a-signal.o)
 .ARM.attributes
                0x00000cfa       0x2c c:/freescale/kds_v3/toolchain/bin/../lib/gcc/arm-none-eabi/4.8.4/../../../../arm-none-eabi/lib/armv6-m\libg_s.a(lib_a-signalr.o)
 .ARM.attributes
                0x00000d26       0x2c c:/freescale/kds_v3/toolchain/bin/../lib/gcc/arm-none-eabi/4.8.4/../../../../arm-none-eabi/lib/armv6-m\libg_s.a(lib_a-stdio.o)
 .ARM.attributes
                0x00000d52       0x2c c:/freescale/kds_v3/toolchain/bin/../lib/gcc/arm-none-eabi/4.8.4/../../../../arm-none-eabi/lib/armv6-m\libg_s.a(lib_a-writer.o)
 .ARM.attributes
                0x00000d7e       0x2c c:/freescale/kds_v3/toolchain/bin/../lib/gcc/arm-none-eabi/4.8.4/../../../../arm-none-eabi/lib/armv6-m\libg_s.a(lib_a-closer.o)
 .ARM.attributes
                0x00000daa       0x2c c:/freescale/kds_v3/toolchain/bin/../lib/gcc/arm-none-eabi/4.8.4/../../../../arm-none-eabi/lib/armv6-m\libg_s.a(lib_a-fstatr.o)
 .ARM.attributes
                0x00000dd6       0x2c c:/freescale/kds_v3/toolchain/bin/../lib/gcc/arm-none-eabi/4.8.4/../../../../arm-none-eabi/lib/armv6-m\libg_s.a(lib_a-isattyr.o)
 .ARM.attributes
                0x00000e02       0x2c c:/freescale/kds_v3/toolchain/bin/../lib/gcc/arm-none-eabi/4.8.4/../../../../arm-none-eabi/lib/armv6-m\libg_s.a(lib_a-lseekr.o)
 .ARM.attributes
                0x00000e2e       0x2c c:/freescale/kds_v3/toolchain/bin/../lib/gcc/arm-none-eabi/4.8.4/../../../../arm-none-eabi/lib/armv6-m\libg_s.a(lib_a-readr.o)
 .ARM.attributes
                0x00000e5a       0x2c c:/freescale/kds_v3/toolchain/bin/../lib/gcc/arm-none-eabi/4.8.4/../../../../arm-none-eabi/lib/armv6-m\libnosys.a(close.o)
 .ARM.attributes
                0x00000e86       0x2c c:/freescale/kds_v3/toolchain/bin/../lib/gcc/arm-none-eabi/4.8.4/../../../../arm-none-eabi/lib/armv6-m\libnosys.a(fstat.o)
 .ARM.attributes
                0x00000eb2       0x2c c:/freescale/kds_v3/toolchain/bin/../lib/gcc/arm-none-eabi/4.8.4/../../../../arm-none-eabi/lib/armv6-m\libnosys.a(getpid.o)
 .ARM.attributes
                0x00000ede       0x2c c:/freescale/kds_v3/toolchain/bin/../lib/gcc/arm-none-eabi/4.8.4/../../../../arm-none-eabi/lib/armv6-m\libnosys.a(isatty.o)
 .ARM.attributes
                0x00000f0a       0x2c c:/freescale/kds_v3/toolchain/bin/../lib/gcc/arm-none-eabi/4.8.4/../../../../arm-none-eabi/lib/armv6-m\libnosys.a(kill.o)
 .ARM.attributes
                0x00000f36       0x2c c:/freescale/kds_v3/toolchain/bin/../lib/gcc/arm-none-eabi/4.8.4/../../../../arm-none-eabi/lib/armv6-m\libnosys.a(lseek.o)
 .ARM.attributes
                0x00000f62       0x2c c:/freescale/kds_v3/toolchain/bin/../lib/gcc/arm-none-eabi/4.8.4/../../../../arm-none-eabi/lib/armv6-m\libnosys.a(_exit.o)
 .ARM.attributes
                0x00000f8e       0x2c c:/freescale/kds_v3/toolchain/bin/../lib/gcc/arm-none-eabi/4.8.4/armv6-m/crtend.o
 .ARM.attributes
                0x00000fba       0x1e c:/freescale/kds_v3/toolchain/bin/../lib/gcc/arm-none-eabi/4.8.4/armv6-m/crtn.o
OUTPUT(kl25z.elf elf32-littlearm)

.debug_info     0x00000000     0xe969
 .debug_info    0x00000000       0xf3 ./Static_Code/System/PE_low_level_init.o
 .debug_info    0x000000f3      0x22f ./Sources/scheduler/src/scheduler.o
 .debug_info    0x00000322      0x3db ./Sources/peripherals/RGB_LED/ledrgb_hal.o
 .debug_info    0x000006fd      0x144 ./Sources/osa_ex/src/fsl_os_abstraction_ex_free_rtos.o
 .debug_info    0x00000841      0x135 ./Sources/Events.o
 .debug_info    0x00000976      0x1cc ./Sources/main.o
 .debug_info    0x00000b42      0x1f5 ./Sources/os_tasks.o
 .debug_info    0x00000d37      0x1de ./Sources/rtos_main_task.o
 .debug_info    0x00000f15       0xe0 ./SDK/rtos/FreeRTOS/src/heap_3.o
 .debug_info    0x00000ff5      0x2a1 ./SDK/rtos/FreeRTOS/src/list.o
 .debug_info    0x00001296      0xaff ./SDK/rtos/FreeRTOS/src/queue.o
 .debug_info    0x00001d95     0x12e1 ./SDK/rtos/FreeRTOS/src/tasks.o
 .debug_info    0x00003076      0x964 ./SDK/rtos/FreeRTOS/src/timers.o
 .debug_info    0x000039da      0x29e ./SDK/rtos/FreeRTOS/port/gcc/port.o
 .debug_info    0x00003c78      0xa71 ./SDK/platform/utilities/src/fsl_debug_console.o
 .debug_info    0x000046e9      0x16b ./SDK/platform/utilities/src/fsl_misc_utilities.o
 .debug_info    0x00004854     0x17c9 ./SDK/platform/system/src/clock/MKL25Z4/fsl_clock_MKL25Z4.o
 .debug_info    0x0000601d      0x462 ./SDK/platform/system/src/clock/fsl_clock_manager_common.o
 .debug_info    0x0000647f      0xe95 ./SDK/platform/osa/src/fsl_os_abstraction_free_rtos.o
 .debug_info    0x00007314      0x83e ./SDK/platform/hal/src/uart/fsl_uart_hal.o
 .debug_info    0x00007b52      0x50b ./SDK/platform/hal/src/tpm/fsl_tpm_hal.o
 .debug_info    0x0000805d      0xc53 ./SDK/platform/hal/src/mcg/fsl_mcg_hal.o
 .debug_info    0x00008cb0      0x947 ./SDK/platform/hal/src/lpsci/fsl_lpsci_hal.o
 .debug_info    0x000095f7      0x2f0 ./SDK/platform/hal/src/gpio/fsl_gpio_hal.o
 .debug_info    0x000098e7      0x2c7 ./SDK/platform/drivers/src/tpm/fsl_tpm_common.o
 .debug_info    0x00009bae     0x1359 ./SDK/platform/drivers/src/tpm/fsl_tpm_driver.o
 .debug_info    0x0000af07      0x397 ./SDK/platform/drivers/src/gpio/fsl_gpio_common.o
 .debug_info    0x0000b29e      0xe80 ./SDK/platform/drivers/src/gpio/fsl_gpio_driver.o
 .debug_info    0x0000c11e       0x75 ./SDK/platform/devices/MKL25Z4/startup/gcc/startup_MKL25Z4.o
 .debug_info    0x0000c193      0x672 ./SDK/platform/devices/MKL25Z4/startup/system_MKL25Z4.o
 .debug_info    0x0000c805      0x296 ./SDK/platform/devices/startup.o
 .debug_info    0x0000ca9b      0x8c2 ./Generated_Code/Cpu.o
 .debug_info    0x0000d35d      0x182 ./Generated_Code/MainTask.o
 .debug_info    0x0000d4df      0x182 ./Generated_Code/Task10Hz.o
 .debug_info    0x0000d661      0x182 ./Generated_Code/Task1Hz.o
 .debug_info    0x0000d7e3      0x182 ./Generated_Code/Task25Hz.o
 .debug_info    0x0000d965      0x182 ./Generated_Code/Task2Hz.o
 .debug_info    0x0000dae7      0x182 ./Generated_Code/Task50Hz.o
 .debug_info    0x0000dc69      0x1bd ./Generated_Code/gpio1.o
 .debug_info    0x0000de26      0x3cf ./Generated_Code/hardware_init.o
 .debug_info    0x0000e1f5      0x5bd ./Generated_Code/pin_init.o
 .debug_info    0x0000e7b2      0x1b7 ./Generated_Code/tpmTmr1.o

.debug_abbrev   0x00000000     0x31b9
 .debug_abbrev  0x00000000       0x75 ./Static_Code/System/PE_low_level_init.o
 .debug_abbrev  0x00000075      0x115 ./Sources/scheduler/src/scheduler.o
 .debug_abbrev  0x0000018a      0x11f ./Sources/peripherals/RGB_LED/ledrgb_hal.o
 .debug_abbrev  0x000002a9       0xb3 ./Sources/osa_ex/src/fsl_os_abstraction_ex_free_rtos.o
 .debug_abbrev  0x0000035c       0x94 ./Sources/Events.o
 .debug_abbrev  0x000003f0       0xc1 ./Sources/main.o
 .debug_abbrev  0x000004b1       0xa5 ./Sources/os_tasks.o
 .debug_abbrev  0x00000556       0xdb ./Sources/rtos_main_task.o
 .debug_abbrev  0x00000631       0xa2 ./SDK/rtos/FreeRTOS/src/heap_3.o
 .debug_abbrev  0x000006d3       0xc1 ./SDK/rtos/FreeRTOS/src/list.o
 .debug_abbrev  0x00000794      0x142 ./SDK/rtos/FreeRTOS/src/queue.o
 .debug_abbrev  0x000008d6      0x204 ./SDK/rtos/FreeRTOS/src/tasks.o
 .debug_abbrev  0x00000ada      0x194 ./SDK/rtos/FreeRTOS/src/timers.o
 .debug_abbrev  0x00000c6e      0x140 ./SDK/rtos/FreeRTOS/port/gcc/port.o
 .debug_abbrev  0x00000dae      0x23a ./SDK/platform/utilities/src/fsl_debug_console.o
 .debug_abbrev  0x00000fe8       0xc4 ./SDK/platform/utilities/src/fsl_misc_utilities.o
 .debug_abbrev  0x000010ac      0x2f2 ./SDK/platform/system/src/clock/MKL25Z4/fsl_clock_MKL25Z4.o
 .debug_abbrev  0x0000139e       0xde ./SDK/platform/system/src/clock/fsl_clock_manager_common.o
 .debug_abbrev  0x0000147c      0x221 ./SDK/platform/osa/src/fsl_os_abstraction_free_rtos.o
 .debug_abbrev  0x0000169d      0x1ee ./SDK/platform/hal/src/uart/fsl_uart_hal.o
 .debug_abbrev  0x0000188b      0x1c5 ./SDK/platform/hal/src/tpm/fsl_tpm_hal.o
 .debug_abbrev  0x00001a50      0x237 ./SDK/platform/hal/src/mcg/fsl_mcg_hal.o
 .debug_abbrev  0x00001c87      0x211 ./SDK/platform/hal/src/lpsci/fsl_lpsci_hal.o
 .debug_abbrev  0x00001e98      0x11b ./SDK/platform/hal/src/gpio/fsl_gpio_hal.o
 .debug_abbrev  0x00001fb3       0xc0 ./SDK/platform/drivers/src/tpm/fsl_tpm_common.o
 .debug_abbrev  0x00002073      0x28e ./SDK/platform/drivers/src/tpm/fsl_tpm_driver.o
 .debug_abbrev  0x00002301       0xc0 ./SDK/platform/drivers/src/gpio/fsl_gpio_common.o
 .debug_abbrev  0x000023c1      0x27a ./SDK/platform/drivers/src/gpio/fsl_gpio_driver.o
 .debug_abbrev  0x0000263b       0x14 ./SDK/platform/devices/MKL25Z4/startup/gcc/startup_MKL25Z4.o
 .debug_abbrev  0x0000264f      0x121 ./SDK/platform/devices/MKL25Z4/startup/system_MKL25Z4.o
 .debug_abbrev  0x00002770       0xe9 ./SDK/platform/devices/startup.o
 .debug_abbrev  0x00002859      0x172 ./Generated_Code/Cpu.o
 .debug_abbrev  0x000029cb       0xb0 ./Generated_Code/MainTask.o
 .debug_abbrev  0x00002a7b       0xb0 ./Generated_Code/Task10Hz.o
 .debug_abbrev  0x00002b2b       0xb0 ./Generated_Code/Task1Hz.o
 .debug_abbrev  0x00002bdb       0xb0 ./Generated_Code/Task25Hz.o
 .debug_abbrev  0x00002c8b       0xb0 ./Generated_Code/Task2Hz.o
 .debug_abbrev  0x00002d3b       0xb0 ./Generated_Code/Task50Hz.o
 .debug_abbrev  0x00002deb       0xa7 ./Generated_Code/gpio1.o
 .debug_abbrev  0x00002e92      0x10c ./Generated_Code/hardware_init.o
 .debug_abbrev  0x00002f9e      0x174 ./Generated_Code/pin_init.o
 .debug_abbrev  0x00003112       0xa7 ./Generated_Code/tpmTmr1.o

.debug_aranges  0x00000000     0x11b8
 .debug_aranges
                0x00000000       0x28 ./Static_Code/System/PE_low_level_init.o
 .debug_aranges
                0x00000028       0x38 ./Sources/scheduler/src/scheduler.o
 .debug_aranges
                0x00000060       0x68 ./Sources/peripherals/RGB_LED/ledrgb_hal.o
 .debug_aranges
                0x000000c8       0x20 ./Sources/osa_ex/src/fsl_os_abstraction_ex_free_rtos.o
 .debug_aranges
                0x000000e8       0x20 ./Sources/Events.o
 .debug_aranges
                0x00000108       0x20 ./Sources/main.o
 .debug_aranges
                0x00000128       0x48 ./Sources/os_tasks.o
 .debug_aranges
                0x00000170       0x20 ./Sources/rtos_main_task.o
 .debug_aranges
                0x00000190       0x28 ./SDK/rtos/FreeRTOS/src/heap_3.o
 .debug_aranges
                0x000001b8       0x40 ./SDK/rtos/FreeRTOS/src/list.o
 .debug_aranges
                0x000001f8       0xe0 ./SDK/rtos/FreeRTOS/src/queue.o
 .debug_aranges
                0x000002d8      0x1a0 ./SDK/rtos/FreeRTOS/src/tasks.o
 .debug_aranges