Archive member included because of file (symbol)

c:/freescale/kds_v3/toolchain/bin/../lib/gcc/arm-none-eabi/4.8.4/armv6-m\libgcc.a(_udivsi3.o)
                              ./SDK/platform/utilities/src/print_scan.o (__aeabi_uidiv)
c:/freescale/kds_v3/toolchain/bin/../lib/gcc/arm-none-eabi/4.8.4/armv6-m\libgcc.a(_divsi3.o)
                              ./SDK/platform/utilities/src/print_scan.o (__aeabi_idiv)
c:/freescale/kds_v3/toolchain/bin/../lib/gcc/arm-none-eabi/4.8.4/armv6-m\libgcc.a(_dvmd_tls.o)
                              c:/freescale/kds_v3/toolchain/bin/../lib/gcc/arm-none-eabi/4.8.4/armv6-m\libgcc.a(_udivsi3.o) (__aeabi_idiv0)
c:/freescale/kds_v3/toolchain/bin/../lib/gcc/arm-none-eabi/4.8.4/../../../../arm-none-eabi/lib/armv6-m\libg_s.a(lib_a-assert.o)
                              ./Sources/peripherals/RGB_LED/ledrgb_hal.o (__assert_func)
c:/freescale/kds_v3/toolchain/bin/../lib/gcc/arm-none-eabi/4.8.4/../../../../arm-none-eabi/lib/armv6-m\libg_s.a(lib_a-errno.o)
                              ./SDK/platform/utilities/src/fsl_misc_utilities.o (__errno)
c:/freescale/kds_v3/toolchain/bin/../lib/gcc/arm-none-eabi/4.8.4/../../../../arm-none-eabi/lib/armv6-m\libg_s.a(lib_a-exit.o)
                              c:/freescale/kds_v3/toolchain/bin/../lib/gcc/arm-none-eabi/4.8.4/../../../../arm-none-eabi/lib/armv6-m/crt0.o (exit)
c:/freescale/kds_v3/toolchain/bin/../lib/gcc/arm-none-eabi/4.8.4/../../../../arm-none-eabi/lib/armv6-m\libg_s.a(lib_a-fprintf.o)
                              c:/freescale/kds_v3/toolchain/bin/../lib/gcc/arm-none-eabi/4.8.4/../../../../arm-none-eabi/lib/armv6-m\libg_s.a(lib_a-assert.o) (fiprintf)
c:/freescale/kds_v3/toolchain/bin/../lib/gcc/arm-none-eabi/4.8.4/../../../../arm-none-eabi/lib/armv6-m\libg_s.a(lib_a-impure.o)
                              c:/freescale/kds_v3/toolchain/bin/../lib/gcc/arm-none-eabi/4.8.4/../../../../arm-none-eabi/lib/armv6-m\libg_s.a(lib_a-exit.o) (_global_impure_ptr)
c:/freescale/kds_v3/toolchain/bin/../lib/gcc/arm-none-eabi/4.8.4/../../../../arm-none-eabi/lib/armv6-m\libg_s.a(lib_a-init.o)
                              c:/freescale/kds_v3/toolchain/bin/../lib/gcc/arm-none-eabi/4.8.4/../../../../arm-none-eabi/lib/armv6-m/crt0.o (__libc_init_array)
c:/freescale/kds_v3/toolchain/bin/../lib/gcc/arm-none-eabi/4.8.4/../../../../arm-none-eabi/lib/armv6-m\libg_s.a(lib_a-malloc.o)
                              ./SDK/rtos/FreeRTOS/src/heap_3.o (malloc)
c:/freescale/kds_v3/toolchain/bin/../lib/gcc/arm-none-eabi/4.8.4/../../../../arm-none-eabi/lib/armv6-m\libg_s.a(lib_a-memcpy-stub.o)
                              ./SDK/rtos/FreeRTOS/src/queue.o (memcpy)
c:/freescale/kds_v3/toolchain/bin/../lib/gcc/arm-none-eabi/4.8.4/../../../../arm-none-eabi/lib/armv6-m\libg_s.a(lib_a-memset.o)
                              c:/freescale/kds_v3/toolchain/bin/../lib/gcc/arm-none-eabi/4.8.4/../../../../arm-none-eabi/lib/armv6-m/crt0.o (memset)
c:/freescale/kds_v3/toolchain/bin/../lib/gcc/arm-none-eabi/4.8.4/../../../../arm-none-eabi/lib/armv6-m\libg_s.a(lib_a-nano-freer.o)
                              c:/freescale/kds_v3/toolchain/bin/../lib/gcc/arm-none-eabi/4.8.4/../../../../arm-none-eabi/lib/armv6-m\libg_s.a(lib_a-malloc.o) (_free_r)
c:/freescale/kds_v3/toolchain/bin/../lib/gcc/arm-none-eabi/4.8.4/../../../../arm-none-eabi/lib/armv6-m\libg_s.a(lib_a-nano-mallocr.o)
                              c:/freescale/kds_v3/toolchain/bin/../lib/gcc/arm-none-eabi/4.8.4/../../../../arm-none-eabi/lib/armv6-m\libg_s.a(lib_a-malloc.o) (_malloc_r)
c:/freescale/kds_v3/toolchain/bin/../lib/gcc/arm-none-eabi/4.8.4/../../../../arm-none-eabi/lib/armv6-m\libg_s.a(lib_a-sbrkr.o)
                              c:/freescale/kds_v3/toolchain/bin/../lib/gcc/arm-none-eabi/4.8.4/../../../../arm-none-eabi/lib/armv6-m\libg_s.a(lib_a-nano-mallocr.o) (_sbrk_r)
c:/freescale/kds_v3/toolchain/bin/../lib/gcc/arm-none-eabi/4.8.4/../../../../arm-none-eabi/lib/armv6-m\libg_s.a(lib_a-setjmp.o)
                              ./SDK/rtos/FreeRTOS/port/gcc/port.o (setjmp)
c:/freescale/kds_v3/toolchain/bin/../lib/gcc/arm-none-eabi/4.8.4/../../../../arm-none-eabi/lib/armv6-m\libg_s.a(lib_a-strlen.o)
                              ./SDK/platform/utilities/src/print_scan.o (strlen)
c:/freescale/kds_v3/toolchain/bin/../lib/gcc/arm-none-eabi/4.8.4/../../../../arm-none-eabi/lib/armv6-m\libg_s.a(lib_a-vfprintf.o)
                              c:/freescale/kds_v3/toolchain/bin/../lib/gcc/arm-none-eabi/4.8.4/../../../../arm-none-eabi/lib/armv6-m\libg_s.a(lib_a-fprintf.o) (_vfprintf_r)
c:/freescale/kds_v3/toolchain/bin/../lib/gcc/arm-none-eabi/4.8.4/../../../../arm-none-eabi/lib/armv6-m\libg_s.a(lib_a-vfprintf_i.o)
                              c:/freescale/kds_v3/toolchain/bin/../lib/gcc/arm-none-eabi/4.8.4/../../../../arm-none-eabi/lib/armv6-m\libg_s.a(lib_a-vfprintf.o) (_printf_i)
c:/freescale/kds_v3/toolchain/bin/../lib/gcc/arm-none-eabi/4.8.4/../../../../arm-none-eabi/lib/armv6-m\libg_s.a(lib_a-wbuf.o)
[...]
Memory Configuration

Name             Origin             Length             Attributes
m_interrupts     0x00000000         0x00000200         xr
m_flash_config   0x00000400         0x00000010         xr
m_interrupts_ram 0x1ffff000         0x00000200         rw
m_text           0x00000410         0x0001fbf0         xr
m_data           0x1ffff200         0x00003e00         rw
*default*        0x00000000         0xffffffff

Linker script and memory map

LOAD c:/freescale/kds_v3/toolchain/bin/../lib/gcc/arm-none-eabi/4.8.4/armv6-m/crti.o
LOAD c:/freescale/kds_v3/toolchain/bin/../lib/gcc/arm-none-eabi/4.8.4/armv6-m/crtbegin.o
LOAD c:/freescale/kds_v3/toolchain/bin/../lib/gcc/arm-none-eabi/4.8.4/../../../../arm-none-eabi/lib/armv6-m/crt0.o
LOAD ./Static_Code/System/PE_low_level_init.o
LOAD ./Sources/scheduler/src/scheduler.o
LOAD ./Sources/peripherals/RGB_LED/ledrgb_hal.o
LOAD ./Sources/osa_ex/src/fsl_os_abstraction_ex_bm.o
LOAD ./Sources/osa_ex/src/fsl_os_abstraction_ex_free_rtos.o
LOAD ./Sources/osa_ex/src/fsl_os_abstraction_ex_mqx.o
LOAD ./Sources/osa_ex/src/fsl_os_abstraction_ex_ucosii.o
LOAD ./Sources/osa_ex/src/fsl_os_abstraction_ex_ucosiii.o
LOAD ./Sources/Events.o
LOAD ./Sources/main.o
LOAD ./Sources/os_tasks.o
LOAD ./Sources/rtos_main_task.o
LOAD ./SDK/rtos/FreeRTOS/src/croutine.o
LOAD ./SDK/rtos/FreeRTOS/src/event_groups.o
LOAD ./SDK/rtos/FreeRTOS/src/heap_1.o
LOAD ./SDK/rtos/FreeRTOS/src/heap_2.o
LOAD ./SDK/rtos/FreeRTOS/src/heap_3.o
LOAD ./SDK/rtos/FreeRTOS/src/heap_4.o
LOAD ./SDK/rtos/FreeRTOS/src/heap_5.o
LOAD ./SDK/rtos/FreeRTOS/src/list.o
LOAD ./SDK/rtos/FreeRTOS/src/queue.o
LOAD ./SDK/rtos/FreeRTOS/src/tasks.o
LOAD ./SDK/rtos/FreeRTOS/src/timers.o
LOAD ./SDK/rtos/FreeRTOS/port/gcc/port.o
LOAD ./SDK/rtos/FreeRTOS/port/gcc/portasm.o
LOAD ./SDK/platform/utilities/src/fsl_debug_console.o
LOAD ./SDK/platform/utilities/src/fsl_misc_utilities.o
LOAD ./SDK/platform/utilities/src/print_scan.o
LOAD ./SDK/platform/system/src/interrupt/fsl_interrupt_manager.o
LOAD ./SDK/platform/system/src/clock/MKL25Z4/fsl_clock_MKL25Z4.o
LOAD ./SDK/platform/system/src/clock/fsl_clock_manager.o
LOAD ./SDK/platform/system/src/clock/fsl_clock_manager_common.o
LOAD ./SDK/platform/osa/src/fsl_os_abstraction_free_rtos.o
LOAD ./SDK/platform/hal/src/uart/fsl_uart_hal.o
LOAD ./SDK/platform/hal/src/tpm/fsl_tpm_hal.o
LOAD ./SDK/platform/hal/src/sim/MKL25Z4/fsl_sim_hal_MKL25Z4.o
LOAD ./SDK/platform/hal/src/rtc/fsl_rtc_hal.o
LOAD ./SDK/platform/hal/src/port/fsl_port_hal.o
LOAD ./SDK/platform/hal/src/osc/fsl_osc_hal.o
LOAD ./SDK/platform/hal/src/mcg/fsl_mcg_hal.o
LOAD ./SDK/platform/hal/src/mcg/fsl_mcg_hal_modes.o
LOAD ./SDK/platform/hal/src/lpsci/fsl_lpsci_hal.o
LOAD ./SDK/platform/hal/src/gpio/fsl_gpio_hal.o
LOAD ./SDK/platform/drivers/src/tpm/fsl_tpm_common.o
LOAD ./SDK/platform/drivers/src/tpm/fsl_tpm_driver.o
LOAD ./SDK/platform/drivers/src/rtc/fsl_rtc_common.o
LOAD ./SDK/platform/drivers/src/gpio/fsl_gpio_common.o
LOAD ./SDK/platform/drivers/src/gpio/fsl_gpio_driver.o
LOAD ./SDK/platform/devices/MKL25Z4/startup/gcc/startup_MKL25Z4.o
LOAD ./SDK/platform/devices/MKL25Z4/startup/system_MKL25Z4.o
LOAD ./SDK/platform/devices/startup.o
LOAD ./Generated_Code/Cpu.o
LOAD ./Generated_Code/DbgCs1.o
LOAD ./Generated_Code/MainTask.o
LOAD ./Generated_Code/Task10Hz.o
LOAD ./Generated_Code/Task1Hz.o
LOAD ./Generated_Code/Task25Hz.o
LOAD ./Generated_Code/Task2Hz.o
LOAD ./Generated_Code/Task50Hz.o
LOAD ./Generated_Code/clockMan1.o
LOAD ./Generated_Code/free_rtos.o
LOAD ./Generated_Code/gpio1.o
LOAD ./Generated_Code/hardware_init.o
LOAD ./Generated_Code/osa1.o
LOAD ./Generated_Code/pin_init.o
LOAD ./Generated_Code/tpmTmr1.o
LOAD c:/freescale/kds_v3/toolchain/bin/../lib/gcc/arm-none-eabi/4.8.4/../../../../arm-none-eabi/lib/armv6-m\libstdc++_s.a
LOAD c:/freescale/kds_v3/toolchain/bin/../lib/gcc/arm-none-eabi/4.8.4/../../../../arm-none-eabi/lib/armv6-m\libm.a
START GROUP
LOAD c:/freescale/kds_v3/toolchain/bin/../lib/gcc/arm-none-eabi/4.8.4/armv6-m\libgcc.a
LOAD c:/freescale/kds_v3/toolchain/bin/../lib/gcc/arm-none-eabi/4.8.4/../../../../arm-none-eabi/lib/armv6-m\libg_s.a
LOAD c:/freescale/kds_v3/toolchain/bin/../lib/gcc/arm-none-eabi/4.8.4/../../../../arm-none-eabi/lib/armv6-m\libc_s.a
END GROUP
START GROUP
LOAD c:/freescale/kds_v3/toolchain/bin/../lib/gcc/arm-none-eabi/4.8.4/armv6-m\libgcc.a
LOAD c:/freescale/kds_v3/toolchain/bin/../lib/gcc/arm-none-eabi/4.8.4/../../../../arm-none-eabi/lib/armv6-m\libc_s.a
LOAD c:/freescale/kds_v3/toolchain/bin/../lib/gcc/arm-none-eabi/4.8.4/../../../../arm-none-eabi/lib/armv6-m\libnosys.a
END GROUP
START GROUP
LOAD c:/freescale/kds_v3/toolchain/bin/../lib/gcc/arm-none-eabi/4.8.4/armv6-m\libgcc.a
LOAD c:/freescale/kds_v3/toolchain/bin/../lib/gcc/arm-none-eabi/4.8.4/../../../../arm-none-eabi/lib/armv6-m\libc_s.a
LOAD c:/freescale/kds_v3/toolchain/bin/../lib/gcc/arm-none-eabi/4.8.4/../../../../arm-none-eabi/lib/armv6-m\libnosys.a
END GROUP
LOAD c:/freescale/kds_v3/toolchain/bin/../lib/gcc/arm-none-eabi/4.8.4/armv6-m/crtend.o
LOAD c:/freescale/kds_v3/toolchain/bin/../lib/gcc/arm-none-eabi/4.8.4/armv6-m/crtn.o
                0x00002000                HEAP_SIZE = DEFINED (__heap_size__)?__heap_size__:0x2000
                0x00000400                STACK_SIZE = DEFINED (__stack_size__)?__stack_size__:0x400

.interrupts     0x00000000       0xc0
                0x00000000                __VECTOR_TABLE = .
                0x00000000                . = ALIGN (0x4)
 *(.isr_vector)
 .isr_vector    0x00000000       0xc0 ./SDK/platform/devices/MKL25Z4/startup/gcc/startup_MKL25Z4.o
                0x00000000                __isr_vector
                0x000000c0                . = ALIGN (0x4)
                0x1ffff000                __VECTOR_RAM = ORIGIN (m_interrupts_ram)

.flash_config   0x00000400       0x10
                0x00000400                . = ALIGN (0x4)
 *(.FlashConfig)
 .FlashConfig   0x00000400       0x10 ./SDK/platform/devices/MKL25Z4/startup/gcc/startup_MKL25Z4.o
                0x00000410                . = ALIGN (0x4)

.text           0x00000410     0x6630
                0x00000410                . = ALIGN (0x4)
 *(.text)
 .text          0x00000410       0x60 c:/freescale/kds_v3/toolchain/bin/../lib/gcc/arm-none-eabi/4.8.4/armv6-m/crtbegin.o
 .text          0x00000470       0x78 c:/freescale/kds_v3/toolchain/bin/../lib/gcc/arm-none-eabi/4.8.4/../../../../arm-none-eabi/lib/armv6-m/crt0.o
                0x00000470                _start
                0x00000470                _mainCRTStartup
 .text          0x000004e8       0x18 ./SDK/platform/devices/MKL25Z4/startup/gcc/startup_MKL25Z4.o
                0x000004e8                Reset_Handler
                0x000004f8                HardFault_Handler
                0x000004f8                NMI_Handler
                0x000004f8                I2C1_IRQHandler
                0x000004f8                UART1_IRQHandler
                0x000004f8                DMA2_IRQHandler
                0x000004f8                LLWU_IRQHandler
                0x000004f8                TSI0_IRQHandler
                0x000004f8                UART0_IRQHandler
                0x000004f8                ADC0_IRQHandler
                0x000004f8                Reserved39_IRQHandler
                0x000004f8                SPI1_IRQHandler
                0x000004f8                DefaultISR
                0x000004f8                PORTD_IRQHandler
                0x000004f8                TPM2_IRQHandler
                0x000004f8                RTC_IRQHandler
                0x000004f8                I2C0_IRQHandler
                0x000004f8                RTC_Seconds_IRQHandler
                0x000004f8                MCG_IRQHandler
                0x000004f8                UART2_IRQHandler
                0x000004f8                Reserved20_IRQHandler
                0x000004f8                USB0_IRQHandler
                0x000004f8                PIT_IRQHandler
                0x000004f8                DMA3_IRQHandler
                0x000004f8                DMA0_IRQHandler
                0x000004f8                DAC0_IRQHandler
                0x000004f8                Reserved45_IRQHandler
                0x000004f8                TPM1_IRQHandler
                0x000004f8                LVD_LVW_IRQHandler
                0x000004f8                SPI0_IRQHandler
                0x000004f8                PORTA_IRQHandler
                0x000004f8                FTFA_IRQHandler
                0x000004f8                LPTMR0_IRQHandler
                0x000004f8                CMP0_IRQHandler
                0x000004f8                DMA1_IRQHandler
 .text          0x00000500       0x9c c:/freescale/kds_v3/toolchain/bin/../lib/gcc/arm-none-eabi/4.8.4/armv6-m\libgcc.a(_udivsi3.o)
                0x00000500                __aeabi_uidiv
                0x00000500                __udivsi3
                0x00000588                __aeabi_uidivmod
 .text          0x0000059c        0x4 c:/freescale/kds_v3/toolchain/bin/../lib/gcc/arm-none-eabi/4.8.4/armv6-m\libgcc.a(_dvmd_tls.o)
                0x0000059c                __aeabi_idiv0
                0x0000059c                __aeabi_ldiv0
 .text          0x000005a0       0x34 c:/freescale/kds_v3/toolchain/bin/../lib/gcc/arm-none-eabi/4.8.4/../../../../arm-none-eabi/lib/armv6-m\libg_s.a(lib_a-setjmp.o)
                0x000005a0                setjmp
                0x000005b8                longjmp
 *(.text*)
 .text.PEX_components_init
                0x000005d4        0xc ./Static_Code/System/PE_low_level_init.o
                0x000005d4                PEX_components_init
 .text.PE_low_level_init
                0x000005e0       0x10 ./Static_Code/System/PE_low_level_init.o
                0x000005e0                PE_low_level_init
 .text.PORT_HAL_SetMuxMode
                0x000005f0       0x4c ./Sources/peripherals/RGB_LED/ledrgb_hal.o
 .text.GPIO_HAL_SetPinOutput
                0x0000063c       0x3c ./Sources/peripherals/RGB_LED/ledrgb_hal.o
 .text.GPIO_HAL_ClearPinOutput
                0x00000678       0x3c ./Sources/peripherals/RGB_LED/ledrgb_hal.o
 .text.ledrgb_init
                0x000006b4       0x78 ./Sources/peripherals/RGB_LED/ledrgb_hal.o
                0x000006b4                ledrgb_init
 .text.ledrgb_clearRedLed
                0x0000072c       0x18 ./Sources/peripherals/RGB_LED/ledrgb_hal.o
                0x0000072c                ledrgb_clearRedLed
 .text.ledrgb_setRedLed
                0x00000744       0x18 ./Sources/peripherals/RGB_LED/ledrgb_hal.o
                0x00000744                ledrgb_setRedLed
 .text.ledrgb_clearGreenLed
                0x0000075c       0x18 ./Sources/peripherals/RGB_LED/ledrgb_hal.o
                0x0000075c                ledrgb_clearGreenLed
 .text.ledrgb_clearBlueLed
                0x00000774       0x18 ./Sources/peripherals/RGB_LED/ledrgb_hal.o
                0x00000774                ledrgb_clearBlueLed
 .text.OSA_BinarySemaCreate
                0x0000078c       0x50 ./Sources/osa_ex/src/fsl_os_abstraction_ex_free_rtos.o
                0x0000078c                OSA_BinarySemaCreate
 .text.TPM0_IRQHandler
                0x000007dc       0x28 ./Sources/Events.o
                0x000007dc                TPM0_IRQHandler
 .text.main     0x00000804       0xa8 ./Sources/main.o
                0x00000804                main
 .text.Task1Hz_task
                0x000008ac       0x38 ./Sources/os_tasks.o
                0x000008ac                Task1Hz_task
 .text.Task2Hz_task
                0x000008e4       0x30 ./Sources/os_tasks.o
                0x000008e4                Task2Hz_task
 .text.Task10Hz_task
                0x00000914       0x2c ./Sources/os_tasks.o
                0x00000914                Task10Hz_task
 .text.Task25Hz_task
                0x00000940       0x2c ./Sources/os_tasks.o
                0x00000940                Task25Hz_task
 .text.Task50Hz_task
                0x0000096c       0x2c ./Sources/os_tasks.o
                0x0000096c                Task50Hz_task
 .text.Sched_Error_Catch
                0x00000998       0x14 ./Sources/os_tasks.o
                0x00000998                Sched_Error_Catch
 .text.main_task
                0x000009ac       0xb8 ./Sources/rtos_main_task.o
                0x000009ac                main_task
 .text.pvPortMalloc
                0x00000a64       0x28 ./SDK/rtos/FreeRTOS/src/heap_3.o
                0x00000a64                pvPortMalloc
 .text.vPortFree
                0x00000a8c       0x24 ./SDK/rtos/FreeRTOS/src/heap_3.o
                0x00000a8c                vPortFree
 .text.vListInitialise
                0x00000ab0       0x3c ./SDK/rtos/FreeRTOS/src/list.o
                0x00000ab0                vListInitialise
 .text.vListInitialiseItem
                0x00000aec       0x14 ./SDK/rtos/FreeRTOS/src/list.o
                0x00000aec                vListInitialiseItem
 .text.vListInsertEnd
                0x00000b00       0x44 ./SDK/rtos/FreeRTOS/src/list.o
                0x00000b00                vListInsertEnd
 .text.vListInsert
                0x00000b44       0x6c ./SDK/rtos/FreeRTOS/src/list.o
                0x00000b44                vListInsert
 .text.uxListRemove
                0x00000bb0       0x50 ./SDK/rtos/FreeRTOS/src/list.o
                0x00000bb0                uxListRemove
 .text.xQueueGenericReset
                0x00000c00       0xac ./SDK/rtos/FreeRTOS/src/queue.o
                0x00000c00                xQueueGenericReset
 .text.xQueueGenericCreate
                0x00000cac       0x94 ./SDK/rtos/FreeRTOS/src/queue.o
                0x00000cac                xQueueGenericCreate
 .text.xQueueGenericSend
                0x00000d40      0x198 ./SDK/rtos/FreeRTOS/src/queue.o
                0x00000d40                xQueueGenericSend
 .text.xQueueGenericSendFromISR
                0x00000ed8       0xd8 ./SDK/rtos/FreeRTOS/src/queue.o
                0x00000ed8                xQueueGenericSendFromISR
 .text.xQueueGiveFromISR
                0x00000fb0       0x9c ./SDK/rtos/FreeRTOS/src/queue.o
                0x00000fb0                xQueueGiveFromISR
 .text.xQueueGenericReceive
                0x0000104c      0x1c4 ./SDK/rtos/FreeRTOS/src/queue.o
                0x0000104c                xQueueGenericReceive
 .text.prvCopyDataToQueue
                0x00001210       0xe0 ./SDK/rtos/FreeRTOS/src/queue.o
 .text.prvCopyDataFromQueue
                0x000012f0       0x50 ./SDK/rtos/FreeRTOS/src/queue.o
 .text.prvUnlockQueue
                0x00001340       0x98 ./SDK/rtos/FreeRTOS/src/queue.o
 .text.prvIsQueueEmpty
                0x000013d8       0x2c ./SDK/rtos/FreeRTOS/src/queue.o
 .text.prvIsQueueFull
                0x00001404       0x30 ./SDK/rtos/FreeRTOS/src/queue.o
 .text.vQueueWaitForMessageRestricted
                0x00001434       0x58 ./SDK/rtos/FreeRTOS/src/queue.o
                0x00001434                vQueueWaitForMessageRestricted
 .text.xTaskGenericCreate
                0x0000148c      0x170 ./SDK/rtos/FreeRTOS/src/tasks.o
                0x0000148c                xTaskGenericCreate
 .text.vTaskDelay
                0x000015fc       0x68 ./SDK/rtos/FreeRTOS/src/tasks.o
                0x000015fc                vTaskDelay
 .text.vTaskStartScheduler
                0x00001664       0x78 ./SDK/rtos/FreeRTOS/src/tasks.o
                0x00001664                vTaskStartScheduler
 .text.vTaskSuspendAll
                0x000016dc       0x18 ./SDK/rtos/FreeRTOS/src/tasks.o
                0x000016dc                vTaskSuspendAll
 .text.xTaskResumeAll
                0x000016f4      0x10c ./SDK/rtos/FreeRTOS/src/tasks.o
                0x000016f4                xTaskResumeAll
 .text.xTaskGetTickCount
                0x00001800       0x24 ./SDK/rtos/FreeRTOS/src/tasks.o
                0x00001800                xTaskGetTickCount
 .text.xTaskIncrementTick
                0x00001824      0x16c ./SDK/rtos/FreeRTOS/src/tasks.o
                0x00001824                xTaskIncrementTick
 .text.vTaskSwitchContext
                0x00001990       0xa0 ./SDK/rtos/FreeRTOS/src/tasks.o
                0x00001990                vTaskSwitchContext
 .text.vTaskPlaceOnEventList
                0x00001a30       0x70 ./SDK/rtos/FreeRTOS/src/tasks.o
                0x00001a30                vTaskPlaceOnEventList
 .text.vTaskPlaceOnEventListRestricted
                0x00001aa0       0x54 ./SDK/rtos/FreeRTOS/src/tasks.o
                0x00001aa0                vTaskPlaceOnEventListRestricted
 .text.xTaskRemoveFromEventList
                0x00001af4       0xb8 ./SDK/rtos/FreeRTOS/src/tasks.o
                0x00001af4                xTaskRemoveFromEventList
 .text.vTaskSetTimeOutState
                0x00001bac       0x34 ./SDK/rtos/FreeRTOS/src/tasks.o
                0x00001bac                vTaskSetTimeOutState
 .text.xTaskCheckForTimeOut
                0x00001be0       0xa0 ./SDK/rtos/FreeRTOS/src/tasks.o
                0x00001be0                xTaskCheckForTimeOut
 .text.vTaskMissedYield
                0x00001c80       0x14 ./SDK/rtos/FreeRTOS/src/tasks.o
                0x00001c80                vTaskMissedYield
 .text.prvIdleTask
                0x00001c94       0x20 ./SDK/rtos/FreeRTOS/src/tasks.o
 .text.prvInitialiseTCBVariables
                0x00001cb4       0xa4 ./SDK/rtos/FreeRTOS/src/tasks.o
 .text.prvInitialiseTaskLists
                0x00001d58       0x88 ./SDK/rtos/FreeRTOS/src/tasks.o
 .text.prvCheckTasksWaitingTermination
                0x00001de0       0x74 ./SDK/rtos/FreeRTOS/src/tasks.o
 .text.prvAddCurrentTaskToDelayedList
                0x00001e54       0x6c ./SDK/rtos/FreeRTOS/src/tasks.o
 .text.prvAllocateTCBAndStack
                0x00001ec0       0x78 ./SDK/rtos/FreeRTOS/src/tasks.o
 .text.prvDeleteTCB
                0x00001f38       0x20 ./SDK/rtos/FreeRTOS/src/tasks.o
 .text.prvResetNextTaskUnblockTime
                0x00001f58       0x44 ./SDK/rtos/FreeRTOS/src/tasks.o
 .text.xTaskGetSchedulerState
                0x00001f9c       0x38 ./SDK/rtos/FreeRTOS/src/tasks.o
                0x00001f9c                xTaskGetSchedulerState
 .text.vTaskPriorityInherit
                0x00001fd4       0xbc ./SDK/rtos/FreeRTOS/src/tasks.o
                0x00001fd4                vTaskPriorityInherit
 .text.xTaskPriorityDisinherit
                0x00002090       0xa8 ./SDK/rtos/FreeRTOS/src/tasks.o
                0x00002090                xTaskPriorityDisinherit
 .text.pvTaskIncrementMutexHeldCount
                0x00002138       0x24 ./SDK/rtos/FreeRTOS/src/tasks.o
                0x00002138                pvTaskIncrementMutexHeldCount
 .text.xTimerCreateTimerTask
                0x0000215c       0x5c ./SDK/rtos/FreeRTOS/src/timers.o
                0x0000215c                xTimerCreateTimerTask
 .text.xTimerGenericCommand
                0x000021b8       0xa0 ./SDK/rtos/FreeRTOS/src/timers.o
                0x000021b8                xTimerGenericCommand
 .text.prvProcessExpiredTimer
                0x00002258       0x78 ./SDK/rtos/FreeRTOS/src/timers.o
 .text.prvTimerTask
                0x000022d0       0x28 ./SDK/rtos/FreeRTOS/src/timers.o
 .text.prvProcessTimerOrBlockTask
                0x000022f8       0x74 ./SDK/rtos/FreeRTOS/src/timers.o
 .text.prvGetNextExpireTime
                0x0000236c       0x40 ./SDK/rtos/FreeRTOS/src/timers.o
 .text.prvSampleTimeNow
                0x000023ac       0x40 ./SDK/rtos/FreeRTOS/src/timers.o
 .text.prvInsertTimerInActiveList
                0x000023ec       0x84 ./SDK/rtos/FreeRTOS/src/timers.o
 .text.prvProcessReceivedCommands
                0x00002470      0x144 ./SDK/rtos/FreeRTOS/src/timers.o
 .text.prvSwitchTimerLists
                0x000025b4       0xb8 ./SDK/rtos/FreeRTOS/src/timers.o
 .text.prvCheckForValidListAndQueue
                0x0000266c       0x68 ./SDK/rtos/FreeRTOS/src/timers.o
 .text.prvTaskExitError
                0x000026d4       0x1c ./SDK/rtos/FreeRTOS/port/gcc/port.o
                0x000026d4                prvTaskExitError
 .text.pxPortInitialiseStack
                0x000026f0       0x54 ./SDK/rtos/FreeRTOS/port/gcc/port.o
                0x000026f0                pxPortInitialiseStack
 .text.vPortInitTickTimer
                0x00002744       0x3c ./SDK/rtos/FreeRTOS/port/gcc/port.o
                0x00002744                vPortInitTickTimer
 .text.vPortStartTickTimer
                0x00002780       0x14 ./SDK/rtos/FreeRTOS/port/gcc/port.o
                0x00002780                vPortStartTickTimer
 .text.xPortStartScheduler
                0x00002794       0x4c ./SDK/rtos/FreeRTOS/port/gcc/port.o
                0x00002794                xPortStartScheduler
 .text.vPortEnterCritical
                0x000027e0       0x24 ./SDK/rtos/FreeRTOS/port/gcc/port.o
                0x000027e0                vPortEnterCritical
 .text.vPortExitCritical
                0x00002804       0x24 ./SDK/rtos/FreeRTOS/port/gcc/port.o
                0x00002804                vPortExitCritical
 .text.vPortYieldFromISR
                0x00002828       0x1c ./SDK/rtos/FreeRTOS/port/gcc/port.o
                0x00002828                vPortYieldFromISR
 .text.SysTick_Handler
                0x00002844       0x20 ./SDK/rtos/FreeRTOS/port/gcc/port.o
                0x00002844                SysTick_Handler
 .text.vPortStartFirstTask
                0x00002864       0x1c ./SDK/rtos/FreeRTOS/port/gcc/port.o
                0x00002864                vPortStartFirstTask
 .text.SVC_Handler
                0x00002880       0x28 ./SDK/rtos/FreeRTOS/port/gcc/port.o
                0x00002880                SVC_Handler
 .text.PendSV_Handler
                0x000028a8       0x44 ./SDK/rtos/FreeRTOS/port/gcc/port.o
                0x000028a8                PendSV_Handler
 .text.ulPortSetInterruptMask
                0x000028ec        0xc ./SDK/rtos/FreeRTOS/port/gcc/port.o
                0x000028ec                ulPortSetInterruptMask
 .text.vPortClearInterruptMask
                0x000028f8        0x8 ./SDK/rtos/FreeRTOS/port/gcc/port.o
                0x000028f8                vPortClearInterruptMask
 .text.UART_HAL_EnableTransmitter
                0x00002900       0x1c ./SDK/platform/utilities/src/fsl_debug_console.o
 .text.UART_HAL_EnableReceiver
                0x0000291c       0x1c ./SDK/platform/utilities/src/fsl_debug_console.o
 .text.UART_HAL_SetBitCountPerChar
                0x00002938       0x28 ./SDK/platform/utilities/src/fsl_debug_console.o
 .text.UART_HAL_SetStopBitCount
                0x00002960       0x28 ./SDK/platform/utilities/src/fsl_debug_console.o
 .text.LPSCI_HAL_EnableTransmitter
                0x00002988       0x1c ./SDK/platform/utilities/src/fsl_debug_console.o
 .text.LPSCI_HAL_EnableReceiver
                0x000029a4       0x1c ./SDK/platform/utilities/src/fsl_debug_console.o
 .text.LPSCI_HAL_SetBitCountPerChar
                0x000029c0       0x28 ./SDK/platform/utilities/src/fsl_debug_console.o
 .text.LPSCI_HAL_SetStopBitCount
                0x000029e8       0x28 ./SDK/platform/utilities/src/fsl_debug_console.o
 .text.DbgConsole_Init
                0x00002a10      0x160 ./SDK/platform/utilities/src/fsl_debug_console.o
                0x00002a10                DbgConsole_Init
 .text._write   0x00002b70       0x5c ./SDK/platform/utilities/src/fsl_debug_console.o
                0x00002b70                _write
 .text._read    0x00002bcc       0x48 ./SDK/platform/utilities/src/fsl_debug_console.o
                0x00002bcc                _read
 .text._sbrk    0x00002c14       0x5c ./SDK/platform/utilities/src/fsl_misc_utilities.o
                0x00002c14                _sbrk
 .text.SIM_HAL_EnableClock
                0x00002c70       0x58 ./SDK/platform/system/src/clock/MKL25Z4/fsl_clock_MKL25Z4.o
 .text.CLOCK_HAL_GetLpsciSrc
                0x00002cc8       0x28 ./SDK/platform/system/src/clock/MKL25Z4/fsl_clock_MKL25Z4.o
 .text.CLOCK_HAL_GetPllfllSel
                0x00002cf0       0x24 ./SDK/platform/system/src/clock/MKL25Z4/fsl_clock_MKL25Z4.o
 .text.CLOCK_HAL_GetOutDiv1
                0x00002d14       0x28 ./SDK/platform/system/src/clock/MKL25Z4/fsl_clock_MKL25Z4.o
 .text.CLOCK_HAL_GetOutDiv4
                0x00002d3c       0x28 ./SDK/platform/system/src/clock/MKL25Z4/fsl_clock_MKL25Z4.o
 .text.OSC_HAL_GetExternalRefClkCmd
                0x00002d64       0x24 ./SDK/platform/system/src/clock/MKL25Z4/fsl_clock_MKL25Z4.o
 .text.CLOCK_SYS_GetSystemClockFreq
                0x00002d88       0x34 ./SDK/platform/system/src/clock/MKL25Z4/fsl_clock_MKL25Z4.o
                0x00002d88                CLOCK_SYS_GetSystemClockFreq
 .text.CLOCK_SYS_GetBusClockFreq
                0x00002dbc       0x2c ./SDK/platform/system/src/clock/MKL25Z4/fsl_clock_MKL25Z4.o
                0x00002dbc                CLOCK_SYS_GetBusClockFreq
 .text.CLOCK_SYS_GetPllFllClockFreq
                0x00002de8       0x5c ./SDK/platform/system/src/clock/MKL25Z4/fsl_clock_MKL25Z4.o
                0x00002de8                CLOCK_SYS_GetPllFllClockFreq
 .text.CLOCK_SYS_GetOsc0ExternalRefClockFreq
                0x00002e44       0x2c ./SDK/platform/system/src/clock/MKL25Z4/fsl_clock_MKL25Z4.o
                0x00002e44                CLOCK_SYS_GetOsc0ExternalRefClockFreq
 .text.CLOCK_SYS_GetLpsciFreq
                0x00002e70       0x68 ./SDK/platform/system/src/clock/MKL25Z4/fsl_clock_MKL25Z4.o
                0x00002e70                CLOCK_SYS_GetLpsciFreq
 .text.CLOCK_SYS_GetUartFreq
                0x00002ed8       0x2c ./SDK/platform/system/src/clock/MKL25Z4/fsl_clock_MKL25Z4.o
                0x00002ed8                CLOCK_SYS_GetUartFreq
 .text.CLOCK_SYS_EnablePortClock
                0x00002f04       0x4c ./SDK/platform/system/src/clock/MKL25Z4/fsl_clock_MKL25Z4.o
                0x00002f04                CLOCK_SYS_EnablePortClock
 .text.CLOCK_SYS_EnableLpsciClock
                0x00002f50       0x40 ./SDK/platform/system/src/clock/MKL25Z4/fsl_clock_MKL25Z4.o
                0x00002f50                CLOCK_SYS_EnableLpsciClock
 .text.CLOCK_SYS_EnableUartClock
                0x00002f90       0x4c ./SDK/platform/system/src/clock/MKL25Z4/fsl_clock_MKL25Z4.o
                0x00002f90                CLOCK_SYS_EnableUartClock
 .text.CLOCK_SYS_EnableTpmClock
                0x00002fdc       0x4c ./SDK/platform/system/src/clock/MKL25Z4/fsl_clock_MKL25Z4.o
                0x00002fdc                CLOCK_SYS_EnableTpmClock
 .text.OSA_SemaWait
                0x00003028       0x74 ./SDK/platform/osa/src/fsl_os_abstraction_free_rtos.o
                0x00003028                OSA_SemaWait
 .text.OSA_SemaphorePostFromTask
                0x0000309c       0x2c ./SDK/platform/osa/src/fsl_os_abstraction_free_rtos.o
 .text.OSA_SemaphorePostFromISR
                0x000030c8       0x3c ./SDK/platform/osa/src/fsl_os_abstraction_free_rtos.o
 .text.OSA_SemaPost
                0x00003104       0x54 ./SDK/platform/osa/src/fsl_os_abstraction_free_rtos.o
                0x00003104                OSA_SemaPost
 .text.OSA_TaskCreate
                0x00003158       0x50 ./SDK/platform/osa/src/fsl_os_abstraction_free_rtos.o
                0x00003158                OSA_TaskCreate
 .text.OSA_TimeDelay
                0x000031a8       0x28 ./SDK/platform/osa/src/fsl_os_abstraction_free_rtos.o
                0x000031a8                OSA_TimeDelay
 .text.OSA_Init
                0x000031d0        0xc ./SDK/platform/osa/src/fsl_os_abstraction_free_rtos.o
                0x000031d0                OSA_Init
 .text.OSA_Start
                0x000031dc       0x10 ./SDK/platform/osa/src/fsl_os_abstraction_free_rtos.o
                0x000031dc                OSA_Start
 .text.UART_HAL_SetBaudRate
                0x000031ec       0x6c ./SDK/platform/hal/src/uart/fsl_uart_hal.o
                0x000031ec                UART_HAL_SetBaudRate
 .text.UART_HAL_SetParityMode
                0x00003258       0x40 ./SDK/platform/hal/src/uart/fsl_uart_hal.o
                0x00003258                UART_HAL_SetParityMode
 .text.UART_HAL_Putchar
                0x00003298       0x34 ./SDK/platform/hal/src/uart/fsl_uart_hal.o
                0x00003298                UART_HAL_Putchar
 .text.UART_HAL_Getchar
                0x000032cc       0x34 ./SDK/platform/hal/src/uart/fsl_uart_hal.o
                0x000032cc                UART_HAL_Getchar
 .text.UART_HAL_SendDataPolling
                0x00003300       0x44 ./SDK/platform/hal/src/uart/fsl_uart_hal.o
                0x00003300                UART_HAL_SendDataPolling
 .text.UART_HAL_ReceiveDataPolling
                0x00003344       0xa4 ./SDK/platform/hal/src/uart/fsl_uart_hal.o
                0x00003344                UART_HAL_ReceiveDataPolling
 .text.TPM_HAL_SetChnMsnbaElsnbaVal
                0x000033e8       0x6c ./SDK/platform/hal/src/tpm/fsl_tpm_hal.o
 .text.TPM_HAL_DisableChn
                0x00003454       0x24 ./SDK/platform/hal/src/tpm/fsl_tpm_hal.o
                0x00003454                TPM_HAL_DisableChn
 .text.TPM_HAL_SetClockMode
                0x00003478       0x3c ./SDK/platform/hal/src/tpm/fsl_tpm_hal.o
                0x00003478                TPM_HAL_SetClockMode
 .text.TPM_HAL_Reset
                0x000034b4       0x60 ./SDK/platform/hal/src/tpm/fsl_tpm_hal.o
                0x000034b4                TPM_HAL_Reset
 .text.CLOCK_HAL_GetClkOutStat
                0x00003514       0x20 ./SDK/platform/hal/src/mcg/fsl_mcg_hal.o
 .text.CLOCK_HAL_IsPllSelected
                0x00003534       0x24 ./SDK/platform/hal/src/mcg/fsl_mcg_hal.o
 .text.CLOCK_HAL_GetMcgExternalClkFreq
                0x00003558       0x18 ./SDK/platform/hal/src/mcg/fsl_mcg_hal.o
 .text.CLOCK_HAL_TestFllExternalRefFreq
                0x00003570       0x7c ./SDK/platform/hal/src/mcg/fsl_mcg_hal.o
                0x00003570                CLOCK_HAL_TestFllExternalRefFreq
 .text.CLOCK_HAL_GetFllRefClk
                0x000035ec       0x8c ./SDK/platform/hal/src/mcg/fsl_mcg_hal.o
                0x000035ec                CLOCK_HAL_GetFllRefClk
 .text.CLOCK_HAL_TestFllFreq
                0x00003678       0x6c ./SDK/platform/hal/src/mcg/fsl_mcg_hal.o
                0x00003678                CLOCK_HAL_TestFllFreq
 .text.CLOCK_HAL_GetFllClk
                0x000036e4       0x7c ./SDK/platform/hal/src/mcg/fsl_mcg_hal.o
                0x000036e4                CLOCK_HAL_GetFllClk
 .text.CLOCK_HAL_GetPll0RefFreq
                0x00003760       0x1c ./SDK/platform/hal/src/mcg/fsl_mcg_hal.o
                0x00003760                CLOCK_HAL_GetPll0RefFreq
 .text.CLOCK_HAL_GetPll0Clk
                0x0000377c       0x90 ./SDK/platform/hal/src/mcg/fsl_mcg_hal.o
                0x0000377c                CLOCK_HAL_GetPll0Clk
 .text.CLOCK_HAL_GetInternalRefClk
                0x0000380c       0x64 ./SDK/platform/hal/src/mcg/fsl_mcg_hal.o
                0x0000380c                CLOCK_HAL_GetInternalRefClk
 .text.CLOCK_HAL_GetOutClk
                0x00003870       0x7c ./SDK/platform/hal/src/mcg/fsl_mcg_hal.o
                0x00003870                CLOCK_HAL_GetOutClk
 .text.LPSCI_HAL_Putchar
                0x000038ec       0x1c ./SDK/platform/hal/src/lpsci/fsl_lpsci_hal.o
 .text.LPSCI_HAL_Getchar
                0x00003908       0x1c ./SDK/platform/hal/src/lpsci/fsl_lpsci_hal.o
 .text.LPSCI_HAL_SetBaudRate
                0x00003924      0x14c ./SDK/platform/hal/src/lpsci/fsl_lpsci_hal.o
                0x00003924                LPSCI_HAL_SetBaudRate
 .text.LPSCI_HAL_SetParityMode
                0x00003a70       0x40 ./SDK/platform/hal/src/lpsci/fsl_lpsci_hal.o
                0x00003a70                LPSCI_HAL_SetParityMode
 .text.LPSCI_HAL_SendDataPolling
                0x00003ab0       0x44 ./SDK/platform/hal/src/lpsci/fsl_lpsci_hal.o
                0x00003ab0                LPSCI_HAL_SendDataPolling
 .text.LPSCI_HAL_ReceiveDataPolling
                0x00003af4       0x88 ./SDK/platform/hal/src/lpsci/fsl_lpsci_hal.o
                0x00003af4                LPSCI_HAL_ReceiveDataPolling
 .text.GPIO_HAL_SetPinDir
                0x00003b7c       0x6c ./SDK/platform/hal/src/gpio/fsl_gpio_hal.o
                0x00003b7c                GPIO_HAL_SetPinDir
 .text.GPIO_HAL_WritePinOutput
                0x00003be8       0x50 ./SDK/platform/hal/src/gpio/fsl_gpio_hal.o
                0x00003be8                GPIO_HAL_WritePinOutput
 .text.NVIC_EnableIRQ
                0x00003c38       0x2c ./SDK/platform/drivers/src/tpm/fsl_tpm_driver.o
 .text.NVIC_ClearPendingIRQ
                0x00003c64       0x2c ./SDK/platform/drivers/src/tpm/fsl_tpm_driver.o
 .text.TPM_HAL_SetClockDiv
                0x00003c90       0x24 ./SDK/platform/drivers/src/tpm/fsl_tpm_driver.o
 .text.TPM_HAL_EnableTimerOverflowInt
                0x00003cb4       0x1c ./SDK/platform/drivers/src/tpm/fsl_tpm_driver.o
 .text.TPM_HAL_DisableTimerOverflowInt
                0x00003cd0       0x1c ./SDK/platform/drivers/src/tpm/fsl_tpm_driver.o
 .text.TPM_HAL_IsOverflowIntEnabled
                0x00003cec       0x20 ./SDK/platform/drivers/src/tpm/fsl_tpm_driver.o
 .text.TPM_HAL_ClearTimerOverflowFlag
                0x00003d0c       0x1c ./SDK/platform/drivers/src/tpm/fsl_tpm_driver.o
 .text.TPM_HAL_SetCpwms
                0x00003d28       0x48 ./SDK/platform/drivers/src/tpm/fsl_tpm_driver.o
 .text.TPM_HAL_SetMod
                0x00003d70       0x34 ./SDK/platform/drivers/src/tpm/fsl_tpm_driver.o
 .text.TPM_HAL_IsChnIntEnabled
                0x00003da4       0x58 ./SDK/platform/drivers/src/tpm/fsl_tpm_driver.o
 .text.TPM_HAL_ClearStatusReg
                0x00003dfc       0x1c ./SDK/platform/drivers/src/tpm/fsl_tpm_driver.o
 .text.TPM_HAL_SetTriggerSrc
                0x00003e18       0x28 ./SDK/platform/drivers/src/tpm/fsl_tpm_driver.o
 .text.TPM_HAL_SetTriggerMode
                0x00003e40       0x28 ./SDK/platform/drivers/src/tpm/fsl_tpm_driver.o
 .text.TPM_HAL_SetReloadOnTriggerMode
                0x00003e68       0x28 ./SDK/platform/drivers/src/tpm/fsl_tpm_driver.o
 .text.TPM_HAL_SetStopOnOverflowMode
                0x00003e90       0x28 ./SDK/platform/drivers/src/tpm/fsl_tpm_driver.o
 .text.TPM_HAL_EnableGlobalTimeBase
                0x00003eb8       0x28 ./SDK/platform/drivers/src/tpm/fsl_tpm_driver.o
 .text.TPM_HAL_SetDbgMode
                0x00003ee0       0x30 ./SDK/platform/drivers/src/tpm/fsl_tpm_driver.o
 .text.INT_SYS_EnableIRQ
                0x00003f10       0x5c ./SDK/platform/drivers/src/tpm/fsl_tpm_driver.o
 .text.TPM_DRV_Init
                0x00003f6c       0xd0 ./SDK/platform/drivers/src/tpm/fsl_tpm_driver.o
                0x00003f6c                TPM_DRV_Init
 .text.TPM_DRV_SetClock
                0x0000403c       0x60 ./SDK/platform/drivers/src/tpm/fsl_tpm_driver.o
                0x0000403c                TPM_DRV_SetClock
 .text.TPM_DRV_SetTimeOverflowIntCmd
                0x0000409c       0x40 ./SDK/platform/drivers/src/tpm/fsl_tpm_driver.o
                0x0000409c                TPM_DRV_SetTimeOverflowIntCmd
 .text.TPM_DRV_CounterStart
                0x000040dc       0xec ./SDK/platform/drivers/src/tpm/fsl_tpm_driver.o
                0x000040dc                TPM_DRV_CounterStart
 .text.TPM_DRV_IRQHandler
                0x000041c8       0xb0 ./SDK/platform/drivers/src/tpm/fsl_tpm_driver.o
                0x000041c8                TPM_DRV_IRQHandler
 .text.NVIC_EnableIRQ
                0x00004278       0x2c ./SDK/platform/drivers/src/gpio/fsl_gpio_driver.o
 .text.PORT_HAL_SetPullCmd
                0x000042a4       0x4c ./SDK/platform/drivers/src/gpio/fsl_gpio_driver.o
 .text.PORT_HAL_SetSlewRateMode
                0x000042f0       0x4c ./SDK/platform/drivers/src/gpio/fsl_gpio_driver.o
 .text.PORT_HAL_SetPassiveFilterCmd
                0x0000433c       0x4c ./SDK/platform/drivers/src/gpio/fsl_gpio_driver.o
 .text.PORT_HAL_SetDriveStrengthMode
                0x00004388       0x4c ./SDK/platform/drivers/src/gpio/fsl_gpio_driver.o
 .text.PORT_HAL_SetMuxMode
                0x000043d4       0x4c ./SDK/platform/drivers/src/gpio/fsl_gpio_driver.o
 .text.PORT_HAL_SetPinIntMode
                0x00004420       0x4c ./SDK/platform/drivers/src/gpio/fsl_gpio_driver.o
 .text.GPIO_HAL_TogglePinOutput
                0x0000446c       0x3c ./SDK/platform/drivers/src/gpio/fsl_gpio_driver.o
 .text.INT_SYS_EnableIRQ
                0x000044a8       0x5c ./SDK/platform/drivers/src/gpio/fsl_gpio_driver.o
 .text.GPIO_DRV_Init
                0x00004504       0x4c ./SDK/platform/drivers/src/gpio/fsl_gpio_driver.o
                0x00004504                GPIO_DRV_Init
 .text.GPIO_DRV_InputPinInit
                0x00004550       0xc4 ./SDK/platform/drivers/src/gpio/fsl_gpio_driver.o
                0x00004550                GPIO_DRV_InputPinInit
 .text.GPIO_DRV_OutputPinInit
                0x00004614       0x9c ./SDK/platform/drivers/src/gpio/fsl_gpio_driver.o
                0x00004614                GPIO_DRV_OutputPinInit
 .text.GPIO_DRV_TogglePinOutput
                0x000046b0       0x38 ./SDK/platform/drivers/src/gpio/fsl_gpio_driver.o
                0x000046b0                GPIO_DRV_TogglePinOutput
 .text.SystemInit
                0x000046e8      0x178 ./SDK/platform/devices/MKL25Z4/startup/system_MKL25Z4.o
                0x000046e8                SystemInit
 .text.init_data_bss
                0x00004860       0xc8 ./SDK/platform/devices/startup.o
                0x00004860                init_data_bss
 .text.NVIC_SetPriority
                0x00004928       0xe0 ./Generated_Code/Cpu.o
 .text.CLOCK_HAL_SetLpsciSrc
                0x00004a08       0x30 ./Generated_Code/Cpu.o
 .text.CLOCK_SYS_SetLpsciSrc
                0x00004a38       0x2c ./Generated_Code/Cpu.o
 .text.Components_Init
                0x00004a64       0x74 ./Generated_Code/Cpu.o
                0x00004a64                Components_Init
 .text.MainTask_Init
                0x00004ad8       0x4c ./Generated_Code/MainTask.o
                0x00004ad8                MainTask_Init
 .text.Task10Hz_Init
                0x00004b24       0x4c ./Generated_Code/Task10Hz.o
                0x00004b24                Task10Hz_Init
 .text.Task1Hz_Init
                0x00004b70       0x4c ./Generated_Code/Task1Hz.o
                0x00004b70                Task1Hz_Init
 .text.Task25Hz_Init
                0x00004bbc       0x4c ./Generated_Code/Task25Hz.o
                0x00004bbc                Task25Hz_Init
 .text.Task2Hz_Init
                0x00004c08       0x4c ./Generated_Code/Task2Hz.o
                0x00004c08                Task2Hz_Init
 .text.Task50Hz_Init
                0x00004c54       0x4c ./Generated_Code/Task50Hz.o
                0x00004c54                Task50Hz_Init
 .text.SIM_HAL_EnableClock
                0x00004ca0       0x58 ./Generated_Code/hardware_init.o
 .text.hardware_init
                0x00004cf8       0x54 ./Generated_Code/hardware_init.o
                0x00004cf8                hardware_init
 .text.PORT_HAL_SetMuxMode
                0x00004d4c       0x4c ./Generated_Code/pin_init.o
 .text.SIM_HAL_SetLpsciRxSrcMode
                0x00004d98       0x2c ./Generated_Code/pin_init.o
 .text.init_gpio_pins
                0x00004dc4       0x40 ./Generated_Code/pin_init.o
                0x00004dc4                init_gpio_pins
 .text.init_osc_pins
                0x00004e04       0x2c ./Generated_Code/pin_init.o
                0x00004e04                init_osc_pins
 .text.init_rcm_pins
                0x00004e30       0x20 ./Generated_Code/pin_init.o
                0x00004e30                init_rcm_pins
 .text.init_swd_pins
                0x00004e50       0x2c ./Generated_Code/pin_init.o
                0x00004e50                init_swd_pins
 .text.init_uart0_pins
                0x00004e7c       0x3c ./Generated_Code/pin_init.o
                0x00004e7c                init_uart0_pins
 .text.__assert_func
                0x00004eb8       0x3c c:/freescale/kds_v3/toolchain/bin/../lib/gcc/arm-none-eabi/4.8.4/../../../../arm-none-eabi/lib/armv6-m\libg_s.a(lib_a-assert.o)
                0x00004eb8                __assert_func
 .text.__errno  0x00004ef4        0xc c:/freescale/kds_v3/toolchain/bin/../lib/gcc/arm-none-eabi/4.8.4/../../../../arm-none-eabi/lib/armv6-m\libg_s.a(lib_a-errno.o)
                0x00004ef4                __errno
 .text.exit     0x00004f00       0x2c c:/freescale/kds_v3/toolchain/bin/../lib/gcc/arm-none-eabi/4.8.4/../../../../arm-none-eabi/lib/armv6-m\libg_s.a(lib_a-exit.o)
                0x00004f00                exit
 .text.fprintf  0x00004f2c       0x24 c:/freescale/kds_v3/toolchain/bin/../lib/gcc/arm-none-eabi/4.8.4/../../../../arm-none-eabi/lib/armv6-m\libg_s.a(lib_a-fprintf.o)
                0x00004f2c                fiprintf
                0x00004f2c                fprintf
 .text.__libc_init_array
                0x00004f50       0x4c c:/freescale/kds_v3/toolchain/bin/../lib/gcc/arm-none-eabi/4.8.4/../../../../arm-none-eabi/lib/armv6-m\libg_s.a(lib_a-init.o)
                0x00004f50                __libc_init_array
 .text.malloc   0x00004f9c       0x14 c:/freescale/kds_v3/toolchain/bin/../lib/gcc/arm-none-eabi/4.8.4/../../../../arm-none-eabi/lib/armv6-m\libg_s.a(lib_a-malloc.o)
                0x00004f9c                malloc
 .text.free     0x00004fb0       0x14 c:/freescale/kds_v3/toolchain/bin/../lib/gcc/arm-none-eabi/4.8.4/../../../../arm-none-eabi/lib/armv6-m\libg_s.a(lib_a-malloc.o)
                0x00004fb0                free
 .text.memcpy   0x00004fc4       0x12 c:/freescale/kds_v3/toolchain/bin/../lib/gcc/arm-none-eabi/4.8.4/../../../../arm-none-eabi/lib/armv6-m\libg_s.a(lib_a-memcpy-stub.o)
                0x00004fc4                memcpy
 .text.memset   0x00004fd6       0x10 c:/freescale/kds_v3/toolchain/bin/../lib/gcc/arm-none-eabi/4.8.4/../../../../arm-none-eabi/lib/armv6-m\libg_s.a(lib_a-memset.o)
                0x00004fd6                memset
 *fill*         0x00004fe6        0x2 
 .text._free_r  0x00004fe8       0x90 c:/freescale/kds_v3/toolchain/bin/../lib/gcc/arm-none-eabi/4.8.4/../../../../arm-none-eabi/lib/armv6-m\libg_s.a(lib_a-nano-freer.o)
                0x00004fe8                _free_r
 .text._malloc_r
                0x00005078       0xa8 c:/freescale/kds_v3/toolchain/bin/../lib/gcc/arm-none-eabi/4.8.4/../../../../arm-none-eabi/lib/armv6-m\libg_s.a(lib_a-nano-mallocr.o)
                0x00005078                _malloc_r
 .text._sbrk_r  0x00005120       0x24 c:/freescale/kds_v3/toolchain/bin/../lib/gcc/arm-none-eabi/4.8.4/../../../../arm-none-eabi/lib/armv6-m\libg_s.a(lib_a-sbrkr.o)
                0x00005120                _sbrk_r
 .text.strlen   0x00005144        0xe c:/freescale/kds_v3/toolchain/bin/../lib/gcc/arm-none-eabi/4.8.4/../../../../arm-none-eabi/lib/armv6-m\libg_s.a(lib_a-strlen.o)
                0x00005144                strlen
 .text.__sfputc_r
                0x00005152       0x2a c:/freescale/kds_v3/toolchain/bin/../lib/gcc/arm-none-eabi/4.8.4/../../../../arm-none-eabi/lib/armv6-m\libg_s.a(lib_a-vfprintf.o)
 .text.__sfputs_r
                0x0000517c       0x24 c:/freescale/kds_v3/toolchain/bin/../lib/gcc/arm-none-eabi/4.8.4/../../../../arm-none-eabi/lib/armv6-m\libg_s.a(lib_a-vfprintf.o)
                0x0000517c                __sfputs_r
 .text._vfprintf_r
                0x000051a0      0x210 c:/freescale/kds_v3/toolchain/bin/../lib/gcc/arm-none-eabi/4.8.4/../../../../arm-none-eabi/lib/armv6-m\libg_s.a(lib_a-vfprintf.o)
                0x000051a0                _vfprintf_r
                0x000051a0                _vfiprintf_r
 .text._printf_common
                0x000053b0       0xe8 c:/freescale/kds_v3/toolchain/bin/../lib/gcc/arm-none-eabi/4.8.4/../../../../arm-none-eabi/lib/armv6-m\libg_s.a(lib_a-vfprintf_i.o)
                0x000053b0                _printf_common
 .text._printf_i
                0x00005498      0x22c c:/freescale/kds_v3/toolchain/bin/../lib/gcc/arm-none-eabi/4.8.4/../../../../arm-none-eabi/lib/armv6-m\libg_s.a(lib_a-vfprintf_i.o)
                0x00005498                _printf_i
 .text.__swbuf_r
                0x000056c4       0xb0 c:/freescale/kds_v3/toolchain/bin/../lib/gcc/arm-none-eabi/4.8.4/../../../../arm-none-eabi/lib/armv6-m\libg_s.a(lib_a-wbuf.o)
                0x000056c4                __swbuf_r
 .text.__swsetup_r
                0x00005774       0xe4 c:/freescale/kds_v3/toolchain/bin/../lib/gcc/arm-none-eabi/4.8.4/../../../../arm-none-eabi/lib/armv6-m\libg_s.a(lib_a-wsetup.o)
                0x00005774                __swsetup_r
 .text.abort    0x00005858        0xe c:/freescale/kds_v3/toolchain/bin/../lib/gcc/arm-none-eabi/4.8.4/../../../../arm-none-eabi/lib/armv6-m\libg_s.a(lib_a-abort.o)
                0x00005858                abort
 .text.__sflush_r
                0x00005866      0x112 c:/freescale/kds_v3/toolchain/bin/../lib/gcc/arm-none-eabi/4.8.4/../../../../arm-none-eabi/lib/armv6-m\libg_s.a(lib_a-fflush.o)
                0x00005866                __sflush_r
 .text._fflush_r
                0x00005978       0x58 c:/freescale/kds_v3/toolchain/bin/../lib/gcc/arm-none-eabi/4.8.4/../../../../arm-none-eabi/lib/armv6-m\libg_s.a(lib_a-fflush.o)
                0x00005978                _fflush_r
 .text._cleanup_r
                0x000059d0       0x34 c:/freescale/kds_v3/toolchain/bin/../lib/gcc/arm-none-eabi/4.8.4/../../../../arm-none-eabi/lib/armv6-m\libg_s.a(lib_a-findfp.o)
                0x000059d0                _cleanup_r
 .text.std.isra.0
                0x00005a04       0x48 c:/freescale/kds_v3/toolchain/bin/../lib/gcc/arm-none-eabi/4.8.4/../../../../arm-none-eabi/lib/armv6-m\libg_s.a(lib_a-findfp.o)
 .text.__sfmoreglue
                0x00005a4c       0x2c c:/freescale/kds_v3/toolchain/bin/../lib/gcc/arm-none-eabi/4.8.4/../../../../arm-none-eabi/lib/armv6-m\libg_s.a(lib_a-findfp.o)
                0x00005a4c                __sfmoreglue
 .text.__sinit  0x00005a78       0x64 c:/freescale/kds_v3/toolchain/bin/../lib/gcc/arm-none-eabi/4.8.4/../../../../arm-none-eabi/lib/armv6-m\libg_s.a(lib_a-findfp.o)
                0x00005a78                __sinit
 .text.__sfp    0x00005adc       0x7c c:/freescale/kds_v3/toolchain/bin/../lib/gcc/arm-none-eabi/4.8.4/../../../../arm-none-eabi/lib/armv6-m\libg_s.a(lib_a-findfp.o)
                0x00005adc                __sfp
 .text.__smakebuf_r
                0x00005b58       0xa0 c:/freescale/kds_v3/toolchain/bin/../lib/gcc/arm-none-eabi/4.8.4/../../../../arm-none-eabi/lib/armv6-m\libg_s.a(lib_a-makebuf.o)
                0x00005b58                __smakebuf_r
 .text.memchr   0x00005bf8       0x16 c:/freescale/kds_v3/toolchain/bin/../lib/gcc/arm-none-eabi/4.8.4/../../../../arm-none-eabi/lib/armv6-m\libg_s.a(lib_a-memchr-stub.o)
                0x00005bf8                memchr
 .text._raise_r
                0x00005c0e       0x56 c:/freescale/kds_v3/toolchain/bin/../lib/gcc/arm-none-eabi/4.8.4/../../../../arm-none-eabi/lib/armv6-m\libg_s.a(lib_a-signal.o)
                0x00005c0e                _raise_r
 .text.raise    0x00005c64       0x14 c:/freescale/kds_v3/toolchain/bin/../lib/gcc/arm-none-eabi/4.8.4/../../../../arm-none-eabi/lib/armv6-m\libg_s.a(lib_a-signal.o)
                0x00005c64                raise
 .text._kill_r  0x00005c78       0x24 c:/freescale/kds_v3/toolchain/bin/../lib/gcc/arm-none-eabi/4.8.4/../../../../arm-none-eabi/lib/armv6-m\libg_s.a(lib_a-signalr.o)
                0x00005c78                _kill_r
 .text._getpid_r
                0x00005c9c        0x8 c:/freescale/kds_v3/toolchain/bin/../lib/gcc/arm-none-eabi/4.8.4/../../../../arm-none-eabi/lib/armv6-m\libg_s.a(lib_a-signalr.o)
                0x00005c9c                _getpid_r
 .text.__sread  0x00005ca4       0x28 c:/freescale/kds_v3/toolchain/bin/../lib/gcc/arm-none-eabi/4.8.4/../../../../arm-none-eabi/lib/armv6-m\libg_s.a(lib_a-stdio.o)
                0x00005ca4                __sread
 .text.__swrite
                0x00005ccc       0x38 c:/freescale/kds_v3/toolchain/bin/../lib/gcc/arm-none-eabi/4.8.4/../../../../arm-none-eabi/lib/armv6-m\libg_s.a(lib_a-stdio.o)
                0x00005ccc                __swrite
 .text.__sseek  0x00005d04       0x2c c:/freescale/kds_v3/toolchain/bin/../lib/gcc/arm-none-eabi/4.8.4/../../../../arm-none-eabi/lib/armv6-m\libg_s.a(lib_a-stdio.o)
                0x00005d04                __sseek
 .text.__sclose
                0x00005d30        0xc c:/freescale/kds_v3/toolchain/bin/../lib/gcc/arm-none-eabi/4.8.4/../../../../arm-none-eabi/lib/armv6-m\libg_s.a(lib_a-stdio.o)
                0x00005d30                __sclose
 .text._write_r
                0x00005d3c       0x28 c:/freescale/kds_v3/toolchain/bin/../lib/gcc/arm-none-eabi/4.8.4/../../../../arm-none-eabi/lib/armv6-m\libg_s.a(lib_a-writer.o)
                0x00005d3c                _write_r
 .text._close_r
                0x00005d64       0x24 c:/freescale/kds_v3/toolchain/bin/../lib/gcc/arm-none-eabi/4.8.4/../../../../arm-none-eabi/lib/armv6-m\libg_s.a(lib_a-closer.o)
                0x00005d64                _close_r
 .text._fstat_r
                0x00005d88       0x24 c:/freescale/kds_v3/toolchain/bin/../lib/gcc/arm-none-eabi/4.8.4/../../../../arm-none-eabi/lib/armv6-m\libg_s.a(lib_a-fstatr.o)
                0x00005d88                _fstat_r
 .text._isatty_r
                0x00005dac       0x24 c:/freescale/kds_v3/toolchain/bin/../lib/gcc/arm-none-eabi/4.8.4/../../../../arm-none-eabi/lib/armv6-m\libg_s.a(lib_a-isattyr.o)
                0x00005dac                _isatty_r
 .text._lseek_r
                0x00005dd0       0x28 c:/freescale/kds_v3/toolchain/bin/../lib/gcc/arm-none-eabi/4.8.4/../../../../arm-none-eabi/lib/armv6-m\libg_s.a(lib_a-lseekr.o)
                0x00005dd0                _lseek_r
 .text._read_r  0x00005df8       0x28 c:/freescale/kds_v3/toolchain/bin/../lib/gcc/arm-none-eabi/4.8.4/../../../../arm-none-eabi/lib/armv6-m\libg_s.a(lib_a-readr.o)
                0x00005df8                _read_r
 .text._close   0x00005e20       0x10 c:/freescale/kds_v3/toolchain/bin/../lib/gcc/arm-none-eabi/4.8.4/../../../../arm-none-eabi/lib/armv6-m\libnosys.a(close.o)
                0x00005e20                _close
 .text._fstat   0x00005e30       0x10 c:/freescale/kds_v3/toolchain/bin/../lib/gcc/arm-none-eabi/4.8.4/../../../../arm-none-eabi/lib/armv6-m\libnosys.a(fstat.o)
                0x00005e30                _fstat
 .text._getpid  0x00005e40       0x10 c:/freescale/kds_v3/toolchain/bin/../lib/gcc/arm-none-eabi/4.8.4/../../../../arm-none-eabi/lib/armv6-m\libnosys.a(getpid.o)
                0x00005e40                _getpid
 .text._isatty  0x00005e50       0x10 c:/freescale/kds_v3/toolchain/bin/../lib/gcc/arm-none-eabi/4.8.4/../../../../arm-none-eabi/lib/armv6-m\libnosys.a(isatty.o)
                0x00005e50                _isatty
 .text._kill    0x00005e60       0x10 c:/freescale/kds_v3/toolchain/bin/../lib/gcc/arm-none-eabi/4.8.4/../../../../arm-none-eabi/lib/armv6-m\libnosys.a(kill.o)
                0x00005e60                _kill
 .text._lseek   0x00005e70       0x10 c:/freescale/kds_v3/toolchain/bin/../lib/gcc/arm-none-eabi/4.8.4/../../../../arm-none-eabi/lib/armv6-m\libnosys.a(lseek.o)
                0x00005e70                _lseek
 .text._exit    0x00005e80        0x4 c:/freescale/kds_v3/toolchain/bin/../lib/gcc/arm-none-eabi/4.8.4/../../../../arm-none-eabi/lib/armv6-m\libnosys.a(_exit.o)
                0x00005e80                _exit
 *(.rodata)
 .rodata        0x00005e84       0x78 ./Sources/peripherals/RGB_LED/ledrgb_hal.o
 .rodata        0x00005efc       0x40 ./Sources/osa_ex/src/fsl_os_abstraction_ex_free_rtos.o
 .rodata        0x00005f3c        0x8 ./SDK/rtos/FreeRTOS/src/tasks.o
 .rodata        0x00005f44        0x8 ./SDK/rtos/FreeRTOS/src/timers.o
 .rodata        0x00005f4c        0xc ./SDK/platform/utilities/src/fsl_debug_console.o
 .rodata        0x00005f58      0x21c ./SDK/platform/system/src/clock/MKL25Z4/fsl_clock_MKL25Z4.o
 .rodata        0x00006174       0xb8 ./SDK/platform/osa/src/fsl_os_abstraction_free_rtos.o
 .rodata        0x0000622c       0x60 ./SDK/platform/hal/src/tpm/fsl_tpm_hal.o
 .rodata        0x0000628c       0x38 ./SDK/platform/hal/src/gpio/fsl_gpio_hal.o
 .rodata        0x000062c4      0x1c8 ./SDK/platform/drivers/src/tpm/fsl_tpm_driver.o
 .rodata        0x0000648c       0xf0 ./SDK/platform/drivers/src/gpio/fsl_gpio_driver.o
 .rodata        0x0000657c        0xc ./Generated_Code/MainTask.o
 .rodata        0x00006588        0xc ./Generated_Code/Task10Hz.o
 .rodata        0x00006594        0x8 ./Generated_Code/Task1Hz.o
 .rodata        0x0000659c        0xc ./Generated_Code/Task25Hz.o
 .rodata        0x000065a8        0x8 ./Generated_Code/Task2Hz.o
 .rodata        0x000065b0        0xc ./Generated_Code/Task50Hz.o
 .rodata        0x000065bc       0x3c ./Generated_Code/pin_init.o
 *(.rodata*)
 .rodata.__func__.6351
                0x000065f8       0x14 ./Sources/peripherals/RGB_LED/ledrgb_hal.o
 .rodata.__func__.6429
                0x0000660c       0x18 ./Sources/peripherals/RGB_LED/ledrgb_hal.o
 .rodata.__func__.6434
                0x00006624       0x18 ./Sources/peripherals/RGB_LED/ledrgb_hal.o
 .rodata.__func__.5715
                0x0000663c       0x18 ./Sources/osa_ex/src/fsl_os_abstraction_ex_free_rtos.o
 .rodata.prvProcessReceivedCommands
                0x00006654       0x28 ./SDK/rtos/FreeRTOS/src/timers.o
 .rodata.portGateTable
                0x0000667c        0x8 ./SDK/platform/system/src/clock/MKL25Z4/fsl_clock_MKL25Z4.o
 .rodata.uartGateTable
                0x00006684        0x4 ./SDK/platform/system/src/clock/MKL25Z4/fsl_clock_MKL25Z4.o
 .rodata.tpmGateTable
                0x00006688        0x4 ./SDK/platform/system/src/clock/MKL25Z4/fsl_clock_MKL25Z4.o
 .rodata.__func__.6995
                0x0000668c       0x1c ./SDK/platform/system/src/clock/MKL25Z4/fsl_clock_MKL25Z4.o
 .rodata.__func__.7068
                0x000066a8       0x1c ./SDK/platform/system/src/clock/MKL25Z4/fsl_clock_MKL25Z4.o
 .rodata.__func__.7073
                0x000066c4       0x1c ./SDK/platform/system/src/clock/MKL25Z4/fsl_clock_MKL25Z4.o
 .rodata.__func__.7086
                0x000066e0       0x1c ./SDK/platform/system/src/clock/MKL25Z4/fsl_clock_MKL25Z4.o
 .rodata.g_oscBase
                0x000066fc        0x4 ./SDK/platform/system/src/clock/fsl_clock_manager_common.o
                0x000066fc                g_oscBase
 .rodata.__func__.5720
                0x00006700       0x10 ./SDK/platform/osa/src/fsl_os_abstraction_free_rtos.o
 .rodata.__func__.5731
                0x00006710       0x10 ./SDK/platform/osa/src/fsl_os_abstraction_free_rtos.o
 .rodata.g_tpmChannelCount
                0x00006720        0xc ./SDK/platform/hal/src/tpm/fsl_tpm_hal.o
                0x00006720                g_tpmChannelCount
 .rodata.__func__.5166
                0x0000672c       0x20 ./SDK/platform/hal/src/tpm/fsl_tpm_hal.o
 .rodata.fllFactorTable.5325
                0x0000674c       0x10 ./SDK/platform/hal/src/mcg/fsl_mcg_hal.o
 .rodata.__func__.5175
                0x0000675c       0x14 ./SDK/platform/hal/src/gpio/fsl_gpio_hal.o
 .rodata.__func__.5181
                0x00006770       0x18 ./SDK/platform/hal/src/gpio/fsl_gpio_hal.o
 .rodata.g_tpmBase
                0x00006788        0xc ./SDK/platform/drivers/src/tpm/fsl_tpm_common.o
                0x00006788                g_tpmBase
 .rodata.g_tpmIrqId
                0x00006794        0x4 ./SDK/platform/drivers/src/tpm/fsl_tpm_common.o
                0x00006794                g_tpmIrqId
 .rodata.__func__.6588
                0x00006798       0x10 ./SDK/platform/drivers/src/tpm/fsl_tpm_driver.o
 .rodata.__func__.5268
                0x000067a8       0x14 ./SDK/platform/drivers/src/tpm/fsl_tpm_driver.o
 .rodata.__func__.6595
                0x000067bc       0x14 ./SDK/platform/drivers/src/tpm/fsl_tpm_driver.o
 .rodata.__func__.6647
                0x000067d0       0x18 ./SDK/platform/drivers/src/tpm/fsl_tpm_driver.o
 .rodata.__func__.5144
                0x000067e8       0x14 ./SDK/platform/drivers/src/tpm/fsl_tpm_driver.o
 .rodata.__func__.5191
                0x000067fc       0x18 ./SDK/platform/drivers/src/tpm/fsl_tpm_driver.o
 .rodata.g_gpioBase
                0x00006814       0x14 ./SDK/platform/drivers/src/gpio/fsl_gpio_common.o
                0x00006814                g_gpioBase
 .rodata.g_portBase
                0x00006828       0x14 ./SDK/platform/drivers/src/gpio/fsl_gpio_common.o
                0x00006828                g_portBase
 .rodata.g_portIrqId
                0x0000683c        0x8 ./SDK/platform/drivers/src/gpio/fsl_gpio_common.o
                0x0000683c                g_portIrqId
 .rodata.__func__.5094
                0x00006844       0x14 ./SDK/platform/drivers/src/gpio/fsl_gpio_driver.o
 .rodata.__func__.5070
                0x00006858       0x14 ./SDK/platform/drivers/src/gpio/fsl_gpio_driver.o
 .rodata.__func__.5082
                0x0000686c       0x20 ./SDK/platform/drivers/src/gpio/fsl_gpio_driver.o
 .rodata.__func__.5108
                0x0000688c       0x18 ./SDK/platform/drivers/src/gpio/fsl_gpio_driver.o
 .rodata.__func__.6588
                0x000068a4       0x14 ./SDK/platform/drivers/src/gpio/fsl_gpio_driver.o
 .rodata.__func__.5076
                0x000068b8       0x1c ./SDK/platform/drivers/src/gpio/fsl_gpio_driver.o
 .rodata.__func__.5088
                0x000068d4       0x20 ./SDK/platform/drivers/src/gpio/fsl_gpio_driver.o
 .rodata.__func__.5182
                0x000068f4       0x1c ./SDK/platform/drivers/src/gpio/fsl_gpio_driver.o
 .rodata.gpio1_OutConfig0
                0x00006910       0x24 ./Generated_Code/gpio1.o
                0x00006910                gpio1_OutConfig0
 .rodata.__func__.5094
                0x00006934       0x14 ./Generated_Code/pin_init.o
 .rodata.tpmTmr1_InitConfig0
                0x00006948        0x8 ./Generated_Code/tpmTmr1.o
                0x00006948                tpmTmr1_InitConfig0
 .rodata.str1.1
                0x00006950       0x3c c:/freescale/kds_v3/toolchain/bin/../lib/gcc/arm-none-eabi/4.8.4/../../../../arm-none-eabi/lib/armv6-m\libg_s.a(lib_a-assert.o)
                                 0x3d (size before relaxing)
 .rodata.str1.1
                0x0000698c        0x2 c:/freescale/kds_v3/toolchain/bin/../lib/gcc/arm-none-eabi/4.8.4/../../../../arm-none-eabi/lib/armv6-m\libg_s.a(lib_a-impure.o)
 *fill*         0x0000698e        0x2 
 .rodata._global_impure_ptr
                0x00006990        0x4 c:/freescale/kds_v3/toolchain/bin/../lib/gcc/arm-none-eabi/4.8.4/../../../../arm-none-eabi/lib/armv6-m\libg_s.a(lib_a-impure.o)
                0x00006990                _global_impure_ptr
 .rodata.str1.1
                0x00006994       0x11 c:/freescale/kds_v3/toolchain/bin/../lib/gcc/arm-none-eabi/4.8.4/../../../../arm-none-eabi/lib/armv6-m\libg_s.a(lib_a-vfprintf.o)
 .rodata.str1.1
                0x000069a5       0x22 c:/freescale/kds_v3/toolchain/bin/../lib/gcc/arm-none-eabi/4.8.4/../../../../arm-none-eabi/lib/armv6-m\libg_s.a(lib_a-vfprintf_i.o)
 *fill*         0x000069c7        0x1 
 .rodata.__sf_fake_stdin
                0x000069c8       0x20 c:/freescale/kds_v3/toolchain/bin/../lib/gcc/arm-none-eabi/4.8.4/../../../../arm-none-eabi/lib/armv6-m\libg_s.a(lib_a-findfp.o)
                0x000069c8                __sf_fake_stdin
 .rodata.__sf_fake_stdout
                0x000069e8       0x20 c:/freescale/kds_v3/toolchain/bin/../lib/gcc/arm-none-eabi/4.8.4/../../../../arm-none-eabi/lib/armv6-m\libg_s.a(lib_a-findfp.o)
                0x000069e8                __sf_fake_stdout
 .rodata.__sf_fake_stderr
                0x00006a08       0x20 c:/freescale/kds_v3/toolchain/bin/../lib/gcc/arm-none-eabi/4.8.4/../../../../arm-none-eabi/lib/armv6-m\libg_s.a(lib_a-findfp.o)
                0x00006a08                __sf_fake_stderr
 *(.glue_7)
 .glue_7        0x00000000        0x0 linker stubs
 *(.glue_7t)
 .glue_7t       0x00000000        0x0 linker stubs
 *(.eh_frame)
 .eh_frame      0x00006a28        0x0 c:/freescale/kds_v3/toolchain/bin/../lib/gcc/arm-none-eabi/4.8.4/armv6-m/crtbegin.o
 *(.init)
 .init          0x00006a28        0x4 c:/freescale/kds_v3/toolchain/bin/../lib/gcc/arm-none-eabi/4.8.4/armv6-m/crti.o
                0x00006a28                _init
 .init          0x00006a2c        0x8 c:/freescale/kds_v3/toolchain/bin/../lib/gcc/arm-none-eabi/4.8.4/armv6-m/crtn.o
 *(.fini)
 .fini          0x00006a34        0x4 c:/freescale/kds_v3/toolchain/bin/../lib/gcc/arm-none-eabi/4.8.4/armv6-m/crti.o
                0x00006a34                _fini
 .fini          0x00006a38        0x8 c:/freescale/kds_v3/toolchain/bin/../lib/gcc/arm-none-eabi/4.8.4/armv6-m/crtn.o
                0x00006a40                . = ALIGN (0x4)

.vfp11_veneer   0x00006a40        0x0
 .vfp11_veneer  0x00000000        0x0 linker stubs

.v4_bx          0x00006a40        0x0
 .v4_bx         0x00000000        0x0 linker stubs

.iplt           0x00006a40        0x0
 .iplt          0x00000000        0x0 c:/freescale/kds_v3/toolchain/bin/../lib/gcc/arm-none-eabi/4.8.4/armv6-m/crtbegin.o

.ARM.extab
 *(.ARM.extab* .gnu.linkonce.armextab.*)

.ARM            0x00006a40        0x8
                0x00006a40                __exidx_start = .
 *(.ARM.exidx*)
 .ARM.exidx     0x00006a40        0x8 c:/freescale/kds_v3/toolchain/bin/../lib/gcc/arm-none-eabi/4.8.4/../../../../arm-none-eabi/lib/armv6-m/crt0.o
                0x00006a48                __exidx_end = .

.rel.dyn        0x00006a48        0x0
 .rel.iplt      0x00000000        0x0 c:/freescale/kds_v3/toolchain/bin/../lib/gcc/arm-none-eabi/4.8.4/armv6-m/crtbegin.o

.ctors          0x00006a48        0x0
                0x00006a48                __CTOR_LIST__ = .
 *crtbegin.o(.ctors)
 *crtbegin?.o(.ctors)
 *(EXCLUDE_FILE(*crtend.o *crtend?.o) .ctors)
 *(SORT(.ctors.*))
 *(.ctors)
                0x00006a48                __CTOR_END__ = .

.dtors          0x00006a48        0x0
                0x00006a48                __DTOR_LIST__ = .
 *crtbegin.o(.dtors)
 *crtbegin?.o(.dtors)
 *(EXCLUDE_FILE(*crtend.o *crtend?.o) .dtors)
 *(SORT(.dtors.*))
 *(.dtors)
                0x00006a48                __DTOR_END__ = .

.preinit_array  0x00006a48        0x0
                0x00006a48                PROVIDE (__preinit_array_start, .)
 *(.preinit_array*)
                0x00006a48                PROVIDE (__preinit_array_end, .)

.init_array     0x00006a48        0x4
                0x00006a48                PROVIDE (__init_array_start, .)
 *(SORT(.init_array.*))
 *(.init_array*)
 .init_array    0x00006a48        0x4 c:/freescale/kds_v3/toolchain/bin/../lib/gcc/arm-none-eabi/4.8.4/armv6-m/crtbegin.o
                0x00006a4c                PROVIDE (__init_array_end, .)

.fini_array     0x00006a4c        0x4
                0x00006a4c                PROVIDE (__fini_array_start, .)
 *(SORT(.fini_array.*))
 *(.fini_array*)
 .fini_array    0x00006a4c        0x4 c:/freescale/kds_v3/toolchain/bin/../lib/gcc/arm-none-eabi/4.8.4/armv6-m/crtbegin.o
                0x00006a50                PROVIDE (__fini_array_end, .)
                0x00006a50                __etext = .
                0x00006a50                __DATA_ROM = .

.mtb            0x1ffff200        0x0
                0x1ffff200                . = ALIGN (0x8)
                0x1ffff200                _mtb_start = .
 *(.mtb_buf)
                0x1ffff200                . = ALIGN (0x8)
                0x1ffff200                _mtb_end = .

.data           0x1ffff200       0xa0 load address 0x00006a50
                0x1ffff200                . = ALIGN (0x4)
                0x1ffff200                __DATA_RAM = .
                0x1ffff200                __data_start__ = .
 *(.data)
 *(.data*)
 .data.scheduler_div
                0x1ffff200       0x14 ./Sources/rtos_main_task.o
                0x1ffff200                scheduler_div
 .data.schedulerSema
                0x1ffff214       0x14 ./Sources/rtos_main_task.o
                0x1ffff214                schedulerSema
 .data.xNextTaskUnblockTime
                0x1ffff228        0x4 ./SDK/rtos/FreeRTOS/src/tasks.o
 .data.uxCriticalNesting
                0x1ffff22c        0x4 ./SDK/rtos/FreeRTOS/port/gcc/port.o
 .data.g_fastInternalRefClkFreq
                0x1ffff230        0x4 ./SDK/platform/hal/src/mcg/fsl_mcg_hal.o
                0x1ffff230                g_fastInternalRefClkFreq
 .data.g_slowInternalRefClkFreq
                0x1ffff234        0x4 ./SDK/platform/hal/src/mcg/fsl_mcg_hal.o
                0x1ffff234                g_slowInternalRefClkFreq
 .data.impure_data
                0x1ffff238       0x60 c:/freescale/kds_v3/toolchain/bin/../lib/gcc/arm-none-eabi/4.8.4/../../../../arm-none-eabi/lib/armv6-m\libg_s.a(lib_a-impure.o)
 .data._impure_ptr
                0x1ffff298        0x4 c:/freescale/kds_v3/toolchain/bin/../lib/gcc/arm-none-eabi/4.8.4/../../../../arm-none-eabi/lib/armv6-m\libg_s.a(lib_a-impure.o)
                0x1ffff298                _impure_ptr
 *(.jcr*)
 .jcr           0x1ffff29c        0x0 c:/freescale/kds_v3/toolchain/bin/../lib/gcc/arm-none-eabi/4.8.4/armv6-m/crtbegin.o
 .jcr           0x1ffff29c        0x4 c:/freescale/kds_v3/toolchain/bin/../lib/gcc/arm-none-eabi/4.8.4/armv6-m/crtend.o
                0x1ffff2a0                . = ALIGN (0x4)
                0x1ffff2a0                __data_end__ = .
                0x00006af0                __DATA_END = (__DATA_ROM + (__data_end__ - __data_start__))

.igot.plt       0x1ffff2a0        0x0 load address 0x00006af0
 .igot.plt      0x00000000        0x0 c:/freescale/kds_v3/toolchain/bin/../lib/gcc/arm-none-eabi/4.8.4/armv6-m/crtbegin.o

.m_interrupts_ram
                0x1ffff000      0x200
                0x1ffff000                . = ALIGN (0x4)
                0x1ffff000                __m_interrupts_ram_RAMStart = .
 *(.m_interrupts_ram)
                0x1ffff200                . = (. + 0x200)
 *fill*         0x1ffff000      0x200 
                0x1ffff200                __m_interrupts_ram_RAMEnd = .
                0x1ffff200                . = ALIGN (0x4)
                0x00000200                __m_interrupts_ram_ROMSize = (__m_interrupts_ram_RAMEnd - __m_interrupts_ram_RAMStart)
                0x00000200                __RAM_VECTOR_TABLE_SIZE_BYTES = (__m_interrupts_ram_RAMEnd - __m_interrupts_ram_RAMStart)
                0x00020000                text_end = (ORIGIN (m_text) + 0x1fbf0)
                0x00006af0                data_init_end = (__DATA_ROM + SIZEOF (.data))
                0x00000001                ASSERT ((data_init_end <= text_end), region m_text overflowed with text and data)

.bss            0x1ffff2a0      0x270 load address 0x00006af0
                0x1ffff2a0                . = ALIGN (0x4)
                0x1ffff2a0                __START_BSS = .
                0x1ffff2a0                __bss_start__ = .
 *(.bss)
 .bss           0x1ffff2a0       0x1c c:/freescale/kds_v3/toolchain/bin/../lib/gcc/arm-none-eabi/4.8.4/armv6-m/crtbegin.o
 *(.bss*)
 .bss.lowPowerTimerSema
                0x1ffff2bc        0x4 ./Sources/main.o
                0x1ffff2bc                lowPowerTimerSema
 .bss.task50HzSema
                0x1ffff2c0        0x4 ./Sources/main.o
                0x1ffff2c0                task50HzSema
 .bss.task25HzSema
                0x1ffff2c4        0x4 ./Sources/main.o
                0x1ffff2c4                task25HzSema
 .bss.task10HzSema
                0x1ffff2c8        0x4 ./Sources/main.o
                0x1ffff2c8                task10HzSema
 .bss.task2HzSema
                0x1ffff2cc        0x4 ./Sources/main.o
                0x1ffff2cc                task2HzSema
 .bss.task1HzSema
                0x1ffff2d0        0x4 ./Sources/main.o
                0x1ffff2d0                task1HzSema
 .bss.scheduler_count_a
                0x1ffff2d4       0x14 ./Sources/rtos_main_task.o
                0x1ffff2d4                scheduler_count_a
 .bss.pxCurrentTCB
                0x1ffff2e8        0x4 ./SDK/rtos/FreeRTOS/src/tasks.o
                0x1ffff2e8                pxCurrentTCB
 .bss.pxReadyTasksLists
                0x1ffff2ec       0xa0 ./SDK/rtos/FreeRTOS/src/tasks.o
 .bss.xDelayedTaskList1
                0x1ffff38c       0x14 ./SDK/rtos/FreeRTOS/src/tasks.o
 .bss.xDelayedTaskList2
                0x1ffff3a0       0x14 ./SDK/rtos/FreeRTOS/src/tasks.o
 .bss.pxDelayedTaskList
                0x1ffff3b4        0x4 ./SDK/rtos/FreeRTOS/src/tasks.o
 .bss.pxOverflowDelayedTaskList
                0x1ffff3b8        0x4 ./SDK/rtos/FreeRTOS/src/tasks.o
 .bss.xPendingReadyList
                0x1ffff3bc       0x14 ./SDK/rtos/FreeRTOS/src/tasks.o
 .bss.xTasksWaitingTermination
                0x1ffff3d0       0x14 ./SDK/rtos/FreeRTOS/src/tasks.o
 .bss.uxTasksDeleted
                0x1ffff3e4        0x4 ./SDK/rtos/FreeRTOS/src/tasks.o
 .bss.xSuspendedTaskList
                0x1ffff3e8       0x14 ./SDK/rtos/FreeRTOS/src/tasks.o
 .bss.uxCurrentNumberOfTasks
                0x1ffff3fc        0x4 ./SDK/rtos/FreeRTOS/src/tasks.o
 .bss.xTickCount
                0x1ffff400        0x4 ./SDK/rtos/FreeRTOS/src/tasks.o
 .bss.uxTopReadyPriority
                0x1ffff404        0x4 ./SDK/rtos/FreeRTOS/src/tasks.o
 .bss.xSchedulerRunning
                0x1ffff408        0x4 ./SDK/rtos/FreeRTOS/src/tasks.o
 .bss.uxPendedTicks
                0x1ffff40c        0x4 ./SDK/rtos/FreeRTOS/src/tasks.o
 .bss.xYieldPending
                0x1ffff410        0x4 ./SDK/rtos/FreeRTOS/src/tasks.o
 .bss.xNumOfOverflows
                0x1ffff414        0x4 ./SDK/rtos/FreeRTOS/src/tasks.o
 .bss.uxTaskNumber
                0x1ffff418        0x4 ./SDK/rtos/FreeRTOS/src/tasks.o
 .bss.uxSchedulerSuspended
                0x1ffff41c        0x4 ./SDK/rtos/FreeRTOS/src/tasks.o
 .bss.xActiveTimerList1
                0x1ffff420       0x14 ./SDK/rtos/FreeRTOS/src/timers.o
 .bss.xActiveTimerList2
                0x1ffff434       0x14 ./SDK/rtos/FreeRTOS/src/timers.o
 .bss.pxCurrentTimerList
                0x1ffff448        0x4 ./SDK/rtos/FreeRTOS/src/timers.o
 .bss.pxOverflowTimerList
                0x1ffff44c        0x4 ./SDK/rtos/FreeRTOS/src/timers.o
 .bss.xTimerQueue
                0x1ffff450        0x4 ./SDK/rtos/FreeRTOS/src/timers.o
 .bss.xLastTime.4863
                0x1ffff454        0x4 ./SDK/rtos/FreeRTOS/src/timers.o
 .bss.xJumpBuf  0x1ffff458       0x5c ./SDK/rtos/FreeRTOS/port/gcc/port.o
 .bss.s_debugConsole
                0x1ffff4b4       0x10 ./SDK/platform/utilities/src/fsl_debug_console.o
 .bss.heap_end.5561
                0x1ffff4c4        0x4 ./SDK/platform/utilities/src/fsl_misc_utilities.o
 .bss.s_tpmClockSource
                0x1ffff4c8        0x1 ./SDK/platform/drivers/src/tpm/fsl_tpm_driver.o
 *fill*         0x1ffff4c9        0x3 
 .bss.MainTask_stack
                0x1ffff4cc        0x4 ./Generated_Code/MainTask.o
                0x1ffff4cc                MainTask_stack
 .bss.Task10Hz_stack
                0x1ffff4d0        0x4 ./Generated_Code/Task10Hz.o
                0x1ffff4d0                Task10Hz_stack
 .bss.Task1Hz_stack
                0x1ffff4d4        0x4 ./Generated_Code/Task1Hz.o
                0x1ffff4d4                Task1Hz_stack
 .bss.Task25Hz_stack
                0x1ffff4d8        0x4 ./Generated_Code/Task25Hz.o
                0x1ffff4d8                Task25Hz_stack
 .bss.Task2Hz_stack
                0x1ffff4dc        0x4 ./Generated_Code/Task2Hz.o
                0x1ffff4dc                Task2Hz_stack
 .bss.Task50Hz_stack
                0x1ffff4e0        0x4 ./Generated_Code/Task50Hz.o
                0x1ffff4e0                Task50Hz_stack
 .bss.__malloc_sbrk_start
                0x1ffff4e4        0x4 c:/freescale/kds_v3/toolchain/bin/../lib/gcc/arm-none-eabi/4.8.4/../../../../arm-none-eabi/lib/armv6-m\libg_s.a(lib_a-nano-mallocr.o)
                0x1ffff4e4                __malloc_sbrk_start
 .bss.__malloc_free_list
                0x1ffff4e8        0x4 c:/freescale/kds_v3/toolchain/bin/../lib/gcc/arm-none-eabi/4.8.4/../../../../arm-none-eabi/lib/armv6-m\libg_s.a(lib_a-nano-mallocr.o)
                0x1ffff4e8                __malloc_free_list
 *(COMMON)
 COMMON         0x1ffff4ec        0x8 ./SDK/platform/hal/src/mcg/fsl_mcg_hal.o
                0x1ffff4ec                g_xtal0ClkFreq
                0x1ffff4f0                g_xtalRtcClkFreq
 COMMON         0x1ffff4f4        0x4 ./Generated_Code/MainTask.o
                0x1ffff4f4                MainTask_task_handler
 COMMON         0x1ffff4f8        0x4 ./Generated_Code/Task10Hz.o
                0x1ffff4f8                Task10Hz_task_handler
 COMMON         0x1ffff4fc        0x4 ./Generated_Code/Task1Hz.o
                0x1ffff4fc                Task1Hz_task_handler
 COMMON         0x1ffff500        0x4 ./Generated_Code/Task25Hz.o
                0x1ffff500                Task25Hz_task_handler
 COMMON         0x1ffff504        0x4 ./Generated_Code/Task2Hz.o
                0x1ffff504                Task2Hz_task_handler
 COMMON         0x1ffff508        0x4 ./Generated_Code/Task50Hz.o
                0x1ffff508                Task50Hz_task_handler
 COMMON         0x1ffff50c        0x4 c:/freescale/kds_v3/toolchain/bin/../lib/gcc/arm-none-eabi/4.8.4/../../../../arm-none-eabi/lib/armv6-m\libg_s.a(lib_a-reent.o)
                0x1ffff50c                errno
                0x1ffff510                . = ALIGN (0x4)
                0x1ffff510                __bss_end__ = .
                0x1ffff510                __END_BSS = .

.heap           0x1ffff510     0x2000 load address 0x00006d60
                0x1ffff510                . = ALIGN (0x8)
                0x1ffff510                __end__ = .
                0x1ffff510                PROVIDE (end, .)
                0x1ffff510                __HeapBase = .
                0x20001510                . = (. + HEAP_SIZE)
 *fill*         0x1ffff510     0x2000 
                0x20001510                __HeapLimit = .

.stack          0x20001510      0x400 load address 0x00008d60
                0x20001510                . = ALIGN (0x8)
                0x20001910                . = (. + STACK_SIZE)
 *fill*         0x20001510      0x400 
                0x20003000                __StackTop = (ORIGIN (m_data) + 0x3e00)
                0x20002c00                __StackLimit = (__StackTop - STACK_SIZE)
                0x20003000                PROVIDE (__stack, __StackTop)

.ARM.attributes
                0x00000000       0x28
 *(.ARM.attributes)
 .ARM.attributes
                0x00000000       0x1e c:/freescale/kds_v3/toolchain/bin/../lib/gcc/arm-none-eabi/4.8.4/armv6-m/crti.o
 .ARM.attributes
                0x0000001e       0x2c c:/freescale/kds_v3/toolchain/bin/../lib/gcc/arm-none-eabi/4.8.4/armv6-m/crtbegin.o
 .ARM.attributes
                0x0000004a       0x1b c:/freescale/kds_v3/toolchain/bin/../lib/gcc/arm-none-eabi/4.8.4/../../../../arm-none-eabi/lib/armv6-m/crt0.o
 .ARM.attributes
                0x00000065       0x32 ./Static_Code/System/PE_low_level_init.o
 .ARM.attributes
                0x00000097       0x32 ./Sources/peripherals/RGB_LED/ledrgb_hal.o
 .ARM.attributes
                0x000000c9       0x32 ./Sources/osa_ex/src/fsl_os_abstraction_ex_free_rtos.o
 .ARM.attributes
                0x000000fb       0x32 ./Sources/Events.o
 .ARM.attributes
                0x0000012d       0x32 ./Sources/main.o
 .ARM.attributes
                0x0000015f       0x32 ./Sources/os_tasks.o
 .ARM.attributes
                0x00000191       0x32 ./Sources/rtos_main_task.o
 .ARM.attributes
                0x000001c3       0x32 ./SDK/rtos/FreeRTOS/src/heap_3.o
 .ARM.attributes
                0x000001f5       0x32 ./SDK/rtos/FreeRTOS/src/list.o
 .ARM.attributes
                0x00000227       0x32 ./SDK/rtos/FreeRTOS/src/queue.o
 .ARM.attributes
                0x00000259       0x32 ./SDK/rtos/FreeRTOS/src/tasks.o
 .ARM.attributes
                0x0000028b       0x32 ./SDK/rtos/FreeRTOS/src/timers.o
 .ARM.attributes
                0x000002bd       0x32 ./SDK/rtos/FreeRTOS/port/gcc/port.o
 .ARM.attributes
                0x000002ef       0x32 ./SDK/platform/utilities/src/fsl_debug_console.o
 .ARM.attributes
                0x00000321       0x32 ./SDK/platform/utilities/src/fsl_misc_utilities.o
 .ARM.attributes
                0x00000353       0x32 ./SDK/platform/system/src/clock/MKL25Z4/fsl_clock_MKL25Z4.o
 .ARM.attributes
                0x00000385       0x32 ./SDK/platform/system/src/clock/fsl_clock_manager_common.o
 .ARM.attributes
                0x000003b7       0x32 ./SDK/platform/osa/src/fsl_os_abstraction_free_rtos.o
 .ARM.attributes
                0x000003e9       0x32 ./SDK/platform/hal/src/uart/fsl_uart_hal.o
 .ARM.attributes
                0x0000041b       0x32 ./SDK/platform/hal/src/tpm/fsl_tpm_hal.o
 .ARM.attributes
                0x0000044d       0x32 ./SDK/platform/hal/src/mcg/fsl_mcg_hal.o
 .ARM.attributes
                0x0000047f       0x32 ./SDK/platform/hal/src/lpsci/fsl_lpsci_hal.o
 .ARM.attributes
                0x000004b1       0x32 ./SDK/platform/hal/src/gpio/fsl_gpio_hal.o
 .ARM.attributes
                0x000004e3       0x32 ./SDK/platform/drivers/src/tpm/fsl_tpm_common.o
 .ARM.attributes
                0x00000515       0x32 ./SDK/platform/drivers/src/tpm/fsl_tpm_driver.o
 .ARM.attributes
                0x00000547       0x32 ./SDK/platform/drivers/src/gpio/fsl_gpio_common.o
 .ARM.attributes
                0x00000579       0x32 ./SDK/platform/drivers/src/gpio/fsl_gpio_driver.o
 .ARM.attributes
                0x000005ab       0x1b ./SDK/platform/devices/MKL25Z4/startup/gcc/startup_MKL25Z4.o
 .ARM.attributes
                0x000005c6       0x32 ./SDK/platform/devices/MKL25Z4/startup/system_MKL25Z4.o
 .ARM.attributes
                0x000005f8       0x32 ./SDK/platform/devices/startup.o
 .ARM.attributes
                0x0000062a       0x32 ./Generated_Code/Cpu.o
 .ARM.attributes
                0x0000065c       0x32 ./Generated_Code/MainTask.o
 .ARM.attributes
                0x0000068e       0x32 ./Generated_Code/Task10Hz.o
 .ARM.attributes
                0x000006c0       0x32 ./Generated_Code/Task1Hz.o
 .ARM.attributes
                0x000006f2       0x32 ./Generated_Code/Task25Hz.o
 .ARM.attributes
                0x00000724       0x32 ./Generated_Code/Task2Hz.o
 .ARM.attributes
                0x00000756       0x32 ./Generated_Code/Task50Hz.o
 .ARM.attributes
                0x00000788       0x32 ./Generated_Code/gpio1.o
 .ARM.attributes
                0x000007ba       0x32 ./Generated_Code/hardware_init.o
 .ARM.attributes
                0x000007ec       0x32 ./Generated_Code/pin_init.o
 .ARM.attributes
                0x0000081e       0x32 ./Generated_Code/tpmTmr1.o
 .ARM.attributes
                0x00000850       0x1e c:/freescale/kds_v3/toolchain/bin/../lib/gcc/arm-none-eabi/4.8.4/armv6-m\libgcc.a(_udivsi3.o)
 .ARM.attributes
                0x0000086e       0x1e c:/freescale/kds_v3/toolchain/bin/../lib/gcc/arm-none-eabi/4.8.4/armv6-m\libgcc.a(_dvmd_tls.o)
 .ARM.attributes
                0x0000088c       0x2c c:/freescale/kds_v3/toolchain/bin/../lib/gcc/arm-none-eabi/4.8.4/../../../../arm-none-eabi/lib/armv6-m\libg_s.a(lib_a-assert.o)
 .ARM.attributes
                0x000008b8       0x2c c:/freescale/kds_v3/toolchain/bin/../lib/gcc/arm-none-eabi/4.8.4/../../../../arm-none-eabi/lib/armv6-m\libg_s.a(lib_a-errno.o)
 .ARM.attributes
                0x000008e4       0x2c c:/freescale/kds_v3/toolchain/bin/../lib/gcc/arm-none-eabi/4.8.4/../../../../arm-none-eabi/lib/armv6-m\libg_s.a(lib_a-exit.o)
 .ARM.attributes
                0x00000910       0x2c c:/freescale/kds_v3/toolchain/bin/../lib/gcc/arm-none-eabi/4.8.4/../../../../arm-none-eabi/lib/armv6-m\libg_s.a(lib_a-fprintf.o)
 .ARM.attributes
                0x0000093c       0x2c c:/freescale/kds_v3/toolchain/bin/../lib/gcc/arm-none-eabi/4.8.4/../../../../arm-none-eabi/lib/armv6-m\libg_s.a(lib_a-impure.o)
 .ARM.attributes
                0x00000968       0x2c c:/freescale/kds_v3/toolchain/bin/../lib/gcc/arm-none-eabi/4.8.4/../../../../arm-none-eabi/lib/armv6-m\libg_s.a(lib_a-init.o)
 .ARM.attributes
                0x00000994       0x2c c:/freescale/kds_v3/toolchain/bin/../lib/gcc/arm-none-eabi/4.8.4/../../../../arm-none-eabi/lib/armv6-m\libg_s.a(lib_a-malloc.o)
 .ARM.attributes
                0x000009c0       0x2c c:/freescale/kds_v3/toolchain/bin/../lib/gcc/arm-none-eabi/4.8.4/../../../../arm-none-eabi/lib/armv6-m\libg_s.a(lib_a-memcpy-stub.o)
 .ARM.attributes
                0x000009ec       0x2c c:/freescale/kds_v3/toolchain/bin/../lib/gcc/arm-none-eabi/4.8.4/../../../../arm-none-eabi/lib/armv6-m\libg_s.a(lib_a-memset.o)
 .ARM.attributes
                0x00000a18       0x2c c:/freescale/kds_v3/toolchain/bin/../lib/gcc/arm-none-eabi/4.8.4/../../../../arm-none-eabi/lib/armv6-m\libg_s.a(lib_a-nano-freer.o)
 .ARM.attributes
                0x00000a44       0x2c c:/freescale/kds_v3/toolchain/bin/../lib/gcc/arm-none-eabi/4.8.4/../../../../arm-none-eabi/lib/armv6-m\libg_s.a(lib_a-nano-mallocr.o)
 .ARM.attributes
                0x00000a70       0x2c c:/freescale/kds_v3/toolchain/bin/../lib/gcc/arm-none-eabi/4.8.4/../../../../arm-none-eabi/lib/armv6-m\libg_s.a(lib_a-sbrkr.o)
 .ARM.attributes
                0x00000a9c       0x1c c:/freescale/kds_v3/toolchain/bin/../lib/gcc/arm-none-eabi/4.8.4/../../../../arm-none-eabi/lib/armv6-m\libg_s.a(lib_a-setjmp.o)
 .ARM.attributes
                0x00000ab8       0x2c c:/freescale/kds_v3/toolchain/bin/../lib/gcc/arm-none-eabi/4.8.4/../../../../arm-none-eabi/lib/armv6-m\libg_s.a(lib_a-strlen.o)
 .ARM.attributes
                0x00000ae4       0x2c c:/freescale/kds_v3/toolchain/bin/../lib/gcc/arm-none-eabi/4.8.4/../../../../arm-none-eabi/lib/armv6-m\libg_s.a(lib_a-vfprintf.o)
 .ARM.attributes
                0x00000b10       0x2c c:/freescale/kds_v3/toolchain/bin/../lib/gcc/arm-none-eabi/4.8.4/../../../../arm-none-eabi/lib/armv6-m\libg_s.a(lib_a-vfprintf_i.o)
 .ARM.attributes
                0x00000b3c       0x2c c:/freescale/kds_v3/toolchain/bin/../lib/gcc/arm-none-eabi/4.8.4/../../../../arm-none-eabi/lib/armv6-m\libg_s.a(lib_a-wbuf.o)
 .ARM.attributes
                0x00000b68       0x2c c:/freescale/kds_v3/toolchain/bin/../lib/gcc/arm-none-eabi/4.8.4/../../../../arm-none-eabi/lib/armv6-m\libg_s.a(lib_a-wsetup.o)
 .ARM.attributes
                0x00000b94       0x2c c:/freescale/kds_v3/toolchain/bin/../lib/gcc/arm-none-eabi/4.8.4/../../../../arm-none-eabi/lib/armv6-m\libg_s.a(lib_a-abort.o)
 .ARM.attributes
                0x00000bc0       0x2c c:/freescale/kds_v3/toolchain/bin/../lib/gcc/arm-none-eabi/4.8.4/../../../../arm-none-eabi/lib/armv6-m\libg_s.a(lib_a-fflush.o)
 .ARM.attributes
                0x00000bec       0x2c c:/freescale/kds_v3/toolchain/bin/../lib/gcc/arm-none-eabi/4.8.4/../../../../arm-none-eabi/lib/armv6-m\libg_s.a(lib_a-findfp.o)
 .ARM.attributes
                0x00000c18       0x2c c:/freescale/kds_v3/toolchain/bin/../lib/gcc/arm-none-eabi/4.8.4/../../../../arm-none-eabi/lib/armv6-m\libg_s.a(lib_a-makebuf.o)
 .ARM.attributes
                0x00000c44       0x2c c:/freescale/kds_v3/toolchain/bin/../lib/gcc/arm-none-eabi/4.8.4/../../../../arm-none-eabi/lib/armv6-m\libg_s.a(lib_a-memchr-stub.o)
 .ARM.attributes
                0x00000c70       0x2c c:/freescale/kds_v3/toolchain/bin/../lib/gcc/arm-none-eabi/4.8.4/../../../../arm-none-eabi/lib/armv6-m\libg_s.a(lib_a-reent.o)
 .ARM.attributes
                0x00000c9c       0x2c c:/freescale/kds_v3/toolchain/bin/../lib/gcc/arm-none-eabi/4.8.4/../../../../arm-none-eabi/lib/armv6-m\libg_s.a(lib_a-signal.o)
 .ARM.attributes
                0x00000cc8       0x2c c:/freescale/kds_v3/toolchain/bin/../lib/gcc/arm-none-eabi/4.8.4/../../../../arm-none-eabi/lib/armv6-m\libg_s.a(lib_a-signalr.o)
 .ARM.attributes
                0x00000cf4       0x2c c:/freescale/kds_v3/toolchain/bin/../lib/gcc/arm-none-eabi/4.8.4/../../../../arm-none-eabi/lib/armv6-m\libg_s.a(lib_a-stdio.o)
 .ARM.attributes
                0x00000d20       0x2c c:/freescale/kds_v3/toolchain/bin/../lib/gcc/arm-none-eabi/4.8.4/../../../../arm-none-eabi/lib/armv6-m\libg_s.a(lib_a-writer.o)
 .ARM.attributes
                0x00000d4c       0x2c c:/freescale/kds_v3/toolchain/bin/../lib/gcc/arm-none-eabi/4.8.4/../../../../arm-none-eabi/lib/armv6-m\libg_s.a(lib_a-closer.o)
 .ARM.attributes
                0x00000d78       0x2c c:/freescale/kds_v3/toolchain/bin/../lib/gcc/arm-none-eabi/4.8.4/../../../../arm-none-eabi/lib/armv6-m\libg_s.a(lib_a-fstatr.o)
 .ARM.attributes
                0x00000da4       0x2c c:/freescale/kds_v3/toolchain/bin/../lib/gcc/arm-none-eabi/4.8.4/../../../../arm-none-eabi/lib/armv6-m\libg_s.a(lib_a-isattyr.o)
 .ARM.attributes
                0x00000dd0       0x2c c:/freescale/kds_v3/toolchain/bin/../lib/gcc/arm-none-eabi/4.8.4/../../../../arm-none-eabi/lib/armv6-m\libg_s.a(lib_a-lseekr.o)
 .ARM.attributes
                0x00000dfc       0x2c c:/freescale/kds_v3/toolchain/bin/../lib/gcc/arm-none-eabi/4.8.4/../../../../arm-none-eabi/lib/armv6-m\libg_s.a(lib_a-readr.o)
 .ARM.attributes
                0x00000e28       0x2c c:/freescale/kds_v3/toolchain/bin/../lib/gcc/arm-none-eabi/4.8.4/../../../../arm-none-eabi/lib/armv6-m\libnosys.a(close.o)
 .ARM.attributes
                0x00000e54       0x2c c:/freescale/kds_v3/toolchain/bin/../lib/gcc/arm-none-eabi/4.8.4/../../../../arm-none-eabi/lib/armv6-m\libnosys.a(fstat.o)
 .ARM.attributes
                0x00000e80       0x2c c:/freescale/kds_v3/toolchain/bin/../lib/gcc/arm-none-eabi/4.8.4/../../../../arm-none-eabi/lib/armv6-m\libnosys.a(getpid.o)
 .ARM.attributes
                0x00000eac       0x2c c:/freescale/kds_v3/toolchain/bin/../lib/gcc/arm-none-eabi/4.8.4/../../../../arm-none-eabi/lib/armv6-m\libnosys.a(isatty.o)
 .ARM.attributes
                0x00000ed8       0x2c c:/freescale/kds_v3/toolchain/bin/../lib/gcc/arm-none-eabi/4.8.4/../../../../arm-none-eabi/lib/armv6-m\libnosys.a(kill.o)
 .ARM.attributes
                0x00000f04       0x2c c:/freescale/kds_v3/toolchain/bin/../lib/gcc/arm-none-eabi/4.8.4/../../../../arm-none-eabi/lib/armv6-m\libnosys.a(lseek.o)
 .ARM.attributes
                0x00000f30       0x2c c:/freescale/kds_v3/toolchain/bin/../lib/gcc/arm-none-eabi/4.8.4/../../../../arm-none-eabi/lib/armv6-m\libnosys.a(_exit.o)
 .ARM.attributes
                0x00000f5c       0x2c c:/freescale/kds_v3/toolchain/bin/../lib/gcc/arm-none-eabi/4.8.4/armv6-m/crtend.o
 .ARM.attributes
                0x00000f88       0x1e c:/freescale/kds_v3/toolchain/bin/../lib/gcc/arm-none-eabi/4.8.4/armv6-m/crtn.o
OUTPUT(kl25z.elf elf32-littlearm)

.debug_info     0x00000000     0xe7da
 .debug_info    0x00000000       0xf3 ./Static_Code/System/PE_low_level_init.o
 .debug_info    0x000000f3      0x3db ./Sources/peripherals/RGB_LED/ledrgb_hal.o
 .debug_info    0x000004ce      0x144 ./Sources/osa_ex/src/fsl_os_abstraction_ex_free_rtos.o
 .debug_info    0x00000612      0x146 ./Sources/Events.o
 .debug_info    0x00000758      0x194 ./Sources/main.o
 .debug_info    0x000008ec      0x24d ./Sources/os_tasks.o
 .debug_info    0x00000b39      0x24d ./Sources/rtos_main_task.o
 .debug_info    0x00000d86       0xe0 ./SDK/rtos/FreeRTOS/src/heap_3.o
 .debug_info    0x00000e66      0x2a1 ./SDK/rtos/FreeRTOS/src/list.o
 .debug_info    0x00001107      0xaff ./SDK/rtos/FreeRTOS/src/queue.o
 .debug_info    0x00001c06     0x12e1 ./SDK/rtos/FreeRTOS/src/tasks.o
 .debug_info    0x00002ee7      0x964 ./SDK/rtos/FreeRTOS/src/timers.o
 .debug_info    0x0000384b      0x29e ./SDK/rtos/FreeRTOS/port/gcc/port.o
 .debug_info    0x00003ae9      0xa71 ./SDK/platform/utilities/src/fsl_debug_console.o
 .debug_info    0x0000455a      0x16b ./SDK/platform/utilities/src/fsl_misc_utilities.o
 .debug_info    0x000046c5     0x17c9 ./SDK/platform/system/src/clock/MKL25Z4/fsl_clock_MKL25Z4.o
 .debug_info    0x00005e8e      0x462 ./SDK/platform/system/src/clock/fsl_clock_manager_common.o
 .debug_info    0x000062f0      0xe95 ./SDK/platform/osa/src/fsl_os_abstraction_free_rtos.o
 .debug_info    0x00007185      0x83e ./SDK/platform/hal/src/uart/fsl_uart_hal.o
 .debug_info    0x000079c3      0x50b ./SDK/platform/hal/src/tpm/fsl_tpm_hal.o
 .debug_info    0x00007ece      0xc53 ./SDK/platform/hal/src/mcg/fsl_mcg_hal.o
 .debug_info    0x00008b21      0x947 ./SDK/platform/hal/src/lpsci/fsl_lpsci_hal.o
 .debug_info    0x00009468      0x2f0 ./SDK/platform/hal/src/gpio/fsl_gpio_hal.o
 .debug_info    0x00009758      0x2c7 ./SDK/platform/drivers/src/tpm/fsl_tpm_common.o
 .debug_info    0x00009a1f     0x1359 ./SDK/platform/drivers/src/tpm/fsl_tpm_driver.o
 .debug_info    0x0000ad78      0x397 ./SDK/platform/drivers/src/gpio/fsl_gpio_common.o
 .debug_info    0x0000b10f      0xe80 ./SDK/platform/drivers/src/gpio/fsl_gpio_driver.o
 .debug_info    0x0000bf8f       0x75 ./SDK/platform/devices/MKL25Z4/startup/gcc/startup_MKL25Z4.o
 .debug_info    0x0000c004      0x672 ./SDK/platform/devices/MKL25Z4/startup/system_MKL25Z4.o
 .debug_info    0x0000c676      0x296 ./SDK/platform/devices/startup.o
 .debug_info    0x0000c90c      0x8c2 ./Generated_Code/Cpu.o
 .debug_info    0x0000d1ce      0x182 ./Generated_Code/MainTask.o
 .debug_info    0x0000d350      0x182 ./Generated_Code/Task10Hz.o
 .debug_info    0x0000d4d2      0x182 ./Generated_Code/Task1Hz.o
 .debug_info    0x0000d654      0x182 ./Generated_Code/Task25Hz.o
 .debug_info    0x0000d7d6      0x182 ./Generated_Code/Task2Hz.o
 .debug_info    0x0000d958      0x182 ./Generated_Code/Task50Hz.o
 .debug_info    0x0000dada      0x1bd ./Generated_Code/gpio1.o
 .debug_info    0x0000dc97      0x3cf ./Generated_Code/hardware_init.o
 .debug_info    0x0000e066      0x5bd ./Generated_Code/pin_init.o
 .debug_info    0x0000e623      0x1b7 ./Generated_Code/tpmTmr1.o

.debug_abbrev   0x00000000     0x30a4
 .debug_abbrev  0x00000000       0x75 ./Static_Code/System/PE_low_level_init.o
 .debug_abbrev  0x00000075      0x11f ./Sources/peripherals/RGB_LED/ledrgb_hal.o
 .debug_abbrev  0x00000194       0xb3 ./Sources/osa_ex/src/fsl_os_abstraction_ex_free_rtos.o
 .debug_abbrev  0x00000247       0xa5 ./Sources/Events.o
 .debug_abbrev  0x000002ec       0xa7 ./Sources/main.o
 .debug_abbrev  0x00000393       0xa5 ./Sources/os_tasks.o
 .debug_abbrev  0x00000438       0xe4 ./Sources/rtos_main_task.o
 .debug_abbrev  0x0000051c       0xa2 ./SDK/rtos/FreeRTOS/src/heap_3.o
 .debug_abbrev  0x000005be       0xc1 ./SDK/rtos/FreeRTOS/src/list.o
 .debug_abbrev  0x0000067f      0x142 ./SDK/rtos/FreeRTOS/src/queue.o
 .debug_abbrev  0x000007c1      0x204 ./SDK/rtos/FreeRTOS/src/tasks.o
 .debug_abbrev  0x000009c5      0x194 ./SDK/rtos/FreeRTOS/src/timers.o
 .debug_abbrev  0x00000b59      0x140 ./SDK/rtos/FreeRTOS/port/gcc/port.o
 .debug_abbrev  0x00000c99      0x23a ./SDK/platform/utilities/src/fsl_debug_console.o
 .debug_abbrev  0x00000ed3       0xc4 ./SDK/platform/utilities/src/fsl_misc_utilities.o
 .debug_abbrev  0x00000f97      0x2f2 ./SDK/platform/system/src/clock/MKL25Z4/fsl_clock_MKL25Z4.o
 .debug_abbrev  0x00001289       0xde ./SDK/platform/system/src/clock/fsl_clock_manager_common.o
 .debug_abbrev  0x00001367      0x221 ./SDK/platform/osa/src/fsl_os_abstraction_free_rtos.o
 .debug_abbrev  0x00001588      0x1ee ./SDK/platform/hal/src/uart/fsl_uart_hal.o
 .debug_abbrev  0x00001776      0x1c5 ./SDK/platform/hal/src/tpm/fsl_tpm_hal.o
 .debug_abbrev  0x0000193b      0x237 ./SDK/platform/hal/src/mcg/fsl_mcg_hal.o
 .debug_abbrev  0x00001b72      0x211 ./SDK/platform/hal/src/lpsci/fsl_lpsci_hal.o
 .debug_abbrev  0x00001d83      0x11b ./SDK/platform/hal/src/gpio/fsl_gpio_hal.o
 .debug_abbrev  0x00001e9e       0xc0 ./SDK/platform/drivers/src/tpm/fsl_tpm_common.o
 .debug_abbrev  0x00001f5e      0x28e ./SDK/platform/drivers/src/tpm/fsl_tpm_driver.o
 .debug_abbrev  0x000021ec       0xc0 ./SDK/platform/drivers/src/gpio/fsl_gpio_common.o
 .debug_abbrev  0x000022ac      0x27a ./SDK/platform/drivers/src/gpio/fsl_gpio_driver.o
 .debug_abbrev  0x00002526       0x14 ./SDK/platform/devices/MKL25Z4/startup/gcc/startup_MKL25Z4.o
 .debug_abbrev  0x0000253a      0x121 ./SDK/platform/devices/MKL25Z4/startup/system_MKL25Z4.o
 .debug_abbrev  0x0000265b       0xe9 ./SDK/platform/devices/startup.o
 .debug_abbrev  0x00002744      0x172 ./Generated_Code/Cpu.o
 .debug_abbrev  0x000028b6       0xb0 ./Generated_Code/MainTask.o
 .debug_abbrev  0x00002966       0xb0 ./Generated_Code/Task10Hz.o
 .debug_abbrev  0x00002a16       0xb0 ./Generated_Code/Task1Hz.o
 .debug_abbrev  0x00002ac6       0xb0 ./Generated_Code/Task25Hz.o
 .debug_abbrev  0x00002b76       0xb0 ./Generated_Code/Task2Hz.o
 .debug_abbrev  0x00002c26       0xb0 ./Generated_Code/Task50Hz.o
 .debug_abbrev  0x00002cd6       0xa7 ./Generated_Code/gpio1.o
 .debug_abbrev  0x00002d7d      0x10c ./Generated_Code/hardware_init.o
 .debug_abbrev  0x00002e89      0x174 ./Generated_Code/pin_init.o
 .debug_abbrev  0x00002ffd       0xa7 ./Generated_Code/tpmTmr1.o

.debug_aranges  0x00000000     0x1180
 .debug_aranges
                0x00000000       0x28 ./Static_Code/System/PE_low_level_init.o
 .debug_aranges
                0x00000028       0x68 ./Sources/peripherals/RGB_LED/ledrgb_hal.o
 .debug_aranges
                0x00000090       0x20 ./Sources/osa_ex/src/fsl_os_abstraction_ex_free_rtos.o
 .debug_aranges
                0x000000b0       0x20 ./Sources/Events.o
 .debug_aranges
                0x000000d0       0x20 ./Sources/main.o
 .debug_aranges
                0x000000f0       0x48 ./Sources/os_tasks.o
 .debug_aranges
                0x00000138       0x20 ./Sources/rtos_main_task.o
 .debug_aranges
                0x00000158       0x28 ./SDK/rtos/FreeRTOS/src/heap_3.o
 .debug_aranges
                0x00000180       0x40 ./SDK/rtos/FreeRTOS/src/list.o
 .debug_aranges
                0x000001c0       0xe0 ./SDK/rtos/FreeRTOS/src/queue.o
 .debug_aranges
                0x000002a0      0x1a0 ./SDK/rtos/FreeRTOS/src/tasks.o
 .debug_aranges
                0x00000440       0xa0 ./SDK/rtos/FreeRTOS/src/timers.o
 .debug_aranges
                0x000004e0       0xa0 ./SDK/rtos/FreeRTOS/port/gcc/port.o
 .debug_aranges
                0x00000580       0xa0 ./SDK/platform/utilities/src/fsl_debug_console.o
 .debug_aranges
                0x00000620       0x28 ./SDK/platform/utilities/src/fsl_misc_utilities.o
 .debug_aranges
                0x00000648      0x210 ./SDK/platform/system/src/clock/MKL25Z4/fsl_clock_MKL25Z4.o
 .debug_aranges
                0x00000858       0x18 ./SDK/platform/system/src/clock/fsl_clock_manager_common.o
 .debug_aranges
                0x00000870      0x148 ./SDK/platform/osa/src/fsl_os_abstraction_free_rtos.o
 .debug_aranges
                0x000009b8       0xb0 ./SDK/platform/hal/src/uart/fsl_uart_hal.o
 .debug_aranges
                0x00000a68       0x60 ./SDK/platform/hal/src/tpm/fsl_tpm_hal.o
 .debug_aranges
                0x00000ac8       0xf0 ./SDK/platform/hal/src/mcg/fsl_mcg_hal.o
 .debug_aranges